07-22 14:11:15.814  1052  1052 E audit   : type=1400 audit(1690027875.807:124848): avc:  granted  { execute } for  pid=17007 comm="SDLThread" path="/data/data/org.mark.easyweatherapp/files/app/_python_bundle/modules/select.cpython-310.so" dev="dm-49" ino=74935 scontext=u:r:untrusted_app_30:s0:c51,c258,c512,c768 tcontext=u:object_r:app_data_file:s0:c51,c258,c512,c768 tclass=file SEPF_SM-S901B_12_0001 audit_filtered
07-22 14:11:15.816 17007 17007 I ViewRootImpl@e142d24[PythonActivity]: MSG_WINDOW_FOCUS_CHANGED 1 0
07-22 14:11:15.816 17007 17007 I ViewRootImpl@e142d24[PythonActivity]: mThreadedRenderer.initializeIfNeeded()#2 mSurface={isValid=true 0xb40000727ff11ae0}
07-22 14:11:15.817 17007 17007 V SDL     : onWindowFocusChanged(): true
07-22 14:11:15.817 17007 17007 D InputMethodManager: startInputInner - Id : 0
07-22 14:11:15.817 17007 17007 I InputMethodManager: startInputInner - mService.startInputOrWindowGainedFocus
07-22 14:11:15.817  1173  1173 D SurfaceFlinger: Display 4633128672291735999 HWC layers:
07-22 14:11:15.817  1173  1173 D SurfaceFlinger:      CLIENT | 0xb40000769698eed0 | 0100 | RGBA_8888    |    0.0  630.0 2340.0 1710.0 |    0    0 1080 2340 | Wallpaper BBQ wrapper#91
07-22 14:11:15.817  1173  1173 D SurfaceFlinger:      CLIENT | 0xb4000076969862d0 | 0100 | RGBA_8888    |    0.0    0.0 1080.0 2340.0 |    0    0 1080 2340 | com.sec.android.app.launcher/com.sec[...]erActivity$_2985#66055 (blurRegions)
07-22 14:11:15.817  1173  1173 D SurfaceFlinger:      CLIENT |              | 0002 |  Unknown  |    0.0    0.0    0.0    0.0 |   20  409  853 2033 | Background for SurfaceView[org.mark.[...]kivy.android.PythonActivity]@0#66075
07-22 14:11:15.817  1173  1173 D SurfaceFlinger:      CLIENT | 0xb40000769698cf50 | 0100 | RGBA_8888    |    0.0    0.0 1080.0 2340.0 |   20  347  853 2151 | org.mark.easyweatherapp/org.kivy.android.PythonActivity$_17007#66069
07-22 14:11:15.817  1173  1173 D SurfaceFlinger:      CLIENT | 0xb4000076969800d0 | 0100 | RGBA_8888    |    0.0    0.0 1080.0 2340.0 |   20  347  853 2151 | Splash Screen org.mark.easyweatherapp$_2431#66063
07-22 14:11:15.817  1173  1173 D SurfaceFlinger:      DEVICE | 0xb400007696986650 | 0100 | RGBA_8888    |    0.0    0.0 1080.0   81.0 |    0    0 1080   81 | StatusBar$_2431#99
07-22 14:11:15.817  1173  1173 D SurfaceFlinger:      DEVICE | 0xb40
07-22 14:11:15.817  1173  1173 D SurfaceFlinger: 0007696981250 | 0100 | RGBA_8888    |    0.0    0.0   67.0  341.0 | 1013  336 1080  677 | com.samsung.android.app.cocktailbars[...]rvice.CocktailBarService$_4985#65510
07-22 14:11:15.817  1173  1173 D SurfaceFlinger:      DEVICE | 0xb40000769698e0d0 | 0100 | RGBA_8888    |    0.0    0.0 1080.0  153.0 |    0 2187 1080 2340 | NavigationBar0$_2431#94
07-22 14:11:15.817  1173  1173 D SurfaceFlinger:
07-22 14:11:15.818  2985  5885 I ViewRootImpl@88d560[LauncherActivity]: mWNT: t=0xb4000071b0130c30 mBlastBufferQueue=0xb4000071effaba70 fn= 23 caller= com.android.systemui.shared.launcher.ViewRootImplCompat.mergeWithNextTransaction:2 com.android.quickstep.util.SurfaceTransactionApplier.lambda$scheduleApply$0:2 com.android.quickstep.util.SurfaceTransactionApplier.b:0
07-22 14:11:15.818  1523  2514 D CompatibilityChangeReporter: Compat change id reported: 214016041; UID 10563; state: DISABLED
07-22 14:11:15.818  1523  2514 V InputMethodManagerService: Unspecified window will hide input
07-22 14:11:15.818  1523  2514 V InputMethodManagerService: hideCurrentInputLocked : canceled, shouldHideSoftInput=false, mInputShown=false, mImeWindowVis=0
07-22 14:11:15.818  1523  2514 I InputMethodBindingController: setCurrentMethodNotVisible: mVisibleBound=false, mHasConnection=true, caller = com.android.server.inputmethod.InputMethodManagerService.hideCurrentInputLocked:4339 com.android.server.inputmethod.InputMethodManagerService.startInputOrWindowGainedFocusInternalLocked:4645 com.android.server.inputmethod.InputMethodManagerService.startInputOrWindowGainedFocusInternal:4423 com.android.server.inputmethod.InputMethodManagerService.startInputOrWindowGainedFocus:4362 com.android.internal.view.IInputMethodManager$Stub.onTransact:518 com.android.server.inputmethod.InputMethodManagerService.onTransact:2285 android.os.Binder.execTransactInternal:1316 android.os.Binder.execTransact:1280 <bottom of call stack> <bottom of call stack>
07-22 14:11:15.818  1523  2514 D InputMethodManagerService: DESKTOP MODE! : 2
07-22 14:11:15.818  1523  2514 D InputMethodManagerService: NOT IN KNOX DESKTOP MODE!
07-22 14:11:15.818  1523  2514 V InputMethodManagerService: getDisplayIdOfInputMethodWindowToBeAdded: displayId=0
07-22 14:11:15.818  1523  2514 V InputMethodManagerService: Creating new session for client ClientState{af902a5 uid=10563 pid=17007 displayId=0}
07-22 14:11:15.818  1523  2514 D InputTransport: Input channel constructed: 'ClientS', fd=989
07-22 14:11:15.818  1523  2514 D InputTransport: Input channel constructed: 'ClientS', fd=997
07-22 14:11:15.819  1523  2514 D InputTransport: Input channel destroyed: 'ClientS', fd=997
07-22 14:11:15.821  1523  2514 D ActivityManagerPerformance: AMP_release() ACT_RESUME
07-22 14:11:15.821  1523  2514 I SemDvfsHyPerManager: acquire hyper - AMS_RESUME_TAIL/1523@26, type = -999
07-22 14:11:15.821  1523  4047 D InputMethodManagerService: isImeSwitcherDisabledPackage : false
07-22 14:11:15.821  1523  2514 I SemDvfsHyPerManager: acquire hyper - AMS_ACT_LAZY/1523@27, type = -999
07-22 14:11:15.821  1523  2514 D ActivityManagerPerformance: AMP_acquire() TAIL
07-22 14:11:15.821  1523  2514 D ActivityManagerPerformance: AMP_release() APP_SWITCH
07-22 14:11:15.822  1523  4047 D InputMethodManagerService: shouldShowImeSwitcherLocked : checking vis : 3
07-22 14:11:15.823  1523  4047 D InputMethodManagerService: checkDisplayOfStartInputAndUpdateKeyboard: displayId=0, mFocusedDisplayId=0
07-22 14:11:15.823  1523  4047 D InputTransport: Input channel constructed: 'ClientS', fd=1010
07-22 14:11:15.823  1104  1231 I HYPER-HAL: [RequestManager.cpp]releaseLocked(): Released ID : 1205157
07-22 14:11:15.823  1523  4047 D InputTransport: Input channel destroyed: 'ClientS', fd=1010
07-22 14:11:15.823  1104  1231 I HYPER-HAL: [RequestManager.cpp]acquire(): Acquired ID : 1200501  [1523 / 26]    HINT : AMS_RESUME_TAIL    list :
07-22 14:11:15.823 17007 17007 D InputMethodManager: startInputInner - Id : 0
07-22 14:11:15.824  1523  5107 D RestrictionPolicy: isScreenCaptureEnabled : ret=true userId=0
07-22 14:11:15.824  5807  5807 I HBD     : HoneyBoardService onFinishInput
07-22 14:11:15.824  1104  1231 I HYPER-HAL: [ResourceManager.cpp]removeResource(): [CPULittleMinFreq] RemoveResource Request ID : 1203604
07-22 14:11:15.824  1523  5107 I WindowManager: Cancelling animation restarting=true, leash=Surface(name=Surface(name=8982113 InputMethod)/@0x12ad07c - animation-leash of insets_animation)/@0xe9ba823
07-22 14:11:15.824  1523  5107 I WindowManager: Reparenting to original parent: Surface(name=WindowToken{39867e5 type=2011 android.os.Binder@974dadc})/@0xa6bd43b, destroy=false, surface=Surface(name=8982113 InputMethod)/@0x12ad07c
07-22 14:11:15.824  1523  5107 I WindowManager: Reparenting to leash, surface=Surface(name=8982113 InputMethod)/@0x12ad07c, leashParent=Surface(name=WindowToken{39867e5 type=2011 android.os.Binder@974dadc})/@0xa6bd43b
07-22 14:11:15.824  5807  5807 I HBD     : a IC have been unbinding,  RemoteInputConnection{idHash=#f1b867e}
07-22 14:11:15.824  1173  1889 I SurfaceFlinger: id=66077 createSurf flag=24004, Surface(name=8982113 InputMethod)/@0x12ad07c - animation-leash of insets_animation#66077
07-22 14:11:15.824  5807  5807 I HBD     : HoneyBoardService [PF_CL][onFinishInput]  0 ms
07-22 14:11:15.825  1523  5107 D WindowManager: makeSurface duration=0 leash=Surface(name=Surface(name=8982113 InputMethod)/@0x12ad07c - animation-leash of insets_animation)/@0x5497ad2
07-22 14:11:15.825  5807  5807 I HBD     : HoneyBoardService [IMI] onStartInput - caller pid : 17007 , caller uid : 10563
07-22 14:11:15.825  1104  1231 I HYPER-HAL: [RequestManager.cpp]releaseLocked(): Released ID : 1203604
07-22 14:11:15.825  5807  5807 I HBD     : j updateConfigs
07-22 14:11:15.825  5807  5807 I HBD     : j isEnabledNightMode : false
07-22 14:11:15.825  5807  5807 I HBD     : a IC have been binding, RemoteInputConnection{idHash=#526d7df}
07-22 14:11:15.825  5807  5807 I HBD     : h [EditorInputType]setPrivateImeOptionsToTable privateImeOptions ( null )
07-22 14:11:15.825  5807  5807 I HBD     : b incognitoMode : false
07-22 14:11:15.825  5807  5807 I HBD     : a needOff = true , isForceOff = false, isNullInputClass : true
07-22 14:11:15.825  5807  5807 I HBD     : h getDefaultInputRange : UNKNOWN
07-22 14:11:15.825  5807  5807 I HBD     : h getDefaultInputRange : UNKNOWN
07-22 14:11:15.825  5807  5807 I HBD     : h getDefaultInputRange : UNKNOWN
07-22 14:11:15.826  1173  1173 I Layer   : id=66059 removeFromCurrentState Surface(name=8982113 InputMethod)/@0x12ad07c - animation-leash of insets_animation#66059 (136)
07-22 14:11:15.827  1173  3030 I SurfaceFlinger: id=66059 Removed Surface(name=8982113 InputMethod)/@0x12ad07c - animation-leash of insets_animation#66059 (136)
07-22 14:11:15.827  2985  5886 I ViewRootImpl@88d560[LauncherActivity]: mWNT: t=0xb4000071b0132190 mBlastBufferQueue=0xb4000071effaba70 fn= 24 caller= com.android.systemui.shared.launcher.ViewRootImplCompat.mergeWithNextTransaction:2 com.android.quickstep.util.SurfaceTransactionApplier.lambda$scheduleApply$0:2 com.android.quickstep.util.SurfaceTransactionApplier.b:0
07-22 14:11:15.828  5807  5807 I HBD     : a needOff = true , isForceOff = false, isNullInputClass : true
07-22 14:11:15.828  5807  5807 I HBD     : a update cached prediction status : false
07-22 14:11:15.828  1523  4047 D InputMethodManagerService: isImeSwitcherDisabledPackage : false
07-22 14:11:15.829  5807  5807 I HBD     : h getDefaultInputRange : UNKNOWN
07-22 14:11:15.829  5807  5807 I HBD     : a currentState : 0
07-22 14:11:15.829  5807  5807 I HBD     : a [UpdatePolicy] [post] a: 0 cl: 1441799 kit: [0/2] vt: 0 ir: 1
07-22 14:11:15.829  5807  5807 I HBD     : a [NRIC] resetNoResponseState
07-22 14:11:15.829  5807  5807 I HBD     : a needOff = true , isForceOff = false, isNullInputClass : true
07-22 14:11:15.829  5807  5807 I HBD     : a update cached prediction status : false
07-22 14:11:15.830  1523  1603 I GestureDetector: handleMessage TAP
07-22 14:11:15.830  5807  5807 I HBD     : HoneyBoardService [PF_OP][onStartInput]  5 ms
07-22 14:11:15.831  1523  1523 I GestureDetector: handleMessage TAP
07-22 14:11:15.832  5807  5807 I InputMethodService: removeImeSurface
07-22 14:11:15.832  5807  5807 I MSHandlerLifeCycle: check: return. pkg=com.samsung.android.honeyboard isActivity=false callers=com.android.internal.policy.DecorView.setVisibility:4416 android.app.Dialog.hide:767 android.inputmethodservice.InputMethodService.removeImeSurface:1290 android.inputmethodservice.InputMethodService.scheduleImeSurfaceRemoval:1279 android.inputmethodservice.InputMethodService.-$$Nest$mscheduleImeSurfaceRemoval:0
07-22 14:11:15.832  5807  5807 I MSHandlerLifeCycle: removeMultiSplitHandler: no exist. decor=DecorView@bf3c4d8[InputMethod]
07-22 14:11:15.834  2985  5885 I ViewRootImpl@88d560[LauncherActivity]: mWNT: t=0xb4000071aff9edb0 mBlastBufferQueue=0xb4000071effaba70 fn= 25 caller= com.android.systemui.shared.launcher.ViewRootImplCompat.mergeWithNextTransaction:2 com.android.quickstep.util.SurfaceTransactionApplier.lambda$scheduleApply$0:2 com.android.quickstep.util.SurfaceTransactionApplier.b:0
07-22 14:11:15.834  1173  1173 I Layer   : id=66059 Destroyed Surface(name=8982113 InputMethod)/@0x12ad07c - animation-leash of insets_animation#66059
07-22 14:11:15.842  2985  5886 I ViewRootImpl@88d560[LauncherActivity]: mWNT: t=0xb4000071b000bfb0 mBlastBufferQueue=0xb4000071effaba70 fn= 26 caller= com.android.systemui.shared.launcher.ViewRootImplCompat.mergeWithNextTransaction:2 com.android.quickstep.util.SurfaceTransactionApplier.lambda$scheduleApply$0:2 com.android.quickstep.util.SurfaceTransactionApplier.b:0
07-22 14:11:15.845  2431  2591 D MobileStatusTracker(0/1): onSignalStrengthsChanged level=2, vendorLevel=1
07-22 14:11:15.846  2431  2591 D MobileSignalController(0/1): notifyListener: enabled=true, connected=true, dataConnected=false, networkType=LTE (4G), emergencyOnly=false, roaming=false, isDefault=false, dataActivity=, level=1, ca=false, mmWave=false, disabledDataIcon=false, simCard=ETC
07-22 14:11:15.846  2431  2591 D NetworkController: SignalStrength from intent slotId=0
07-22 14:11:15.851  2985  5885 I ViewRootImpl@88d560[LauncherActivity]: mWNT: t=0xb4000071b00cdb10 mBlastBufferQueue=0xb4000071effaba70 fn= 27 caller= com.android.systemui.shared.launcher.ViewRootImplCompat.mergeWithNextTransaction:2 com.android.quickstep.util.SurfaceTransactionApplier.lambda$scheduleApply$0:2 com.android.quickstep.util.SurfaceTransactionApplier.b:0
07-22 14:11:15.858  1523  2778 V MdnieScenarioControlService: mAclOffEnabled : false mAclPreviewState : false mAclCompensationState : false
07-22 14:11:15.859  2985  5886 I ViewRootImpl@88d560[LauncherActivity]: mWNT: t=0xb4000071b0135790 mBlastBufferQueue=0xb4000071effaba70 fn= 28 caller= com.android.systemui.shared.launcher.ViewRootImplCompat.mergeWithNextTransaction:2 com.android.quickstep.util.SurfaceTransactionApplier.lambda$scheduleApply$0:2 com.android.quickstep.util.SurfaceTransactionApplier.b:0
07-22 14:11:15.866  4763  5083 D KnoxHelper: getActivityList callingUserId: 0, target user: 0
07-22 14:11:15.867  4763  5083 D KnoxHelper: getActivityList callingUserId: 0, target user: 0
07-22 14:11:15.868  2985  5885 I ViewRootImpl@88d560[LauncherActivity]: mWNT: t=0xb4000071aff5c0f0 mBlastBufferQueue=0xb4000071effaba70 fn= 29 caller= com.android.systemui.shared.launcher.ViewRootImplCompat.mergeWithNextTransaction:2 com.android.quickstep.util.SurfaceTransactionApplier.lambda$scheduleApply$0:2 com.android.quickstep.util.SurfaceTransactionApplier.b:0
07-22 14:11:15.868  4763  5083 D KnoxHelper: getActivityList callingUserId: 0, target user: 0
07-22 14:11:15.869  4763  5083 D KnoxHelper: getActivityList callingUserId: 0, target user: 0
07-22 14:11:15.869  4763  5083 D KnoxHelper: getActivityList callingUserId: 0, target user: 0
07-22 14:11:15.870  4763  5083 D KnoxHelper: getActivityList callingUserId: 0, target user: 0
07-22 14:11:15.870  4763  5083 D KnoxHelper: getActivityList callingUserId: 0, target user: 0
07-22 14:11:15.871  4763  5083 D KnoxHelper: getActivityList callingUserId: 0, target user: 0
07-22 14:11:15.871  4763  5083 D KnoxHelper: getActivityList callingUserId: 0, target user: 0
07-22 14:11:15.872  4763  5083 D KnoxHelper: getActivityList callingUserId: 0, target user: 0
07-22 14:11:15.872  4763  5083 D KnoxHelper: getActivityList callingUserId: 0, target user: 0
07-22 14:11:15.873  4763  5083 D KnoxHelper: getActivityList callingUserId: 0, target user: 0
07-22 14:11:15.873  4763  5083 D KnoxHelper: getActivityList callingUserId: 0, target user: 0
07-22 14:11:15.874  4763  5083 D KnoxHelper: getActivityList callingUserId: 0, target user: 0
07-22 14:11:15.874  4763  5083 D KnoxHelper: getActivityList callingUserId: 0, target user: 0
07-22 14:11:15.875  4763  5083 D KnoxHelper: getActivityList callingUserId: 0, target user: 0
07-22 14:11:15.875  4763  5083 D KnoxHelper: getActivityList callingUserId: 0, target user: 0
07-22 14:11:15.876  4763  5083 D KnoxHelper: getActivityList callingUserId: 0, target user: 0
07-22 14:11:15.876  2985  5886 I ViewRootImpl@88d560[LauncherActivity]: mWNT: t=0xb4000071b003b950 mBlastBufferQueue=0xb4000071effaba70 fn= 30 caller= com.android.systemui.shared.launcher.ViewRootImplCompat.mergeWithNextTransaction:2 com.android.quickstep.util.SurfaceTransactionApplier.lambda$scheduleApply$0:2 com.android.quickstep.util.SurfaceTransactionApplier.b:0
07-22 14:11:15.876  4763  5083 D KnoxHelper: getActivityList callingUserId: 0, target user: 0
07-22 14:11:15.877  4763  5083 D KnoxHelper: getActivityList callingUserId: 0, target user: 0
07-22 14:11:15.877  4763  5083 D KnoxHelper: getActivityList callingUserId: 0, target user: 0
07-22 14:11:15.878  4763  5083 D KnoxHelper: getActivityList callingUserId: 0, target user: 0
07-22 14:11:15.878  4763  5083 D KnoxHelper: getActivityList callingUserId: 0, target user: 0
07-22 14:11:15.879  4763  5083 D KnoxHelper: getActivityList callingUserId: 0, target user: 0
07-22 14:11:15.879  4763  5083 D KnoxHelper: getActivityList callingUserId: 0, target user: 0
07-22 14:11:15.880  4763  5083 D KnoxHelper: getActivityList callingUserId: 0, target user: 0
07-22 14:11:15.880  4763  5083 D KnoxHelper: getActivityList callingUserId: 0, target user: 0
07-22 14:11:15.883  4763  5083 D KnoxHelper: getActivityList callingUserId: 0, target user: 0
07-22 14:11:15.883  4763  5083 D KnoxHelper: getActivityList callingUserId: 0, target user: 0
07-22 14:11:15.884  4763  5083 D KnoxHelper: getActivityList callingUserId: 0, target user: 0
07-22 14:11:15.884  4763  5083 D KnoxHelper: getActivityList callingUserId: 0, target user: 0
07-22 14:11:15.884  2985  5885 I ViewRootImpl@88d560[LauncherActivity]: mWNT: t=0xb4000071b00a36f0 mBlastBufferQueue=0xb4000071effaba70 fn= 31 caller= com.android.systemui.shared.launcher.ViewRootImplCompat.mergeWithNextTransaction:2 com.android.quickstep.util.SurfaceTransactionApplier.lambda$scheduleApply$0:2 com.android.quickstep.util.SurfaceTransactionApplier.b:0
07-22 14:11:15.885  4763  5083 D KnoxHelper: getActivityList callingUserId: 0, target user: 0
07-22 14:11:15.885  4763  5083 D KnoxHelper: getActivityList callingUserId: 0, target user: 0
07-22 14:11:15.886  4763  5083 D KnoxHelper: getActivityList callingUserId: 0, target user: 0
07-22 14:11:15.886  4763  5083 D KnoxHelper: getActivityList callingUserId: 0, target user: 0
07-22 14:11:15.887  4763  5083 D KnoxHelper: getActivityList callingUserId: 0, target user: 0
07-22 14:11:15.887  4763  5083 D KnoxHelper: getActivityList callingUserId: 0, target user: 0
07-22 14:11:15.889  2985  3326 I AppInfo : set ComponentInfo{org.mark.easyweatherapp/org.kivy.android.PythonActivity} app progress level to 100
07-22 14:11:15.889  2985  3326 I AppInfo : set ComponentInfo{com.orange.mail.fr/com.orange.mail.fr.mail.app.MailListActivity} app progress level to 100
07-22 14:11:15.889  2985  3326 I AppInfo : set ComponentInfo{com.facebook.orca/com.facebook.orca.auth.StartScreenActivity} app progress level to 100
07-22 14:11:15.890  2985  3326 I AppInfo : set ComponentInfo{com.facebook.katana/com.facebook.katana.LoginActivity} app progress level to 100
07-22 14:11:15.890  2985  3326 I AppInfo : set ComponentInfo{com.samsung.android.dialer/com.samsung.android.dialer.DialtactsActivity} app progress level to 100
07-22 14:11:15.891  2985  3326 I AppInfo : set ComponentInfo{com.android.chrome/com.google.android.apps.chrome.Main} app progress level to 100
07-22 14:11:15.891  2985  3326 I AppInfo : set ComponentInfo{com.zzkko/com.shein.welcome.WelcomeActivity} app progress level to 100
07-22 14:11:15.891  2985  3326 I AppInfo : set ComponentInfo{com.google.android.apps.maps/com.google.android.maps.MapsActivity} app progress level to 100
07-22 14:11:15.892  2985  3326 I AppInfo : set ComponentInfo{com.sec.android.gallery3d/com.samsung.android.gallery.app.activity.GalleryActivity} app progress level to 100
07-22 14:11:15.892  2985  2985 W SuggestedAppsManager: pending predictedApps : 9
07-22 14:11:15.893  2985  5886 I ViewRootImpl@88d560[LauncherActivity]: mWNT: t=0xb4000071b012d750 mBlastBufferQueue=0xb4000071effaba70 fn= 32 caller= com.android.systemui.shared.launcher.ViewRootImplCompat.mergeWithNextTransaction:2 com.android.quickstep.util.SurfaceTransactionApplier.lambda$scheduleApply$0:2 com.android.quickstep.util.SurfaceTransactionApplier.b:0
07-22 14:11:15.894  2985  3326 I SuggestedItemsFacade: updateItems : 9
07-22 14:11:15.894  2985  3326 I SuggestedItemsFacade: DPS items : EasyWeather, ComponentInfo{org.mark.easyweatherapp/org.kivy.android.PythonActivity}
07-22 14:11:15.894  2985  3326 I SuggestedItemsFacade: DPS items : Mail Orange, ComponentInfo{com.orange.mail.fr/com.orange.mail.fr.mail.app.MailListActivity}
07-22 14:11:15.894  2985  3326 I SuggestedItemsFacade: DPS items : Messenger, ComponentInfo{com.facebook.orca/com.facebook.orca.auth.StartScreenActivity}
07-22 14:11:15.894  2985  3326 I SuggestedItemsFacade: DPS items : Facebook, ComponentInfo{com.facebook.katana/com.facebook.katana.LoginActivity}
07-22 14:11:15.894  2985  3326 I SuggestedItemsFacade: DPS items : Tlphone, ComponentInfo{com.samsung.android.dialer/com.samsung.android.dialer.DialtactsActivity}
07-22 14:11:15.894  2985  3326 I SuggestedItemsFacade: DPS items : Chrome, ComponentInfo{com.android.chrome/com.google.android.apps.chrome.Main}
07-22 14:11:15.894  2985  3326 I SuggestedItemsFacade: DPS items : SHEIN, ComponentInfo{com.zzkko/com.shein.welcome.WelcomeActivity}
07-22 14:11:15.894  2985  3326 I SuggestedItemsFacade: DPS items : Maps, ComponentInfo{com.google.android.apps.maps/com.google.android.maps.MapsActivity}
07-22 14:11:15.894  2985  3326 I SuggestedItemsFacade: DPS items : Galerie, ComponentInfo{com.sec.android.gallery3d/com.samsung.android.gallery.app.activity.GalleryActivity}
07-22 14:11:15.901  2985  5885 I ViewRootImpl@88d560[LauncherActivity]: mWNT: t=0xb4000071b0055e10 mBlastBufferQueue=0xb4000071effaba70 fn= 33 caller= com.android.systemui.shared.launcher.ViewRootImplCompat.mergeWithNextTransaction:2 com.android.quickstep.util.SurfaceTransactionApplier.lambda$scheduleApply$0:2 com.android.quickstep.util.SurfaceTransactionApplier.b:0
07-22 14:11:15.909  2985  5886 I ViewRootImpl@88d560[LauncherActivity]: mWNT: t=0xb4000071b009a030 mBlastBufferQueue=0xb4000071effaba70 fn= 34 caller= com.android.systemui.shared.launcher.ViewRootImplCompat.mergeWithNextTransaction:2 com.android.quickstep.util.SurfaceTransactionApplier.lambda$scheduleApply$0:2 com.android.quickstep.util.SurfaceTransactionApplier.b:0
07-22 14:11:15.918  2985  5885 I ViewRootImpl@88d560[LauncherActivity]: mWNT: t=0xb4000071b00c6070 mBlastBufferQueue=0xb4000071effaba70 fn= 35 caller= com.android.systemui.shared.launcher.ViewRootImplCompat.mergeWithNextTransaction:2 com.android.quickstep.util.SurfaceTransactionApplier.lambda$scheduleApply$0:2 com.android.quickstep.util.SurfaceTransactionApplier.b:0
07-22 14:11:15.924 17007 17041 I python  : [INFO   ] [Logger      ] Record log in /data/user/0/org.mark.easyweatherapp/files/app/.kivy/logs/kivy_23-07-22_13.txt
07-22 14:11:15.924 17007 17041 I python  : [INFO   ] [Kivy        ] v2.2.0
07-22 14:11:15.924 17007 17041 I python  : [INFO   ] [Kivy        ] Installed at "/data/user/0/org.mark.easyweatherapp/files/app/_python_bundle/site-packages/kivy/__init__.pyc"
07-22 14:11:15.924 17007 17041 I python  : [INFO   ] [Python      ] v3.10.10 (main, Jul 18 2023, 20:08:21) [Clang 14.0.6 (https://android.googlesource.com/toolchain/llvm-project 4c603efb0
07-22 14:11:15.924 17007 17041 I python  : [INFO   ] [Python      ] Interpreter at ""
07-22 14:11:15.924 17007 17041 I python  : [INFO   ] [Logger      ] Purge log fired. Processing...
07-22 14:11:15.925 17007 17041 I python  : [INFO   ] [Logger      ] Purge finished!
07-22 14:11:15.926  2431  2583 I ViewRootImpl@565e94a[easyweatherapp]: mWNT: t=0xb4000071b016bd30 mBlastBufferQueue=0xb4000071f011ebf0 fn= 2 caller= android.view.SyncRtSurfaceTransactionApplier.applyTransaction:96 android.view.SyncRtSurfaceTransactionApplier.lambda$scheduleApply$0$android-view-SyncRtSurfaceTransactionApplier:69 android.view.SyncRtSurfaceTransactionApplier$$ExternalSyntheticLambda0.onFrameDraw:4
07-22 14:11:15.926  2431  2583 I ViewRootImpl@565e94a[easyweatherapp]: mWNT: t=0xb4000071b010dbf0 mBlastBufferQueue=0xb4000071f011ebf0 fn= 2 caller= android.view.SyncRtSurfaceTransactionApplier.applyTransaction:96 android.view.SyncRtSurfaceTransactionApplier.lambda$scheduleApply$0$android-view-SyncRtSurfaceTransactionApplier:69 android.view.SyncRtSurfaceTransactionApplier$$ExternalSyntheticLambda0.onFrameDraw:4
07-22 14:11:15.926  2985  5886 I ViewRootImpl@88d560[LauncherActivity]: mWNT: t=0xb4000071aff3eab0 mBlastBufferQueue=0xb4000071effaba70 fn= 36 caller= com.android.systemui.shared.launcher.ViewRootImplCompat.mergeWithNextTransaction:2 com.android.quickstep.util.SurfaceTransactionApplier.lambda$scheduleApply$0:2 com.android.quickstep.util.SurfaceTransactionApplier.b:0
07-22 14:11:15.934  2431  2582 I ViewRootImpl@565e94a[easyweatherapp]: mWNT: t=0xb4000071b0505e70 mBlastBufferQueue=0xb4000071f011ebf0 fn= 3 caller= android.view.SyncRtSurfaceTransactionApplier.applyTransaction:96 android.view.SyncRtSurfaceTransactionApplier.lambda$scheduleApply$0$android-view-SyncRtSurfaceTransactionApplier:69 android.view.SyncRtSurfaceTransactionApplier$$ExternalSyntheticLambda0.onFrameDraw:4
07-22 14:11:15.935  2985  5885 I ViewRootImpl@88d560[LauncherActivity]: mWNT: t=0xb4000071b00a6630 mBlastBufferQueue=0xb4000071effaba70 fn= 37 caller= com.android.systemui.shared.launcher.ViewRootImplCompat.mergeWithNextTransaction:2 com.android.quickstep.util.SurfaceTransactionApplier.lambda$scheduleApply$0:2 com.android.quickstep.util.SurfaceTransactionApplier.b:0
07-22 14:11:15.936  4985  4985 I Utils   : isCurrentUser current = 0, ownerId = 0
07-22 14:11:15.936  4985  4985 I TrayVisibilityController: getComputedTrayVisible : keyguardState = 1
07-22 14:11:15.936  4985  4985 I TrayVisibilityController: updateTrayVisible: State=1 visible=1 mCurrentVisible=1 specificMode=0
07-22 14:11:15.936  4985  4985 I TrayStateController: onNotifyUpdateTray: state=0
07-22 14:11:15.942  2431  2583 I ViewRootImpl@565e94a[easyweatherapp]: mWNT: t=0xb4000071b04f8af0 mBlastBufferQueue=0xb4000071f011ebf0 fn= 4 caller= android.view.SyncRtSurfaceTransactionApplier.applyTransaction:96 android.view.SyncRtSurfaceTransactionApplier.lambda$scheduleApply$0$android-view-SyncRtSurfaceTransactionApplier:69 android.view.SyncRtSurfaceTransactionApplier$$ExternalSyntheticLambda0.onFrameDraw:4
07-22 14:11:15.943  2985  5886 I ViewRootImpl@88d560[LauncherActivity]: mWNT: t=0xb4000071aff9f7d0 mBlastBufferQueue=0xb4000071effaba70 fn= 38 caller= com.android.systemui.shared.launcher.ViewRootImplCompat.mergeWithNextTransaction:2 com.android.quickstep.util.SurfaceTransactionApplier.lambda$scheduleApply$0:2 com.android.quickstep.util.SurfaceTransactionApplier.b:0
07-22 14:11:15.951  2431  2582 I ViewRootImpl@565e94a[easyweatherapp]: mWNT: t=0xb4000071b00bec90 mBlastBufferQueue=0xb4000071f011ebf0 fn= 5 caller= android.view.SyncRtSurfaceTransactionApplier.applyTransaction:96 android.view.SyncRtSurfaceTransactionApplier.lambda$scheduleApply$0$android-view-SyncRtSurfaceTransactionApplier:69 android.view.SyncRtSurfaceTransactionApplier$$ExternalSyntheticLambda0.onFrameDraw:4
07-22 14:11:15.951  2985  5885 I ViewRootImpl@88d560[LauncherActivity]: mWNT: t=0xb4000071b008e570 mBlastBufferQueue=0xb4000071effaba70 fn= 39 caller= com.android.systemui.shared.launcher.ViewRootImplCompat.mergeWithNextTransaction:2 com.android.quickstep.util.SurfaceTransactionApplier.lambda$scheduleApply$0:2 com.android.quickstep.util.SurfaceTransactionApplier.b:0
07-22 14:11:15.959  2431  2583 I ViewRootImpl@565e94a[easyweatherapp]: mWNT: t=0xb4000071b0498910 mBlastBufferQueue=0xb4000071f011ebf0 fn= 6 caller= android.view.SyncRtSurfaceTransactionApplier.applyTransaction:96 android.view.SyncRtSurfaceTransactionApplier.lambda$scheduleApply$0$android-view-SyncRtSurfaceTransactionApplier:69 android.view.SyncRtSurfaceTransactionApplier$$ExternalSyntheticLambda0.onFrameDraw:4
07-22 14:11:15.960  2985  5886 I ViewRootImpl@88d560[LauncherActivity]: mWNT: t=0xb4000071aff6b090 mBlastBufferQueue=0xb4000071effaba70 fn= 40 caller= com.android.systemui.shared.launcher.ViewRootImplCompat.mergeWithNextTransaction:2 com.android.quickstep.util.SurfaceTransactionApplier.lambda$scheduleApply$0:2 com.android.quickstep.util.SurfaceTransactionApplier.b:0
07-22 14:11:15.967  2431  2582 I ViewRootImpl@565e94a[easyweatherapp]: mWNT: t=0xb4000071b051f7f0 mBlastBufferQueue=0xb4000071f011ebf0 fn= 7 caller= android.view.SyncRtSurfaceTransactionApplier.applyTransaction:96 android.view.SyncRtSurfaceTransactionApplier.lambda$scheduleApply$0$android-view-SyncRtSurfaceTransactionApplier:69 android.view.SyncRtSurfaceTransactionApplier$$ExternalSyntheticLambda0.onFrameDraw:4
07-22 14:11:15.968  2985  5885 I ViewRootImpl@88d560[LauncherActivity]: mWNT: t=0xb4000071aff99710 mBlastBufferQueue=0xb4000071effaba70 fn= 41 caller= com.android.systemui.shared.launcher.ViewRootImplCompat.mergeWithNextTransaction:2 com.android.quickstep.util.SurfaceTransactionApplier.lambda$scheduleApply$0:2 com.android.quickstep.util.SurfaceTransactionApplier.b:0
07-22 14:11:15.976  1523  4047 I AppOps  : updateUidProcState uid: 10043 procState: 0 capability:15
07-22 14:11:15.977  2985  5886 I ViewRootImpl@88d560[LauncherActivity]: mWNT: t=0xb4000071b0121ff0 mBlastBufferQueue=0xb4000071effaba70 fn= 42 caller= com.android.systemui.shared.launcher.ViewRootImplCompat.mergeWithNextTransaction:2 com.android.quickstep.util.SurfaceTransactionApplier.lambda$scheduleApply$0:2 com.android.quickstep.util.SurfaceTransactionApplier.b:0
07-22 14:11:15.977  1305  4100 I CameraService: onUidStateChanged: uid=10043, procState is changed. (1 -> 0)
07-22 14:11:15.977  2431  2525 D OpenGLRenderer: setSurface called with nullptr
07-22 14:11:15.977  2431  2525 D OpenGLRenderer: setSurface() destroyed EGLSurface
07-22 14:11:15.977  2431  2525 D OpenGLRenderer: destroyEglSurface
07-22 14:11:15.980  2431  2523 I ViewRootImpl@565e94a[easyweatherapp]: performTraversals params={(0,0)(fillxfill) sim={adjust=pan} ty=APPLICATION_STARTING fmt=TRANSLUCENT wanim=0x1030001 alpha=0.0
07-22 14:11:15.980  2431  2523 I ViewRootImpl@565e94a[easyweatherapp]:   fl=81030118
07-22 14:11:15.980  2431  2523 I ViewRootImpl@565e94a[easyweatherapp]:   pfl=16000010
07-22 14:11:15.980  2431  2523 I ViewRootImpl@565e94a[easyweatherapp]:   bhv=DEFAULT
07-22 14:11:15.980  2431  2523 I ViewRootImpl@565e94a[easyweatherapp]:   fitSides= naviIconColor=0}
07-22 14:11:15.980  2431  2523 I ViewRootImpl@565e94a[easyweatherapp]: performTraversals mFirst=false windowShouldResize=false viewVisibilityChanged=true mForceNextWindowRelayout=false params={(0,0)(fillxfill) sim={adjust=pan} ty=APPLICATION_STARTING fmt=TRANSLUCENT wanim=0x1030001 alpha=0.0
07-22 14:11:15.980  2431  2523 I ViewRootImpl@565e94a[easyweatherapp]:   fl=81030118
07-22 14:11:15.980  2431  2523 I ViewRootImpl@565e94a[easyweatherapp]:   pfl=16000010
07-22 14:11:15.980  2431  2523 I ViewRootImpl@565e94a[easyweatherapp]:   bhv=DEFAULT
07-22 14:11:15.980  2431  2523 I ViewRootImpl@565e94a[easyweatherapp]:   fitSides= naviIconColor=0}
07-22 14:11:15.980  1523  4047 V WindowManager: Relayout Window{5de3f3 u0 Splash Screen org.mark.easyweatherapp}: viewVisibility=8 req=1080x2340 d0
07-22 14:11:15.980  1523  4047 D WindowManager: Set animatingExit: reason=startExitingAnimation/isExitAnimationRunningSelfOrParent win=Window{5de3f3 u0 Splash Screen org.mark.easyweatherapp EXITING}
07-22 14:11:15.981  1523  4047 D WindowManager: updateSystemBarAttributes: displayId=0, win=Window{892003b u0 org.mark.easyweatherapp/org.kivy.android.PythonActivity}, navColorWin=Window{892003b u0 org.mark.easyweatherapp/org.kivy.android.PythonActivity}, focusedCanBeNavColorWin=false, behavior=1, appearance=16, statusBarAppearanceRegions=[AppearanceRegion{ bounds=[0,0][1080,2340]}], requestedVisibilities=, from=com.android.server.wm.DisplayPolicy.finishPostLayoutPolicyLw:2527 com.android.server.wm.DisplayContent.applySurfaceChangesTransaction:5713 com.android.server.wm.RootWindowContainer.applySurfaceChangesTransaction:1234
07-22 14:11:15.981  2431  2431 D NavigationBar: onSystemBarAttributesChanged() -  displayId:0, appearance:16, packageName: org.mark.easyweatherapp (APPEARANCE_LIGHT_NAVIGATION_BARS ), navbarColorManagedByIme:false
07-22 14:11:15.981  2431  2431 D SamsungLightBarControlHelper: updateNavigation(Black button) isLightBar:false, hasLightBarNavigationBarFlag:true, packageName:org.mark.easyweatherapp, DirectReplying:false, NavBarColorManagerdByIme:false, ForceDarkForScrim:false, QsCustomizing:false, PanelHasWhiteBg:true
07-22 14:11:15.982  1523  4047 V WindowManager: Relayout hash=5de3f3, pid=2431, syncId=-1: mAttrs={(0,0)(fillxfill) sim={adjust=pan} ty=APPLICATION_STARTING fmt=TRANSLUCENT wanim=0x1030001 alpha=0.0
07-22 14:11:15.982  1523  4047 V WindowManager:   fl=81030118
07-22 14:11:15.982  1523  4047 V WindowManager:   pfl=16000010
07-22 14:11:15.982  1523  4047 V WindowManager:   bhv=DEFAULT
07-22 14:11:15.982  1523  4047 V WindowManager:   fitSides= naviIconColor=0}
07-22 14:11:15.982  2431  2523 I ViewRootImpl@565e94a[easyweatherapp]: Relayout returned: old=(0,0,1080,2340) new=(0,0,1080,2340) req=(1080,2340)8 dur=2 res=0x2 s={false 0x0} ch=true seqId=0
07-22 14:11:15.983  2431  2523 I ViewRootImpl@565e94a[easyweatherapp]: dispatchDetachedFromWindow
07-22 14:11:15.983  1523  5112 D CoreBackPreview: Window{5de3f3 u0 Splash Screen org.mark.easyweatherapp EXITING}: Setting back callback null
07-22 14:11:15.983  1523  2514 D WindowManager: Starting window removed Window{5de3f3 u0 Splash Screen org.mark.easyweatherapp EXITING}
07-22 14:11:15.983  1523  2514 I WindowManager: Cancelling animation restarting=false, leash=Surface(name=Surface(name=892003b org.mark.easyweatherapp/org.kivy.android.PythonActivity)/@0xe8640e9 - animation-leash of starting_reveal)/@0x16ae00f
07-22 14:11:15.983  1523  2514 I WindowManager: Reparenting to original parent: Surface(name=ActivityRecord{d91200a u0 org.mark.easyweatherapp/org.kivy.android.PythonActivity} t12620})/@0x426d16e, destroy=false, surface=Surface(name=892003b org.mark.easyweatherapp/org.kivy.android.PythonActivity)/@0xe8640e9
07-22 14:11:15.983  1523  2514 D InputTransport: Input channel destroyed: '5de3f3 ', fd=918
07-22 14:11:15.983  1523  2514 W InputManager-JNI: Input channel object '5de3f3 Splash Screen org.mark.easyweatherapp (client)' was disposed without first being removed with the input manager!
07-22 14:11:15.983  1523  2514 D InputTransport: Input channel destroyed: '5de3f3 ', fd=952
07-22 14:11:15.983  1523  2514 V WindowManager: Remove Window{5de3f3 u0 Splash Screen org.mark.easyweatherapp EXITING}: mSurfaceController=Surface(name=Splash Screen org.mark.easyweatherapp$_2431)/@0x663523d mAnimatingExit=true mRemoveOnExit=false mHasSurface=true surfaceShowing=true animating=true app-animation=true mWillReplaceWindow=false mDisplayFrozen=false callers=com.android.server.wm.WindowState.removeIfPossible:3041 com.android.server.wm.WindowManagerService.removeWindow:2282 com.android.server.wm.Session.remove:236 android.view.IWindowSession$Stub.onTransact:743 com.android.server.wm.Session.onTransact:188 android.os.Binder.execTransactInternal:1321
07-22 14:11:15.984  2431  2523 D InputTransport: Input channel destroyed: '5de3f3 ', fd=256
07-22 14:11:15.985  1173  1173 I Layer   : id=66076 removeFromCurrentState Surface(name=892003b org.mark.easyweatherapp/org.kivy.android.PythonActivity)/@0xe8640e9 - animation-leash of starting_reveal#66076 (135)
07-22 14:11:15.985  2985  5885 I ViewRootImpl@88d560[LauncherActivity]: mWNT: t=0xb4000071b00f0130 mBlastBufferQueue=0xb4000071effaba70 fn= 43 caller= com.android.systemui.shared.launcher.ViewRootImplCompat.mergeWithNextTransaction:2 com.android.quickstep.util.SurfaceTransactionApplier.lambda$scheduleApply$0:2 com.android.quickstep.util.SurfaceTransactionApplier.b:0
07-22 14:11:15.993  1173  1173 D SurfaceFlinger: Display 4633128672291735999 HWC layers:
07-22 14:11:15.993  1173  1173 D SurfaceFlinger:      CLIENT | 0xb40000769698eed0 | 0100 | RGBA_8888    |    0.0  630.0 2340.0 1710.0 |    0    0 1080 2340 | Wallpaper BBQ wrapper#91
07-22 14:11:15.993  1173  1173 D SurfaceFlinger:      CLIENT | 0xb40000769698b190 | 0100 | RGBA_8888    |    0.0    0.0 1080.0 2340.0 |    0    0 1080 2340 | com.sec.android.app.launcher/com.sec[...]erActivity$_2985#66055 (blurRegions)
07-22 14:11:15.993  1173  1173 D SurfaceFlinger:      CLIENT |              | 0002 |  Unknown  |    0.0    0.0    0.0    0.0 |    1   90 1074 2183 | Background for SurfaceView[org.mark.[...]kivy.android.PythonActivity]@0#66075
07-22 14:11:15.993  1173  1173 D SurfaceFlinger:      CLIENT | 0xb40000769697ddd0 | 0100 | RGBA_8888    |    0.0    0.0 1080.0 2340.0 |    1   10 1074 2335 | org.mark.easyweatherapp/org.kivy.android.PythonActivity$_17007#66069
07-22 14:11:15.993  1173  1173 D SurfaceFlinger:      DEVICE | 0xb400007696986650 | 0100 | RGBA_8888    |    0.0    0.0 1080.0   81.0 |    0    0 1080   81 | StatusBar$_2431#99
07-22 14:11:15.993  1173  1173 D SurfaceFlinger:      DEVICE | 0xb400007696981250 | 0100 | RGBA_8888    |    0.0    0.0   67.0  341.0 | 1013  336 1080  677 | com.samsung.android.app.cocktailbars[...]rvice.CocktailBarService$_49
07-22 14:11:15.993  1173  1173 D SurfaceFlinger: 85#65510
07-22 14:11:15.993  1173  1173 D SurfaceFlinger:      DEVICE | 0xb40000769698e0d0 | 0100 | RGBA_8888    |    0.0    0.0 1080.0  153.0 |    0 2187 1080 2340 | NavigationBar0$_2431#94
07-22 14:11:15.993  1173  1173 D SurfaceFlinger:
07-22 14:11:15.993  2985  5886 I ViewRootImpl@88d560[LauncherActivity]: mWNT: t=0xb4000071b00e0ad0 mBlastBufferQueue=0xb4000071effaba70 fn= 44 caller= com.android.systemui.shared.launcher.ViewRootImplCompat.mergeWithNextTransaction:2 com.android.quickstep.util.SurfaceTransactionApplier.lambda$scheduleApply$0:2 com.android.quickstep.util.SurfaceTransactionApplier.b:0
07-22 14:11:16.001  2985  5885 I ViewRootImpl@88d560[LauncherActivity]: mWNT: t=0xb4000071b00dd050 mBlastBufferQueue=0xb4000071effaba70 fn= 45 caller= com.android.systemui.shared.launcher.ViewRootImplCompat.mergeWithNextTransaction:2 com.android.quickstep.util.SurfaceTransactionApplier.lambda$scheduleApply$0:2 com.android.quickstep.util.SurfaceTransactionApplier.b:0
07-22 14:11:16.010  2985  5886 I ViewRootImpl@88d560[LauncherActivity]: mWNT: t=0xb4000071b0137cb0 mBlastBufferQueue=0xb4000071effaba70 fn= 46 caller= com.android.systemui.shared.launcher.ViewRootImplCompat.mergeWithNextTransaction:2 com.android.quickstep.util.SurfaceTransactionApplier.lambda$scheduleApply$0:2 com.android.quickstep.util.SurfaceTransactionApplier.b:0
07-22 14:11:16.019  2985  5885 I ViewRootImpl@88d560[LauncherActivity]: mWNT: t=0xb4000071b01350d0 mBlastBufferQueue=0xb4000071effaba70 fn= 47 caller= com.android.systemui.shared.launcher.ViewRootImplCompat.mergeWithNextTransaction:2 com.android.quickstep.util.SurfaceTransactionApplier.lambda$scheduleApply$0:2 com.android.quickstep.util.SurfaceTransactionApplier.b:0
07-22 14:11:16.026  2985  2985 W AppTransitionAnimatorImpl: onAnimationEnd - APP IN, Execution time for each frame : Start-(15)-0-(8)-1-(8)-0-(8)-1-(7)-1-(8)-0-(8)-1-(7)-1-(8)-0-(8)-1-(8)-0-(8)-0-(8)-1-(8)-0-(8)-1-(8)-0-(8)-0-(8)-1-(8)-0-(8)-0-(8)-1-(8)-0-(8)-0-(8)-1-(8)-0-(8)-1-(8)-0-(8)-0-(8)-1-(8)-0-(8)-0-(8)-1-(8)-0-(8)-1-(8)-0-(8)-0-(8)-1-(8)-0-(8)-0-(8)-1-(8)-0-(9)-0-(8)-0-End
07-22 14:11:16.026  2985  2985 I AnimationResult: AnimationResult finish : onAnimationEnd
07-22 14:11:16.026  2985  2985 I AnimationResult: finish : false, com.android.launcher3.g@ec8cc66
07-22 14:11:16.026  2985  3325 I AnimationResult: finish callback : com.android.launcher3.g@ec8cc66
07-22 14:11:16.027  1523  2514 D WindowManager: app-onAnimationFinished(): mOuter=RemoteAnimationController@ef22427
07-22 14:11:16.027  1523  2514 D WindowManager: onAnimationFinished(RemoteAnimationController@ef22427): mPendingAnimations=2, caller=
07-22 14:11:16.027  1523  2514 D WindowManager: app-release(): mOuter=RemoteAnimationController@ef22427
07-22 14:11:16.027  1523  2514 D WindowManager: onAnimationFinished(): Notify animation finished:
07-22 14:11:16.027  1523  2514 I WindowManager: Reparenting to original parent: Surface(name=DefaultTaskDisplayArea)/@0x79dda26, destroy=true, surface=Surface(name=Task=12620)/@0xaf0f141
07-22 14:11:16.027  2985  5886 I ViewRootImpl@88d560[LauncherActivity]: mWNT: t=0xb4000071b00b9a70 mBlastBufferQueue=0xb4000071effaba70 fn= 48 caller= com.android.systemui.shared.launcher.ViewRootImplCompat.mergeWithNextTransaction:2 com.android.quickstep.util.SurfaceTransactionApplier.lambda$scheduleApply$0:2 com.android.quickstep.util.SurfaceTransactionApplier.b:0
07-22 14:11:16.027  2985  2985 I AppTransitionAnimatorImpl: resetContentView
07-22 14:11:16.028  1523  2514 E WindowManager: win=Window{5de3f3 u0 Splash Screen org.mark.easyweatherapp EXITING} destroySurfaces: appStopped=false cleanupOnResume=false win.mWindowRemovalAllowed=true win.mRemoveOnExit=true win.mViewVisibility=8 caller=com.android.server.wm.WindowState.onExitAnimationDone:5983 com.android.server.wm.ActivityRecord$$ExternalSyntheticLambda10.accept:2 java.util.ArrayList.forEach:1262 com.android.server.wm.ActivityRecord.onAnimationFinished:8607 com.android.server.wm.WindowContainer.doAnimationFinished:3483 com.android.server.wm.WindowContainer.onAnimationFinished:3495 com.android.server.wm.Task.onAnimationFinished:8634
07-22 14:11:16.028  1523  2514 I WindowManager: Destroying surface Surface(name=Splash Screen org.mark.easyweatherapp$_2431)/@0x663523d called by com.android.server.wm.WindowStateAnimator.destroySurface:942 com.android.server.wm.WindowStateAnimator.destroySurfaceLocked:536 com.android.server.wm.WindowState.destroySurfaceUnchecked:4306 com.android.server.wm.WindowState.destroySurface:4280 com.android.server.wm.WindowState.onExitAnimationDone:5983 com.android.server.wm.ActivityRecord$$ExternalSyntheticLambda10.accept:2 java.util.ArrayList.forEach:1262 com.android.server.wm.ActivityRecord.onAnimationFinished:8607
07-22 14:11:16.029  1523  2514 D WindowManager:         container=Task{70926f1 #12620 type=standard A=10563:org.mark.easyweatherapp U=0 visible=true visibleRequested=true mode=fullscreen translucent=false sz=1}
07-22 14:11:16.029  1523  2514 I WindowManager: Reparenting to original parent: Surface(name=DefaultTaskDisplayArea)/@0x79dda26, destroy=true, surface=Surface(name=Task=1)/@0xe759981
07-22 14:11:16.029  1523  2514 V WindowManager: Setting visibility of Window{4aa2f9f u0 com.sec.android.app.launcher/com.sec.android.app.launcher.activities.LauncherActivity}: false, caller=com.android.server.wm.WindowContainer.sendAppVisibilityToClients:1246 com.android.server.wm.WindowToken.setClientVisible:431 com.android.server.wm.ActivityRecord.setClientVisible:7691 com.android.server.wm.ActivityRecord.onAnimationFinished:8590 com.android.server.wm.WindowContainer.doAnimationFinished:3483
07-22 14:11:16.029  1523  2514 V WindowManager: Setting visibility of Window{cf7c043 u0 com.sec.android.app.launcher/com.sec.android.app.launcher.activities.LauncherActivity}: false, caller=com.android.server.wm.WindowContainer.sendAppVisibilityToClients:1246 com.android.server.wm.WindowToken.setClientVisible:431 com.android.server.wm.ActivityRecord.setClientVisible:7691 com.android.server.wm.ActivityRecord.onAnimationFinished:8590 com.android.server.wm.WindowContainer.doAnimationFinished:3483
07-22 14:11:16.029  4652  4652 I ViewRootImpl@9a77b58[LauncherActivity]: handleAppVisibility mAppVisible = true visible = false
07-22 14:11:16.029  1523  2514 D WindowManager:         container=Task{d900606 #1 type=home ?? U=0 visible=false visibleRequested=false mode=fullscreen translucent=true sz=1}
07-22 14:11:16.029  1523  2514 I WindowManager: Reparenting to original parent: Surface(name=Leaf:0:1)/@0xe1a66d4, destroy=true, surface=Surface(name=WallpaperWindowToken{70dca92 token=android.os.Binder@d5e981d})/@0x7ad427
07-22 14:11:16.030  1523  2514 D WindowManager:         wallpaper=WallpaperWindowToken{70dca92 token=android.os.Binder@d5e981d}
07-22 14:11:16.030  1523  2514 I WindowManager: Finishing remote animation
07-22 14:11:16.031  1523  1607 V WindowManager: Setting visibility of Window{d79ca5a u0 com.android.systemui.ImageWallpaper}: false, caller=com.android.server.wm.WindowContainer.sendAppVisibilityToClients:1246 com.android.server.wm.WindowToken.setClientVisible:431 com.android.server.wm.WallpaperWindowToken.setVisible:160 com.android.server.wm.WallpaperWindowToken.updateWallpaperWindows:154 com.android.server.wm.WallpaperController.updateWallpaperTokens:676
07-22 14:11:16.031  2431  2450 D WallpaperService: dispatchAppVisibility onVisibilityChanged(): false
07-22 14:11:16.031  2431  2431 D WallpaperService: reportVisibility onVisibilityChanged visible: false
07-22 14:11:16.031  2431  2668 I ImageWallpaper[GLEngine]:  onVisibilityChanged false , 0
07-22 14:11:16.033  1523  1605 I ActivityManager: Changes in 10142 2 to 5, 15 to 8
07-22 14:11:16.034  1523  1605 I AppOps  : updateUidProcState uid: 10239 procState: 5 capability:15
07-22 14:11:16.035  1173  1173 I Layer   : id=66063 removeFromCurrentState Splash Screen org.mark.easyweatherapp$_2431#66063 (135)
07-22 14:11:16.036  1173  1173 I Layer   : id=66065 removeFromCurrentState Surface(name=Task=12620)/@0xaf0f141 - animation-leash of app_transition#66065 (135)
07-22 14:11:16.036  1173  1173 I Layer   : id=66062 removeFromCurrentState 5de3f3 Splash Screen org.mark.easyweatherapp#66062 (135)
07-22 14:11:16.036  1173  1173 I Layer   : Layer [Splash Screen org.mark.easyweatherapp$_2431#66063] hidden!! flag(1)
07-22 14:11:16.036  1173  1173 I Layer   : id=66064 removeFromCurrentState Surface(name=Task=1)/@0xe759981 - animation-leash of app_transition#66064 (135)
07-22 14:11:16.036  1173  1173 I Layer   : id=66066 removeFromCurrentState Surface(name=WallpaperWindowToken{70dca92 token=android.os.Binder@d5e981d})/@0x7ad427 - animation-leash of window_animation#66066 (135)
07-22 14:11:16.036  1173  1173 I Layer   : Layer [com.sec.android.app.launcher/com.sec.android.app.launcher.activities.LauncherActivity$_2985#66055] hidden!! flag(1)
07-22 14:11:16.036  1523  1605 D PowerManagerService: [api] setScreenDimDurationOverrideFromWindowManagerInternal: timeoutMillis: -1
07-22 14:11:16.036  1173  1173 I Layer   : Layer [com.sec.android.app.launcher/com.sec.android.app.launcher.activities.LauncherActivity$_4652#66054] hidden!! flag(1)
07-22 14:11:16.036  1173  1173 I SurfaceFlinger: id=66062 Removed 5de3f3 Splash Screen org.mark.easyweatherapp#66062 (135)
07-22 14:11:16.036  1173  1173 I SurfaceFlinger: id=66063 Removed Splash Screen org.mark.easyweatherapp$_2431#66063 (135)
07-22 14:11:16.036  4652  4712 D OpenGLRenderer: setSurface called with nullptr
07-22 14:11:16.036  4652  4712 D OpenGLRenderer: setSurface() destroyed EGLSurface
07-22 14:11:16.036  1173  1173 I Layer   : id=66062 Destroyed 5de3f3 Splash Screen org.mark.easyweatherapp#66062
07-22 14:11:16.036  1173  1173 I Layer   : id=66063 Destroyed Splash Screen org.mark.easyweatherapp$_2431#66063
07-22 14:11:16.037  4652  4712 D OpenGLRenderer: destroyEglSurface
07-22 14:11:16.037  2985  2985 I ViewRootImpl@88d560[LauncherActivity]: handleAppVisibility mAppVisible = true visible = false
07-22 14:11:16.038  2985  2985 I ViewRootImpl@88d560[LauncherActivity]: stopped(true) old = false
07-22 14:11:16.038  2985  2985 I ViewRootImpl@88d560[LauncherActivity]: WindowStopped on com.sec.android.app.launcher/com.sec.android.app.launcher.activities.LauncherActivity set to true
07-22 14:11:16.038  4652  4652 I ViewRootImpl@9a77b58[LauncherActivity]: performTraversals mFirst=false windowShouldResize=false viewVisibilityChanged=true mForceNextWindowRelayout=false params=null
07-22 14:11:16.038  1523  4047 V WindowManager: Relayout Window{4aa2f9f u0 com.sec.android.app.launcher/com.sec.android.app.launcher.activities.LauncherActivity}: viewVisibility=8 req=1080x2340 d0
07-22 14:11:16.040  1523  4047 V WindowManager: Relayout hash=4aa2f9f, pid=4652, syncId=-1: mAttrs={(0,0)(fillxfill) gr=LEFT CENTER_HORIZONTAL sim={adjust=resize} layoutInDisplayCutoutMode=shortEdges ty=DRAWN_APPLICATION fmt=TRANSPARENT wanim=0x10302f4 alpha=0.0
07-22 14:11:16.040  1523  4047 V WindowManager:   fl=81850118
07-22 14:11:16.040  1523  4047 V WindowManager:   pfl=16020040
07-22 14:11:16.040  1523  4047 V WindowManager:   vsysui=2010
07-22 14:11:16.040  1523  4047 V WindowManager:   bhv=DEFAULT
07-22 14:11:16.040  1523  4047 V WindowManager:   fitSides=
07-22 14:11:16.040  1523  4047 V WindowManager:  dimAmount=0.0 screenDimDuration=200000 naviIconColor=0}
