07-22 14:11:15.621  1523  5107 D MARsPolicyManager: onPackageResumedFG pkgName = com.sec.android.app.launcher, userId = 0
07-22 14:11:15.621  1523  5107 D StatusBarManagerService: notifyRequestedSystemKey recent=false home=false
07-22 14:11:15.621  1523  5107 D SGM:FgCheckThread: TaskStackListener.onTaskFocusChanged(), taskId=11905, focused=false
07-22 14:11:15.621  1523  5107 D SGM:FgCheckThread: TaskStackListener.onTaskFocusChanged(), taskId=12620, focused=true
07-22 14:11:15.621  1523  5107 D SGM:FgCheckThread:   sendRunningComponentFocus(), pkgName: org.mark.easyweatherapp, userId: 0
07-22 14:11:15.621  1523  1873 D SGM:FgCheckThread: onLooperPrepared(), msg: MSG_TASK_FOCUSED, pkgName: org.mark.easyweatherapp, userId: 0
07-22 14:11:15.621  1523  1873 D SGM:FgCheckThread: handleTaskFocused().
07-22 14:11:15.621  1523  1873 D SGM:FgCheckThread: sendFocusOutConditionally() - mPrevNotiPkg: com.samsung.android.game.gamehome, userId: 0
07-22 14:11:15.621  1523  1873 D SGM:FgCheckThread:   handleTaskFocused(), pkgName: org.mark.easyweatherapp, userID:0
07-22 14:11:15.621  1523  1873 D SGM:FgCheckThread: handleResume().
07-22 14:11:15.621  1523  1873 D SGM:FgCheckThread: sendFocusOutConditionally() - mPrevNotiPkg: com.samsung.android.game.gamehome, userId: 0
07-22 14:11:15.621  1523  1873 D SGM:FgCheckThread:   handleResume(). pkgName: org.mark.easyweatherapp, userId: 0, isTunableApp: null
07-22 14:11:15.621  1523  1873 D SGM:FgCheckThread: notifyFocusInOut(). of pkg: org.mark.easyweatherapp, type: 4, isTunableApp: false, userId: 0
07-22 14:11:15.621  1523  1873 D SGM:FgCheckThread:   notifyFocusInOut(). do nothing. mKillNotiCount: 1
07-22 14:11:15.621  1523  1873 D SGM:SystemHelper: callReleaseBlock needReleaseBlock:false
07-22 14:11:15.622  1523  5107 W WindowManager: Execute app transition: mNextAppTransitionRequests=[TRANSIT_OPEN, TRANSIT_OPEN], mNextAppTransitionFlags=, displayId: 0 Callers=com.android.server.wm.RootWindowContainer.executeAppTransitionForAllDisplay:2580 com.android.server.wm.ActivityTaskSupervisor.reportResumedActivityLocked:2285 com.android.server.wm.ActivityRecord.completeResumeLocked:6987 com.android.server.wm.Task.minimalResumeActivityLocked:6154 com.android.server.wm.ActivityTaskSupervisor.realStartActivityLocked:1135
07-22 14:11:15.622  1523  4047 D CoreBackPreview: Window{5de3f3 u0 Splash Screen org.mark.easyweatherapp}: Setting back callback OnBackInvokedCallbackInfo{mCallback=android.window.IOnBackInvokedCallback$Stub$Proxy@8f93fdc, mPriority=0}
07-22 14:11:15.622  1523  2514 V WindowManager: Relayout Window{5de3f3 u0 Splash Screen org.mark.easyweatherapp}: viewVisibility=0 req=1080x2340 d0
07-22 14:11:15.622  1523  2514 D RestrictionPolicy: isScreenCaptureEnabled : ret=true userId=0
07-22 14:11:15.622  1173  1889 I SurfaceFlinger: id=66063 createSurf flag=40004, Splash Screen org.mark.easyweatherapp$_2431#66063
07-22 14:11:15.622  1523  1605 I ActivityManager: Changes in 10563 20 to 2, 0 to 15
07-22 14:11:15.622  1523  1605 I AppOps  : updateUidProcState uid: 10563 procState: 2 capability:15
07-22 14:11:15.622  1523  1605 I AppOps  : commitUidPendingStateLocked() :: UID - 10563, 700 > 200, 0 > 15
07-22 14:11:15.623  1523  1605 I ActivityManager: updateOomAdj start time is before than pendingPid added, don't delete it
07-22 14:11:15.623  1523  2514 D WindowManager: makeSurface duration=0 name=Splash Screen org.mark.easyweatherapp$_2431
07-22 14:11:15.623  1523  1605 D SGM:FgCheckThread: notePauseComponent(), received pkgName: com.sec.android.app.launcher, userId: 0
07-22 14:11:15.624  1523  2514 V WindowManager: Relayout hash=5de3f3, pid=2431, syncId=-1: mAttrs={(0,0)(fillxfill) sim={adjust=pan} ty=APPLICATION_STARTING fmt=TRANSLUCENT wanim=0x1030001
07-22 14:11:15.624  1523  2514 V WindowManager:   fl=81030118
07-22 14:11:15.624  1523  2514 V WindowManager:   pfl=16000010
07-22 14:11:15.624  1523  2514 V WindowManager:   bhv=DEFAULT
07-22 14:11:15.624  1523  2514 V WindowManager:   fitSides= naviIconColor=0}
07-22 14:11:15.625  1523  5112 D InputDispatcher: Focus left window (0): cf7c043 com.sec.android.app.launcher/com.sec.android.app.launcher.activities.LauncherActivity
07-22 14:11:15.626  1523  1523 I CocktailBarManagerServiceContainer: handleMessage: entry what = 6
07-22 14:11:15.627 14902 16997 I SAMSUNGWALLET: [Hint_ProcessStatusChange] fg Change, pid : 17007 , isNotify : true , isForeground : true , fg list : [2985, 17007]
07-22 14:11:15.627  2431  2523 D InsetsController: onStateChanged: InsetsState: {mDisplayFrame=Rect(0, 0 - 1080, 2340), mDisplayCutout=DisplayCutout{insets=Rect(0, 81 - 0, 0) waterfall=Insets{left=0, top=0, right=0, bottom=0} boundingRect={Bounds=[Rect(0, 0 - 0, 0), Rect(512, 0 - 568, 81), Rect(0, 0 - 0, 0), Rect(0, 0 - 0, 0)]} cutoutPathParserInfo={CutoutPathParserInfo{displayWidth=1080 displayHeight=2340 physicalDisplayWidth=1080 physicalDisplayHeight=2340 density={3.0} cutoutSpec={M 0,0 H -9.333333333333333 V 27 H 9.333333333333333 V 0 H 0 Z @dp} rotation={0} scale={1.0} physicalPixelDisplaySizeRatio={1.0}}}}, mRoundedCorners=RoundedCorners{[RoundedCorner{position=TopLeft, radius=108, center=Point(108, 108)}, RoundedCorner{position=TopRight, radius=108, center=Point(972, 108)}, RoundedCorner{position=BottomRight, radius=108, center=Point(972, 2232)}, RoundedCorner{position=BottomLeft, radius=108, center=Point(108, 2232)}]}  mRoundedCornerFrame=Rect(0, 0 - 1080, 2340), mPrivacyIndicatorBounds=PrivacyIndicatorBounds {static bounds=Rect(939, 0 - 1080, 81) rotation=0}, mSources= { InsetsSource: {mType=ITYPE_STATUS_BAR, mFrame=[0,0][1080,81], mVisible=true, mInsetsRoundedCornerFrame=false}, InsetsSource: {mType=ITYPE_NAVIGATION_BAR, mFrame=[0,2187][1080,2340], mVisible=true, mInsetsRoundedCornerFrame=false}, InsetsSource: {mType=ITYPE_LEFT_GESTURES, mFrame=[0,0][0,2340], mVisible=true, mInsetsRoundedCornerFrame=false}, InsetsSource: {mType=ITYPE_RIGHT_GESTURES, mFrame=[1080,0][1080,2340], mVisible=true, mInsetsRoundedCornerFrame=false}, InsetsSource: {mType=ITYPE_TOP_MANDATORY_GESTURES, mFrame=[0,0][1080,119], mVisible=true, mInsetsRoundedCornerFrame=false}, InsetsSource: {mType=ITYPE_BOTTOM_MANDATORY_GESTURES, mFrame=[0,2187][1080,2340], mVisible=true, mInsetsRoundedCornerFrame=false}, InsetsSource: {mType=ITYPE_LEFT_DISPLAY_CUTOUT, mFrame=[0,0][-100000,2340], mVisible=true, mInsetsRoundedCornerFrame=false}, InsetsSource: {mType=ITYPE_TOP_DISPLAY_CUTOUT, mFrame=[0,0][1080,81], mVisible=true, mInsetsRoundedCornerFrame=false}, InsetsSource: {mType=ITYPE_RIGHT_DISPLAY_CUTOUT, mFrame=[100000,0][1080,2340], mVisible=true, mInsetsRoundedCornerFrame=false}, InsetsSource: {mType=ITYPE_BOTTOM_DISPLAY_CUTOUT, mFrame=[0,100000][1080,2340], mVisible=true, mInsetsRoundedCornerFrame=false}, InsetsSource: {mType=ITYPE_TOP_TAPPABLE_ELEMENT, mFrame=[0,0][1080,81], mVisible=true, mInsetsRoundedCornerFrame=false}, InsetsSource: {mType=ITYPE_BOTTOM_TAPPABLE_ELEMENT, mFrame=[0,2187][1080,2340], mVisible=true, mInsetsRoundedCornerFrame=false}, InsetsSource: {mType=ITYPE_IME, mFrame=[0,0][0,0], mVisibleFrame=[0,1297][1080,2340], mVisible=false, mInsetsRoundedCornerFrame=false} } host=Splash Screen org.mark.easyweatherapp from=android.view.ViewRootImpl.relayoutWindow:9802
07-22 14:11:15.627  2431  2523 I ViewRootImpl@565e94a[easyweatherapp]: updateBlastSurfaceIfNeeded mBlastBufferQueue=null isSameSurfaceControl=false
07-22 14:11:15.627 17007 17007 D CompatibilityChangeReporter: Compat change id reported: 171979766; UID 10563; state: ENABLED
07-22 14:11:15.627 14902 16049 I SAMSUNGWALLET: [ResetData] getSAResetDialogFlag : false
07-22 14:11:15.628  2431  2523 I BLASTBufferQueue: new BLASTBufferQueue, mName= ViewRootImpl@565e94a[easyweatherapp] mNativeObject= 0xb4000071f011ebf0 sc.mNativeObject= 0xb4000071801b3530 caller= android.view.ViewRootImpl.updateBlastSurfaceIfNeeded:2909 android.view.ViewRootImpl.relayoutWindow:9847 android.view.ViewRootImpl.performTraversals:3884 android.view.ViewRootImpl.doTraversal:3116 android.view.ViewRootImpl$TraversalRunnable.run:10885 android.view.Choreographer$CallbackRecord.run:1301 android.view.Choreographer$CallbackRecord.run:1309 android.view.Choreographer.doCallbacks:923 android.view.Choreographer.doFrame:852 android.view.Choreographer$FrameDisplayEventReceiver.run:1283
07-22 14:11:15.628  2431  2523 I BLASTBufferQueue: update, w= 1080 h= 2340 mName = ViewRootImpl@565e94a[easyweatherapp] mNativeObject= 0xb4000071f011ebf0 sc.mNativeObject= 0xb4000071801b3530 format= -3 caller= android.graphics.BLASTBufferQueue.<init>:84 android.view.ViewRootImpl.updateBlastSurfaceIfNeeded:2909 android.view.ViewRootImpl.relayoutWindow:9847 android.view.ViewRootImpl.performTraversals:3884 android.view.ViewRootImpl.doTraversal:3116 android.view.ViewRootImpl$TraversalRunnable.run:10885
07-22 14:11:15.628  2985  2985 I ViewRootImpl@88d560[LauncherActivity]: MSG_WINDOW_FOCUS_CHANGED 0 0
07-22 14:11:15.628  2985  2985 I BaseActivity: removeActivityFlags, flags : 8
07-22 14:11:15.628  2431  2523 I ViewRootImpl@565e94a[easyweatherapp]: Relayout returned: old=(0,0,1080,2340) new=(0,0,1080,2340) req=(1080,2340)0 dur=7 res=0x3 s={true 0xb400007281380670} ch=true seqId=0
07-22 14:11:15.629  2431  2523 I ViewRootImpl@565e94a[easyweatherapp]: mThreadedRenderer.initialize() mSurface={isValid=true 0xb400007281380670} hwInitialized=true
07-22 14:11:15.629  2431  2525 W vulkan  : CreateSwapchainKHR(VkSwapchainCreateInfoKHR.imageColorSpace = 1000104013) failed: Unsupported color space, but assume as Success for ANGLE.
07-22 14:11:15.629  2431  2523 I ViewRootImpl@565e94a[easyweatherapp]: reportNextDraw android.view.ViewRootImpl.performTraversals:4438 android.view.ViewRootImpl.doTraversal:3116 android.view.ViewRootImpl$TraversalRunnable.run:10885 android.view.Choreographer$CallbackRecord.run:1301 android.view.Choreographer$CallbackRecord.run:1309
07-22 14:11:15.629  2431  2523 I ViewRootImpl@565e94a[easyweatherapp]: Setup new sync id=0
07-22 14:11:15.629  2431  2523 I ViewRootImpl@565e94a[easyweatherapp]: Setting syncFrameCallback
07-22 14:11:15.629  2431  2523 I ViewRootImpl@565e94a[easyweatherapp]: registerCallbacksForSync syncBuffer=false
07-22 14:11:15.629  9649  9704 I Rubin   : [1137] t9.a.c(SourceFile:1) : Notify com.samsung.android.rubin.inferenceengine.contextanalytics.engine.loggers.d's database is updated.
07-22 14:11:15.630  1523  4047 D SGM:GameManager: identifyForegroundApp. org.mark.easyweatherapp, mCurrentUserId: 0, callerUserId: 0
07-22 14:11:15.630  1523  4047 D SGM:PkgDataHelper: getGamePkgData(). org.mark.easyweatherapp
07-22 14:11:15.631 14902 16049 I SAMSUNGWALLET: [Hint_d] isHomePackageRunning topPkgName = org.mark.easyweatherapp, topClsName = org.kivy.android.PythonActivity, return false , se : false
07-22 14:11:15.631  1173  1173 I SurfaceFlinger: [cf7c043 com.sec.android.app.launcher/com.sec.android.app.launcher.activities.LauncherActivity#20508] FrameRatePriority: -1
07-22 14:11:15.631  1523  1607 W Choreographer: Frame time is 0.219998 ms in the future!  Check that graphics HAL is generating vsync timestamps using the correct timebase.
07-22 14:11:15.631  2985  2985 W Choreographer: Frame time is 0.12617 ms in the future!  Check that graphics HAL is generating vsync timestamps using the correct timebase.
07-22 14:11:15.632  1176  1194 I heimdall: insert_task_to_group:67, insert tgid 17007 to group org.mark.easyweatherapp, ret = 0
07-22 14:11:15.632  1523  1605 D SGM:GameManager: identifyGamePackage. org.mark.easyweatherapp, mCurrentUserId: 0, callerUserId: 0, callingMethodInfo: com.samsung.android.game.SemGameManager.isGamePackage(SemGameManager.java:104)
07-22 14:11:15.632  1523  1605 D SGM:PkgDataHelper: getGamePkgData(). org.mark.easyweatherapp
07-22 14:11:15.632  1523  1605 D SGM:SemGameManager: isGamePackage(), pkgName=org.mark.easyweatherapp, ret=false
07-22 14:11:15.632  1523  1605 I GameSDK@LifeCycle: noteResumeComponent(): package name  : org.mark.easyweatherapp
07-22 14:11:15.632  1523  1605 D SGM:FgCheckThread: noteResumeComponent(), received pkgName: org.mark.easyweatherapp, userId: 0
07-22 14:11:15.632  1523  1873 D SGM:FgCheckThread: onLooperPrepared(), msg: MSG_APP_RESUME, pkgName: org.mark.easyweatherapp, userid: 0
07-22 14:11:15.632  1523  1873 D SGM:FgCheckThread: handleResume().
07-22 14:11:15.632 14902 14902 I SAMSUNGWALLET: [Hint_PayHintService] Hint Status - already invisible, skip hide : [4000000] - Home Package Not Running
07-22 14:11:15.632  1523  1873 D SGM:FgCheckThread: sendFocusOutConditionally() - mPrevNotiPkg: com.samsung.android.game.gamehome, userId: 0
07-22 14:11:15.632  1523  1873 D SGM:FgCheckThread:   handleResume(). pkgName: org.mark.easyweatherapp, userId: 0, isTunableApp: null
07-22 14:11:15.633  1523  1873 D SGM:FgCheckThread: notifyFocusInOut(). of pkg: org.mark.easyweatherapp, type: 4, isTunableApp: false, userId: 0
07-22 14:11:15.633  1523  1873 D SGM:FgCheckThread:   notifyFocusInOut(). do nothing. mKillNotiCount: 1
07-22 14:11:15.633  1523  1873 D SGM:SystemHelper: callReleaseBlock needReleaseBlock:false
07-22 14:11:15.633  1523  2245 V NetworkPolicy: getFirewallRuleWifi UID:10563 policy:0
07-22 14:11:15.633  1523  3414 I MediaSessionMonitor: Media session stopped : controllerList empty
07-22 14:11:15.633  1523  1523 I CocktailBarManagerServiceContainer: handleMessage: entry what = 5
07-22 14:11:15.634  2431  2525 D OpenGLRenderer: eglCreateWindowSurface
07-22 14:11:15.635  1523  1605 D SGM:GameManager: identifyGamePackage. org.mark.easyweatherapp, mCurrentUserId: 0, callerUserId: 0, callingMethodInfo: com.android.server.ssrm.SortingMachine.isGame(SortingMachine.java:162)
07-22 14:11:15.635  1523  1605 D SGM:PkgDataHelper: getGamePkgData(). org.mark.easyweatherapp
07-22 14:11:15.635  4985  4985 I ActivityUtils: HomePackage : com.sec.android.app.launcher, resumePackageName : org.mark.easyweatherapp
07-22 14:11:15.636  1523  1605 I ActivityManager: updateOomAdj start time is before than pendingPid added, don't delete it
07-22 14:11:15.637  2431  2582 I ViewRootImpl@565e94a[easyweatherapp]: Received frameDrawingCallback syncResult=0 frameNum=1.
07-22 14:11:15.639  2431  2582 I ViewRootImpl@565e94a[easyweatherapp]: Setting up sync and frameCommitCallback
07-22 14:11:15.640  1523  5107 D SGM:GameManager: identifyGamePackage. org.mark.easyweatherapp, mCurrentUserId: 0, callerUserId: 0, callingMethodInfo: com.samsung.android.game.IGameManagerService$Stub.onTransact(IGameManagerService.java:233)
07-22 14:11:15.640  1523  5107 D SGM:PkgDataHelper: getGamePkgData(). org.mark.easyweatherapp
07-22 14:11:15.642  9649  9704 I Rubin   : [1137] ha.e.m(SourceFile:6) : isSatisfiedByCmh is false
07-22 14:11:15.644  2431  2525 I BLASTBufferQueue: [ViewRootImpl@565e94a[easyweatherapp]#2657](f:0,a:0) onFrameAvailable the first frame is available
07-22 14:11:15.647  2431  2525 I ViewRootImpl@565e94a[easyweatherapp]: Received frameCommittedCallback lastAttemptedDrawFrameNum=1 didProduceBuffer=true
07-22 14:11:15.647  2431  2525 D OpenGLRenderer: CFMS:: SetUp Pid : 2431    Tid : 2525
07-22 14:11:15.648  2431  2525 W Parcel  : Expecting binder but got null!
07-22 14:11:15.648  2431  2523 I ViewRootImpl@565e94a[easyweatherapp]: onSyncComplete
07-22 14:11:15.648  2431  2523 I ViewRootImpl@565e94a[easyweatherapp]: setupSync seqId=0 mSyncId=0 fn=1 caller=android.view.ViewRootImpl$$ExternalSyntheticLambda11.accept:6 android.window.SurfaceSyncer.lambda$setupSync$1$android-window-SurfaceSyncer:128 android.window.SurfaceSyncer$$ExternalSyntheticLambda1.accept:8 android.window.SurfaceSyncer$SyncSet.checkIfSyncIsComplete:382 android.window.SurfaceSyncer$SyncSet.markSyncReady:359 android.window.SurfaceSyncer.markSyncReady:151 android.view.ViewRootImpl.performTraversals:4503
07-22 14:11:15.648  2431  2523 I ViewRootImpl@565e94a[easyweatherapp]: reportDrawFinished seqId=0 mSyncId=-1 fn=1 mSurfaceChangedTransaction=0xb4000071b047fbf0
07-22 14:11:15.650  1523  4047 D WindowManager: finishDrawingWindow: Window{5de3f3 u0 Splash Screen org.mark.easyweatherapp} mDrawState=DRAW_PENDING seqId=0
07-22 14:11:15.650  1523  4047 V WindowManager: Finishing drawing window Window{5de3f3 u0 Splash Screen org.mark.easyweatherapp}: mDrawState=DRAW_PENDING
07-22 14:11:15.650  1523  4047 V WindowManager: Draw state now committed in Window{5de3f3 u0 Splash Screen org.mark.easyweatherapp}
07-22 14:11:15.651  1523  1607 D WindowManager: performShow logReadyForDisplay win=Window{5de3f3 u0 Splash Screen org.mark.easyweatherapp} mToken.waitingToShow:true isTransitionSet:true
07-22 14:11:15.652  1523  1607 D WindowManager: createAnimationAdapter(): container=Task{d900606 #1 type=home ?? U=0 visible=false visibleRequested=false mode=fullscreen translucent=true sz=1}
07-22 14:11:15.652  1523  1607 I WindowManager: Reparenting to leash, surface=Surface(name=Task=1)/@0xe759981, leashParent=Surface(name=DefaultTaskDisplayArea)/@0x79dda26
07-22 14:11:15.652  1173  3030 I SurfaceFlinger: id=66064 createSurf flag=24000, Surface(name=Task=1)/@0xe759981 - animation-leash of app_transition#66064
07-22 14:11:15.652 17007 17007 W ziparchive: Unable to open '/data/app/~~jd7iuevty7h-9ZxSrJ3FHg==/org.mark.easyweatherapp-ur37idVUu4tcna3pS0-Sgw==/base.dm': No such file or directory
07-22 14:11:15.653  1523  1607 D WindowManager: makeSurface duration=0 leash=Surface(name=Surface(name=Task=1)/@0xe759981 - animation-leash of app_transition)/@0xf68028
07-22 14:11:15.653  1523  1607 D WindowManager: startAnimation
07-22 14:11:15.653  1523  1607 D WindowManager: createAnimationAdapter(): container=Task{70926f1 #12620 type=standard A=10563:org.mark.easyweatherapp U=0 visible=true visibleRequested=true mode=fullscreen translucent=false sz=1}
07-22 14:11:15.653  1523  1607 I WindowManager: Reparenting to leash, surface=Surface(name=Task=12620)/@0xaf0f141, leashParent=Surface(name=DefaultTaskDisplayArea)/@0x79dda26
07-22 14:11:15.653 17007 17007 W ziparchive: Unable to open '/data/app/~~jd7iuevty7h-9ZxSrJ3FHg==/org.mark.easyweatherapp-ur37idVUu4tcna3pS0-Sgw==/base.dm': No such file or directory
07-22 14:11:15.653  1173  3030 I SurfaceFlinger: id=66065 createSurf flag=24004, Surface(name=Task=12620)/@0xaf0f141 - animation-leash of app_transition#66065
07-22 14:11:15.653  1523  1607 D WindowManager: makeSurface duration=1 leash=Surface(name=Surface(name=Task=12620)/@0xaf0f141 - animation-leash of app_transition)/@0xb5eb6e6
07-22 14:11:15.653  1523  1607 D WindowManager: startAnimation
07-22 14:11:15.653  1523  1607 V WindowManager: performShowLocked: mDrawState=HAS_DRAWN in Window{5de3f3 u0 Splash Screen org.mark.easyweatherapp}
07-22 14:11:15.654  1523  1607 D WindowManager: goodToGo(RemoteAnimationController@ef22427)
07-22 14:11:15.654  1523  1607 D WindowManager: createAppAnimations()
07-22 14:11:15.654  1523  1607 D WindowManager:         Add container=Task{70926f1 #12620 type=standard A=10563:org.mark.easyweatherapp U=0 visible=true visibleRequested=true mode=fullscreen translucent=false sz=1}
07-22 14:11:15.654  1523  1607 D WindowManager:         Add container=Task{d900606 #1 type=home ?? U=0 visible=false visibleRequested=false mode=fullscreen translucent=true sz=1}
07-22 14:11:15.654  1523  1607 D WindowManager: createWallpaperAnimations()
07-22 14:11:15.654  1523  1607 I WindowManager: Reparenting to leash, surface=Surface(name=WallpaperWindowToken{70dca92 token=android.os.Binder@d5e981d})/@0x7ad427, leashParent=Surface(name=Leaf:0:1)/@0xe1a66d4
07-22 14:11:15.654  1173  3030 I SurfaceFlinger: id=66066 createSurf flag=24000, Surface(name=WallpaperWindowToken{70dca92 token=android.os.Binder@d5e981d})/@0x7ad427 - animation-leash of window_animation#66066
07-22 14:11:15.655  1523  1607 D WindowManager: makeSurface duration=0 leash=Surface(name=Surface(name=WallpaperWindowToken{70dca92 token=android.os.Binder@d5e981d})/@0x7ad427 - animation-leash of window_animation)/@0x14776d4
07-22 14:11:15.655  1523  1607 D WindowManager: startAnimation
07-22 14:11:15.655  1523  1607 D WindowManager: createNonAppWindowAnimations()
07-22 14:11:15.656  1173  3030 I SurfaceFlinger: id=66067 createSurf flag=80000, 25c7875 ActivityRecordInputSink org.mark.easyweatherapp/org.kivy.android.PythonActivity#66067
07-22 14:11:15.656 17007 17007 D nativeloader: Configuring classloader-namespace for other apk /data/app/~~jd7iuevty7h-9ZxSrJ3FHg==/org.mark.easyweatherapp-ur37idVUu4tcna3pS0-Sgw==/base.apk. target_sdk_version=31, uses_libraries=, library_path=/data/app/~~jd7iuevty7h-9ZxSrJ3FHg==/org.mark.easyweatherapp-ur37idVUu4tcna3pS0-Sgw==/lib/arm64:/data/app/~~jd7iuevty7h-9ZxSrJ3FHg==/org.mark.easyweatherapp-ur37idVUu4tcna3pS0-Sgw==/base.apk!/lib/arm64-v8a, permitted_path=/data:/mnt/expand:/data/user/0/org.mark.easyweatherapp
07-22 14:11:15.656  1173  1898 D NativeSemDvfsManager: acquire:: timeout = 2000 mIsAcquired = 1  mTagName : SurfaceFlinger
07-22 14:11:15.657  1173  1898 E NativeCustomFrequencyManager: [NativeCFMS] BpCustomFrequencyManager::acquire()
07-22 14:11:15.657  1104  1231 I HYPER-HAL: [RequestManager.cpp]acquire(): Acquired ID : 2363051  [1173 / 1000]    HINT : SF_GPU_MINLOCK    list : [TIMEOUT / 2000]
07-22 14:11:15.657  1523  1607 D WindowManager: goodToGo(RemoteAnimationController@ef22427): onAnimationStart, transit=TRANSIT_OLD_WALLPAPER_CLOSE, apps=2, wallpapers=1, nonApps=0
07-22 14:11:15.657  1173  1173 I Layer   : Layer [Splash Screen org.mark.easyweatherapp$_2431#66063] hidden!! flag(0)
07-22 14:11:15.657  1523  1607 D WindowManager: startAnimation(): Notify animation start:
07-22 14:11:15.657  1523  1607 I WindowManager: Starting remote animation
07-22 14:11:15.658  2431  2517 D Bubbles : onLocusVisibilityChanged: LocusId[17_chars] visible=false
07-22 14:11:15.658  1523  1607 I WindowManager: container=Task{70926f1 #12620 type=standard A=10563:org.mark.easyweatherapp U=0 visible=true visibleRequested=true mode=fullscreen translucent=false sz=1}
07-22 14:11:15.658  1523  1607 I WindowManager: Target:
07-22 14:11:15.658  1523  1607 I WindowManager:   mode=0 taskId=12620 isTranslucent=false clipRect=[0,0][0,0] contentInsets=[0,81][0,153] prefixOrderIndex=25 position=[0,0] sourceContainerBounds=[0,0][1080,2340] screenSpaceBounds=[0,0][1080,2340] localBounds=[0,0][1080,2340]
07-22 14:11:15.658  1523  1607 I WindowManager:   windowConfiguration={ mBounds=Rect(0, 0 - 1080, 2340) mAppBounds=Rect(0, 81 - 1080, 2187) mMaxBounds=Rect(0, 0 - 1080, 2340) mDisplayRotation=ROTATION_0 mWindowingMode=fullscreen mDisplayWindowingMode=fullscreen mActivityType=standard mAlwaysOnTop=undefined mRotation=ROTATION_0 mPopOver=undefined mStageConfig=undefined mFreeformTaskPinningState=unpinned mFreeformStashState=undefined mDexTaskDockingState=undefined}
07-22 14:11:15.658  1523  1607 I WindowManager:   leash=Surface(name=Surface(name=Task=12620)/@0xaf0f141 - animation-leash of app_transition)/@0xb5eb6e6
07-22 14:11:15.658  1523  1607 I WindowManager:   taskInfo=TaskInfo{userId=0 taskId=12620 displayId=0 isRunning=true baseIntent=Intent { act=android.intent.action.MAIN cat=[android.intent.category.LAUNCHER] flg=0x10200000 cmp=org.mark.easyweatherapp/org.kivy.android.PythonActivity } baseActivity=ComponentInfo{org.mark.easyweatherapp/org.kivy.android.PythonActivity} topActivity=ComponentInfo{org.mark.easyweatherapp/org.kivy.android.PythonActivity} origActivity=null realActivity=ComponentInfo{org.mark.easyweatherapp/org.kivy.android.PythonActivity} numActivities=1 lastActiveTime=530594593 supportsSplitScreenMultiWindow=true supportsMultiWindow=true resizeMode=1 isResizeable=true minWidth=-1 minHeight=-1 defaultMinSize=220 token=WCT{RemoteToken{d9a607d Task{70926f1 #12620 type=standard A=10563:org.mark.easyweatherapp U=0 visible=true visibleRequested=true mode=fullscreen translucent=false sz=1}}} topActivityType=1 pictureInPictureParams=null shouldDockBigOverlays=false launchIntoPipHostTaskId=0 displayCutoutSafeInsets=Rect(0, 81 - 0, 0) topActivityInfo=ActivityInfo{1cf5b72 org.kivy.android.PythonActivity} launchCookies=[android.os.BinderProxy@f52dbc3] positionInParent=Point(0, 0) parentTaskId=-1 isFocused=true isVisible=true isSleeping=false topActivityInSizeCompat=false topActivityEligibleForLetterboxEducation= false locusId=null displayAreaFeatureId=1 cameraCompatControlState=hidden originallySupportedSplitScreen=true hasWallpaper=false isTopTransparentActivity=false topActivityInFixedAspectRatio=false topActivityInDisplayCompat=false topActivityInBoundsCompat=false topActivityBounds=null}
07-22 14:11:15.658  1523  1607 I WindowManager:   allowEnterPip=true
07-22 14:11:15.658  1523  1607 I WindowManager:   windowType=-1  hasAnimatingParent=false  backgroundColor=0container=Task{d900606 #1 type=home ?? U=0 visible=false visibleRequested=false mode=fullscreen translucent=true sz=1}
07-22 14:11:15.658  1523  1607 I WindowManager: Target:
07-22 14:11:15.658  1523  1607 I WindowManager:   mode=1 taskId=11905 isTranslucent=false clipRect=[0,0][0,0] contentInsets=[0,81][0,153] prefixOrderIndex=21 position=[0,0] sourceContainerBounds=[0,0][1080,2340] screenSpaceBounds=[0,0][1080,2340] localBounds=[0,0][1080,2340]
07-22 14:11:15.658  1523  1607 I WindowManager:   windowConfiguration={ mBounds=Rect(0, 0 - 1080, 2340) mAppBounds=Rect(0, 81 - 1080, 2187) mMaxBounds=Rect(0, 0 - 1080, 2340) mDisplayRotation=ROTATION_0 mWindowingMode=fullscreen mDisplayWindowingMode=fullscreen mActivityType=home mAlwaysOnTop=undefined mRotation=ROTATION_0 mPopOver=undefined mStageConfig=undefined mFreeformTaskPinningState=unpinned mFreeformStashState=undefined mDexTaskDockingState=undefined}
07-22 14:11:15.658  1523  1607 I WindowManager:   leash=Surface(name=Surface(name=Task=1)/@0xe759981 - animation-leash of app_transition)/@0xf68028
07-22 14:11:15.658  1523  1607 I WindowManager:   taskInfo=TaskInfo{userId=0 taskId=11905 displayId=0 isRunning=true baseIntent=Intent { act=android.intent.action.MAIN cat=[android.intent.category.HOME] flg=0x10000100 cmp=com.sec.android.app.launcher/.activities.LauncherActivity } baseActivity=ComponentInfo{com.sec.android.app.launcher/com.sec.android.app.launcher.activities.LauncherActivity} topActivity=ComponentInfo{com.sec.android.app.launcher/com.android.launcher3.uioverrides.QuickstepLauncher} origActivity=ComponentInfo{com.sec.android.app.launcher/com.sec.android.app.launcher.activities.LauncherActivity} realActivity=ComponentInfo{com.sec.android.app.launcher/com.android.launcher3.uioverrides.QuickstepLauncher} numActivities=1 lastActiveTime=530594590 supportsSplitScreenMultiWindow=true supportsMultiWindow=true resizeMode=2 isResizeable=true minWidth=-1 minHeight=-1 defaultMinSize=220 token=WCT{RemoteToken{9ed56ca Task{ab562e #11905 type=home A=10142:com.sec.android.app.launcher.activities.LauncherActivity U=0 rootTaskId=1 visible=false visibleRequested=false mode=fullscreen translucent=true sz=1}}} topActivityType=2 pictureInPictureParams=null shouldDockBigOverlays=false launchIntoPipHostTaskId=0 displayCutoutSafeInsets=Rect(0, 81 - 0, 0) topActivityInfo=ActivityInfo{4bbb03b com.sec.android.app.launcher.activities.LauncherActivity} launchCookies=[] positionInParent=Point(0, 0) parentTaskId=-1 isFocused=false isVisible=false isSleeping=false topActivityInSizeCompat=false topActivityEligibleForLetterboxEducation= false locusId=LocusId[17_chars] displayAreaFeatureId=1 cameraCompatControlState=hidden originallySupportedSplitScreen=true hasWallpaper=false isTopTransparentActivity=false topActivityInFixedAspectRatio=false topActivityInDisplayCompat=false topActivityInBoundsCompat=false topActivityBounds=null}
07-22 14:11:15.658  1523  1607 I WindowManager:   allowEnterPip=true
07-22 14:11:15.658  1523  1607 I WindowManager:   windowType=-1  hasAnimatingParent=false  backgroundColor=0
07-22 14:11:15.658  2985  9520 I LauncherAnimationRunner: onAnimationStart, appTargets : [Lcom.android.systemui.shared.system.RemoteAnimationTargetCompat;@4e01589 mStartAtFrontOfQueue : true
07-22 14:11:15.658  2985  2985 W AppTransitionAnimatorImpl: animation with floating icon
07-22 14:11:15.658  1173  1173 D SurfaceFlinger: GPIS:: requestGPIS
07-22 14:11:15.659  2985  2985 I FloatingIconView: drawable is not adaptive icon: true
07-22 14:11:15.659  2985  2985 I RemoteAnimationTargets: RemoteAnimationTargets : 12620 - 0, 0
07-22 14:11:15.659  2985  2985 I RemoteAnimationTargets: RemoteAnimationTargets : 11905 - 1, 0
07-22 14:11:15.659  2985  2985 I QuickstepTransition: onCreateAnimation : com.android.launcher3.util.RunnableList@f07ecc1 - com.android.launcher3.g@ec8cc66
07-22 14:11:15.659  2985  2985 I AnimationResult: setAnimation : com.android.launcher3.g@ec8cc66
07-22 14:11:15.666 17007 17007 V GraphicsEnvironment: ANGLE Developer option for 'org.mark.easyweatherapp' set to: 'default'
07-22 14:11:15.666 17007 17007 V GraphicsEnvironment: ANGLE GameManagerService for org.mark.easyweatherapp: false
07-22 14:11:15.667 17007 17007 V GraphicsEnvironment: App is not on the allowlist for updatable production driver.
07-22 14:11:15.669 17007 17007 D NetworkSecurityConfig: No Network Security Config specified, using platform default
07-22 14:11:15.674  2985  2985 W AppTransitionAnimatorImpl: onAnimationStart - APP IN
07-22 14:11:15.675 17007 17007 D NetworkSecurityConfig: No Network Security Config specified, using platform default
07-22 14:11:15.675  2985  5886 I ViewRootImpl@88d560[LauncherActivity]: mWNT: t=0xb4000071b0136f30 mBlastBufferQueue=0xb4000071effaba70 fn= 6 caller= com.android.systemui.shared.launcher.ViewRootImplCompat.mergeWithNextTransaction:2 com.android.quickstep.util.SurfaceTransactionApplier.lambda$scheduleApply$0:2 com.android.quickstep.util.SurfaceTransactionApplier.b:0
07-22 14:11:15.679 17007 17036 D OpenGLRenderer: RenderThread::requireGlContext()
07-22 14:11:15.680 17007 17036 D libEGL  : dlopen (libGLESv2_samsung.so) success at 0x5195bea352284031
07-22 14:11:15.680 17007 17036 D vulkan  : searching for layers in '/data/app/~~jd7iuevty7h-9ZxSrJ3FHg==/org.mark.easyweatherapp-ur37idVUu4tcna3pS0-Sgw==/lib/arm64'
07-22 14:11:15.680 17007 17036 D vulkan  : searching for layers in '/data/app/~~jd7iuevty7h-9ZxSrJ3FHg==/org.mark.easyweatherapp-ur37idVUu4tcna3pS0-Sgw==/base.apk!/lib/arm64-v8a'
07-22 14:11:15.681 17007 17036 V SVK     : ------------------------------------------------------------------
07-22 14:11:15.681 17007 17036 V SVK     : Samsung Vulkan version merge SHA1      = None
07-22 14:11:15.681 17007 17036 V SVK     : Samsung Vulkan version revision number = 80e0794
07-22 14:11:15.681 17007 17036 V SVK     : ------------------------------------------------------------------
07-22 14:11:15.681 17007 17036 V SVK     : Entering: Create
07-22 14:11:15.681 17007 17036 V SVK     : --------------------------------------------------------
07-22 14:11:15.681 17007 17036 V SVK     : Application Name:
07-22 14:11:15.681 17007 17036 V SVK     : Vulkan API 1.3 version
07-22 14:11:15.681 17007 17036 V SVK     : --------------------------------------------------------
07-22 14:11:15.683 17007 17036 V SVK     : Exiting: Create
07-22 14:11:15.684  2985  5885 I ViewRootImpl@88d560[LauncherActivity]: mWNT: t=0xb4000071b009fd90 mBlastBufferQueue=0xb4000071effaba70 fn= 7 caller= com.android.systemui.shared.launcher.ViewRootImplCompat.mergeWithNextTransaction:2 com.android.quickstep.util.SurfaceTransactionApplier.lambda$scheduleApply$0:2 com.android.quickstep.util.SurfaceTransactionApplier.b:0
07-22 14:11:15.684 17007 17036 V SVK     : ------------------------------------------------------------------
07-22 14:11:15.684 17007 17036 V SVK     : Samsung Vulkan version merge SHA1      = None
07-22 14:11:15.684 17007 17036 V SVK     : Samsung Vulkan version revision number = 80e0794
07-22 14:11:15.684 17007 17036 V SVK     : ------------------------------------------------------------------
07-22 14:11:15.684 17007 17036 V SVK     : Entering: Create
07-22 14:11:15.684 17007 17036 V SVK     : --------------------------------------------------------
07-22 14:11:15.684 17007 17036 V SVK     : Application Name: org.mark.easyweatherapp
07-22 14:11:15.684 17007 17036 V SVK     : Vulkan API 1.1 version
07-22 14:11:15.684 17007 17036 V SVK     : --------------------------------------------------------
07-22 14:11:15.685 17007 17036 V SVK     : Exiting: Create
07-22 14:11:15.687 17007 17036 D PAL     : m_perSubmitCmdStream size = { TotalChunkDwords:24, AvailableDwords:2017 } (RebuildCommandStreams:1591)
07-22 14:11:15.687 17007 17036 D PAL     : m_acePreambleCmdStream size = { TotalChunkDwords:16, AvailableDwords:2029 } (RebuildCommandStreams:1616)
07-22 14:11:15.687 17007 17036 D PAL     : m_dePostambleCmdStream size = { TotalChunkDwords:24, AvailableDwords:2024 } (RebuildCommandStreams:1729)
07-22 14:11:15.687 17007 17036 D PAL     : m_deCmdStream size = { TotalChunkDwords:200, AvailableDwords:1843 } (RebuildCommandStreams:1732)
07-22 14:11:15.687 17007 17036 D PAL     : m_perSubmitCmdStream size = { TotalChunkDwords:24, AvailableDwords:2017 } (RebuildCommandStreams:1591)
07-22 14:11:15.687 17007 17036 D PAL     : m_acePreambleCmdStream size = { TotalChunkDwords:16, AvailableDwords:2029 } (RebuildCommandStreams:1616)
07-22 14:11:15.687 17007 17036 D PAL     : m_dePostambleCmdStream size = { TotalChunkDwords:24, AvailableDwords:2024 } (RebuildCommandStreams:1729)
07-22 14:11:15.687 17007 17036 D PAL     : m_deCmdStream size = { TotalChunkDwords:200, AvailableDwords:1843 } (RebuildCommandStreams:1732)
07-22 14:11:15.687 17007 17036 D PAL     : m_perSubmitCmdStream size = { TotalChunkDwords:24, AvailableDwords:2017 } (RebuildCommandStreams:1591)
07-22 14:11:15.687 17007 17036 D PAL     : m_acePreambleCmdStream size = { TotalChunkDwords:16, AvailableDwords:2029 } (RebuildCommandStreams:1616)
07-22 14:11:15.687 17007 17036 D PAL     : m_dePostambleCmdStream size = { TotalChunkDwords:24, AvailableDwords:2024 } (RebuildCommandStreams:1729)
07-22 14:11:15.687 17007 17036 D PAL     : m_deCmdStream size = { TotalChunkDwords:200, AvailableDwords:1843 } (RebuildCommandStreams:1732)
07-22 14:11:15.689  1523  4047 I GenerationRegistry: mBackingStore.isClosed() : false
07-22 14:11:15.689  1523  2351 I WifiService: getConnectionInfo uid=1000
07-22 14:11:15.689  1523  2351 V WifiService: Clearing REDACT_FOR_LOCAL_MAC_ADDRESS for android(uid=1000)
07-22 14:11:15.689  1523  2351 V WifiService: Clearing REDACT_FOR_NETWORK_SETTINGS for android(uid=1000)
07-22 14:11:15.689  1523  2351 V WifiService: Clearing REDACT_FOR_ACCESS_FINE_LOCATION for android(uid=1000)
07-22 14:11:15.690 17007 17036 I ANGLE   : Version (git hash: 50101db6df97), Renderer (ANGLE (Samsung Xclipse 920) on Vulkan 1.1.179)
07-22 14:11:15.691 17007 17007 V PythonActivity: PythonActivity onCreate running
07-22 14:11:15.691 17007 17007 V PythonActivity: About to do super onCreate
07-22 14:11:15.691 17007 17007 V SDL     : Device: r0s
07-22 14:11:15.691 17007 17007 V SDL     : Model: SM-S901B
07-22 14:11:15.691 17007 17007 V SDL     : onCreate()
07-22 14:11:15.692 17007 17007 V PythonActivity: Did super onCreate
07-22 14:11:15.692 17007 17007 V SDL     : getting identifier
07-22 14:11:15.692 17007 17007 V SDL     : kind is layout and name lottie
07-22 14:11:15.692 17007 17007 V SDL     : result is 0
07-22 14:11:15.692 17007 17007 E .easyweatherapp: Invalid ID 0x00000000.
07-22 14:11:15.692 17007 17007 V SDL     : couldn't find lottie layout or animation, trying static splash
07-22 14:11:15.692 17007 17007 V SDL     : getting identifier
07-22 14:11:15.692 17007 17007 V SDL     : kind is drawable and name presplash
07-22 14:11:15.692 17007 17007 V SDL     : result is 2130771969
07-22 14:11:15.692  2985  5886 I ViewRootImpl@88d560[LauncherActivity]: mWNT: t=0xb4000071b0137290 mBlastBufferQueue=0xb4000071effaba70 fn= 8 caller= com.android.systemui.shared.launcher.ViewRootImplCompat.mergeWithNextTransaction:2 com.android.quickstep.util.SurfaceTransactionApplier.lambda$scheduleApply$0:2 com.android.quickstep.util.SurfaceTransactionApplier.b:0
07-22 14:11:15.695 17007 17007 V SDL     : asked to get string presplash_color
07-22 14:11:15.695 17007 17007 V SDL     : getting identifier
07-22 14:11:15.695 17007 17007 V SDL     : kind is string and name presplash_color
07-22 14:11:15.695 17007 17007 V SDL     : result is 2131034113
07-22 14:11:15.695 17007 17036 D OpenGLRenderer: RenderThread::setGrContext()
07-22 14:11:15.698  1173  1173 D SurfaceFlinger: Display 4633128672291735999 HWC layers:
07-22 14:11:15.698  1173  1173 D SurfaceFlinger:      CLIENT | 0xb40000769698eed0 | 0100 | RGBA_8888    |    0.0  630.0 2340.0 1710.0 |    0    0 1080 2340 | Wallpaper BBQ wrapper#91
07-22 14:11:15.698  1173  1173 D SurfaceFlinger:      CLIENT | 0xb40000769698f090 | 0100 | RGBA_8888    |    0.0    0.0 1080.0 2340.0 |    0    0 1080 2340 | com.sec.android.app.launcher/com.sec[...]erActivity$_2985#66055 (blurRegions)
07-22 14:11:15.698  1173  1173 D SurfaceFlinger:      CLIENT | 0xb4000076969800d0 | 0100 | RGBA_8888    |    0.0  800.0 1080.0 1880.0 |   75 1399  250 1575 | Splash Screen org.mark.easyweatherapp$_2431#66063
07-22 14:11:15.698  1173  1173 D SurfaceFlinger:      DEVICE | 0xb400007696986650 | 0100 | RGBA_8888    |    0.0    0.0 1080.0   81.0 |    0    0 1080   81 | StatusBar$_2431#99
07-22 14:11:15.698  1173  1173 D SurfaceFlinger:      DEVICE | 0xb400007696981250 | 0100 | RGBA_8888    |    0.0    0.0   67.0  341.0 | 1013  336 1080  677 | com.samsung.android.app.cocktailbars[...]rvice.CocktailBarService$_4985#65510
07-22 14:11:15.698  1173  1173 D SurfaceFlinger:      DEVICE | 0xb40000769698e0d0 | 0100 | RGBA_8888    |    0.0    0.0 1080.0  153.0 |    0 2187 1080 2340 | NavigationBar0$_2431#94
07-22 14:11:15.698  1173  1173 D SurfaceFlinger:
07-22 14:11:15.700 17007 17007 I DecorView: [INFO] isPopOver=false config=true
07-22 14:11:15.700 17007 17007 I DecorView: updateCaptionType: isFloating=false isApplication=true hasWindowDecorCaption=false this=DecorView@d719fea[]
07-22 14:11:15.700 17007 17007 D DecorView: setCaptionType = 0, this = DecorView@d719fea[]
07-22 14:11:15.700  2985  5885 I ViewRootImpl@88d560[LauncherActivity]: mWNT: t=0xb4000071b012bfb0 mBlastBufferQueue=0xb4000071effaba70 fn= 9 caller= com.android.systemui.shared.launcher.ViewRootImplCompat.mergeWithNextTransaction:2 com.android.quickstep.util.SurfaceTransactionApplier.lambda$scheduleApply$0:2 com.android.quickstep.util.SurfaceTransactionApplier.b:0
07-22 14:11:15.701 17007 17007 I DecorView: getCurrentDensityDpi: from real metrics. densityDpi=510 msg=resources_loaded
07-22 14:11:15.701 17007 17007 I DecorView: setWindowBackground: isPopOver=false color=ff010101 d=android.graphics.drawable.StateListDrawable@7bd7178
07-22 14:11:15.702 17007 17038 V PythonActivity: Ready to unpack
07-22 14:11:15.702 17007 17007 V SDL     : onStart()
07-22 14:11:15.703 17007 17038 V pythonutil: Unpacking private app
07-22 14:11:15.703 17007 17038 V pythonutil: Data version is a7b30170897fa688610aeb68482b258704df1304
07-22 14:11:15.703 17007 17038 V pythonutil: Unpacking /data/app/~~jd7iuevty7h-9ZxSrJ3FHg==/org.mark.easyweatherapp-ur37idVUu4tcna3pS0-Sgw==/lib/arm64/libpybundle app
07-22 14:11:15.703 17007 17038 V pythonutil: Data version is a7b30170897fa688610aeb68482b258704df1304
07-22 14:11:15.704 17007 17007 V PythonActivity: onResume()
07-22 14:11:15.704 17007 17007 V SDL     : onResume()
07-22 14:11:15.704 17007 17007 I MSHandlerLifeCycle: check: return. pkg=org.mark.easyweatherapp parent=null callers=com.android.internal.policy.DecorView.setVisibility:4416 android.app.ActivityThread.handleResumeActivity:5476 android.app.servertransaction.ResumeActivityItem.execute:54 android.app.servertransaction.ActivityTransactionItem.execute:45 android.app.servertransaction.TransactionExecutor.executeLifecycleState:176
07-22 14:11:15.704 17007 17007 I MSHandlerLifeCycle: removeMultiSplitHandler: no exist. decor=DecorView@d719fea[]
07-22 14:11:15.708  2985  5886 I ViewRootImpl@88d560[LauncherActivity]: mWNT: t=0xb4000071b00e8570 mBlastBufferQueue=0xb4000071effaba70 fn= 10 caller= com.android.systemui.shared.launcher.ViewRootImplCompat.mergeWithNextTransaction:2 com.android.quickstep.util.SurfaceTransactionApplier.lambda$scheduleApply$0:2 com.android.quickstep.util.SurfaceTransactionApplier.b:0
07-22 14:11:15.708 17007 17036 D NativeCustomFrequencyManager: [NativeCFMS] BpCustomFrequencyManager::BpCustomFrequencyManager()
07-22 14:11:15.711  1523  5107 D InputTransport: Input channel constructed: '892003b', fd=982
07-22 14:11:15.711  1523  5107 D InputTransport: Input channel constructed: '892003b', fd=988
07-22 14:11:15.711  1523  5107 D InputTransport: Input channel constructed: '892003b', fd=989
07-22 14:11:15.712  1173  3030 I SurfaceFlinger: id=66068 createSurf flag=80004, 892003b org.mark.easyweatherapp/org.kivy.android.PythonActivity#66068
07-22 14:11:15.712  1523  5107 D RestrictionPolicy: isScreenCaptureEnabled : ret=true userId=0
07-22 14:11:15.713  1523  5107 D InputTransport: Input channel destroyed: '892003b', fd=989
07-22 14:11:15.714 17007 17007 D InsetsController: onStateChanged: InsetsState: {mDisplayFrame=Rect(0, 0 - 1080, 2340), mDisplayCutout=DisplayCutout{insets=Rect(0, 81 - 0, 0) waterfall=Insets{left=0, top=0, right=0, bottom=0} boundingRect={Bounds=[Rect(0, 0 - 0, 0), Rect(512, 0 - 568, 81), Rect(0, 0 - 0, 0), Rect(0, 0 - 0, 0)]} cutoutPathParserInfo={CutoutPathParserInfo{displayWidth=1080 displayHeight=2340 physicalDisplayWidth=1080 physicalDisplayHeight=2340 density={3.0} cutoutSpec={M 0,0 H -9.333333333333333 V 27 H 9.333333333333333 V 0 H 0 Z @dp} rotation={0} scale={1.0} physicalPixelDisplaySizeRatio={1.0}}}}, mRoundedCorners=RoundedCorners{[RoundedCorner{position=TopLeft, radius=108, center=Point(108, 108)}, RoundedCorner{position=TopRight, radius=108, center=Point(972, 108)}, RoundedCorner{position=BottomRight, radius=108, center=Point(972, 2232)}, RoundedCorner{position=BottomLeft, radius=108, center=Point(108, 2232)}]}  mRoundedCornerFrame=Rect(0, 0 - 1080, 2340), mPrivacyIndicatorBounds=PrivacyIndicatorBounds {static bounds=Rect(939, 0 - 1080, 81) rotation=0}, mSources= { InsetsSource: {mType=ITYPE_STATUS_BAR, mFrame=[0,0][1080,81], mVisible=true, mInsetsRoundedCornerFrame=false}, InsetsSource: {mType=ITYPE_NAVIGATION_BAR, mFrame=[0,2187][1080,2340], mVisible=true, mInsetsRoundedCornerFrame=false}, InsetsSource: {mType=ITYPE_LEFT_GESTURES, mFrame=[0,0][0,2340], mVisible=true, mInsetsRoundedCornerFrame=false}, InsetsSource: {mType=ITYPE_RIGHT_GESTURES, mFrame=[1080,0][1080,2340], mVisible=true, mInsetsRoundedCornerFrame=false}, InsetsSource: {mType=ITYPE_TOP_MANDATORY_GESTURES, mFrame=[0,0][1080,119], mVisible=true, mInsetsRoundedCornerFrame=false}, InsetsSource: {mType=ITYPE_BOTTOM_MANDATORY_GESTURES, mFrame=[0,2187][1080,2340], mVisible=true, mInsetsRoundedCornerFrame=false}, InsetsSource: {mType=ITYPE_LEFT_DISPLAY_CUTOUT, mFrame=[0,0][-100000,2340], mVisible=true, mInsetsRoundedCornerFrame=false}, InsetsSource: {mType=ITYPE_TOP_DISPLAY_CUTOUT, mFrame=[0,0][1080,81], mVisible=true, mInsetsRoundedCornerFrame=false}, InsetsSource: {mType=ITYPE_RIGHT_DISPLAY_CUTOUT, mFrame=[100000,0][1080,2340], mVisible=true, mInsetsRoundedCornerFrame=false}, InsetsSource: {mType=ITYPE_BOTTOM_DISPLAY_CUTOUT, mFrame=[0,100000][1080,2340], mVisible=true, mInsetsRoundedCornerFrame=false}, InsetsSource: {mType=ITYPE_TOP_TAPPABLE_ELEMENT, mFrame=[0,0][1080,81], mVisible=true, mInsetsRoundedCornerFrame=false}, InsetsSource: {mType=ITYPE_BOTTOM_TAPPABLE_ELEMENT, mFrame=[0,2187][1080,2340], mVisible=true, mInsetsRoundedCornerFrame=false}, InsetsSource: {mType=ITYPE_IME, mFrame=[0,0][0,0], mVisibleFrame=[0,1297][1080,2340], mVisible=false, mInsetsRoundedCornerFrame=false} } host=org.mark.easyweatherapp/org.kivy.android.PythonActivity from=android.view.ViewRootImpl.setView:1732
07-22 14:11:15.715  1523  5107 D CoreBackPreview: Window{892003b u0 org.mark.easyweatherapp/org.kivy.android.PythonActivity}: Setting back callback OnBackInvokedCallbackInfo{mCallback=android.window.IOnBackInvokedCallback$Stub$Proxy@737acb1, mPriority=0}
07-22 14:11:15.715 17007 17007 I ViewRootImpl@e142d24[PythonActivity]: setView = com.android.internal.policy.DecorView@d719fea TM=true
07-22 14:11:15.716  2985  9520 I RecentModel: onTaskStackChangedBackground
07-22 14:11:15.717  2985  5885 I ViewRootImpl@88d560[LauncherActivity]: mWNT: t=0xb4000071b007b7f0 mBlastBufferQueue=0xb4000071effaba70 fn= 11 caller= com.android.systemui.shared.launcher.ViewRootImplCompat.mergeWithNextTransaction:2 com.android.quickstep.util.SurfaceTransactionApplier.lambda$scheduleApply$0:2 com.android.quickstep.util.SurfaceTransactionApplier.b:0
07-22 14:11:15.718 17007 17007 I MSHandlerLifeCycle: removeMultiSplitHandler: no exist. decor=DecorView@d719fea[PythonActivity]
07-22 14:11:15.718 17007 17007 D IDS_TAG : Starting IDS observe window
07-22 14:11:15.718 17007 17007 D IDS_TAG : Getting Shared Preference for android.app.Application@606408e uid = 10563
07-22 14:11:15.718  2985  3325 I RecentTasksList: loadTasksInBackground : groupTask = GroupTask{task1=[id=12601 windowingMode=1 user=0 lastActiveTime=527580683] null, task2=null, task3=null, mStagedSplitBounds=null}
07-22 14:11:15.718  2985  3325 I RecentTasksList: loadTasksInBackground : groupTask = GroupTask{task1=[id=12603 windowingMode=1 user=0 lastActiveTime=529234863] null, task2=null, task3=null, mStagedSplitBounds=null}
07-22 14:11:15.718  2985  3325 I RecentTasksList: loadTasksInBackground : groupTask = GroupTask{task1=[id=12620 windowingMode=1 user=0 lastActiveTime=530594672] null, task2=null, task3=null, mStagedSplitBounds=null}
07-22 14:11:15.720 17007 17007 I IDS_TAG : App android.app.Application@606408e in NO_IDS list
07-22 14:11:15.721 17007 17007 V pythonutil: Checking pattern libsqlite3\.so against libSDL2.so
07-22 14:11:15.722 17007 17007 V pythonutil: Checking pattern libsqlite3\.so against libSDL2_ttf.so
07-22 14:11:15.722 17007 17007 V pythonutil: Checking pattern libsqlite3\.so against libssl1.1.so
07-22 14:11:15.722 17007 17007 V pythonutil: Checking pattern libsqlite3\.so against libpng16.so
07-22 14:11:15.722 17007 17007 V pythonutil: Checking pattern libsqlite3\.so against libfreetype.so
07-22 14:11:15.722 17007 17007 V pythonutil: Checking pattern libsqlite3\.so against libpython3.10.so
07-22 14:11:15.722 17007 17007 V pythonutil: Checking pattern libsqlite3\.so against libmain.so
07-22 14:11:15.722 17007 17007 V pythonutil: Checking pattern libsqlite3\.so against libcrypto1.1.so
07-22 14:11:15.722 17007 17007 V pythonutil: Checking pattern libsqlite3\.so against libffi.so
07-22 14:11:15.722 17007 17007 V pythonutil: Checking pattern libsqlite3\.so against libSDL2_image.so
07-22 14:11:15.722 17007 17007 V pythonutil: Checking pattern libsqlite3\.so against libSDL2_mixer.so
07-22 14:11:15.722 17007 17007 V pythonutil: Checking pattern libsqlite3\.so against libpybundle.so
07-22 14:11:15.722 17007 17007 V pythonutil: Checking pattern libsqlite3\.so against libsqlite3.so
07-22 14:11:15.722 17007 17007 V pythonutil: Pattern libsqlite3\.so matched file libsqlite3.so
07-22 14:11:15.722 17007 17007 V pythonutil: Checking pattern libffi\.so against libSDL2.so
07-22 14:11:15.722 17007 17007 V pythonutil: Checking pattern libffi\.so against libSDL2_ttf.so
07-22 14:11:15.722 17007 17007 V pythonutil: Checking pattern libffi\.so against libssl1.1.so
07-22 14:11:15.722 17007 17007 V pythonutil: Checking pattern libffi\.so against libpng16.so
07-22 14:11:15.722 17007 17007 V pythonutil: Checking pattern libffi\.so against libfreetype.so
07-22 14:11:15.722 17007 17007 V pythonutil: Checking pattern libffi\.so against libpython3.10.so
07-22 14:11:15.722 17007 17007 V pythonutil: Checking pattern libffi\.so against libmain.so
07-22 14:11:15.722 17007 17007 V pythonutil: Checking pattern libffi\.so against libcrypto1.1.so
07-22 14:11:15.722 17007 17007 V pythonutil: Checking pattern libffi\.so against libffi.so
07-22 14:11:15.722 17007 17007 V pythonutil: Pattern libffi\.so matched file libffi.so
07-22 14:11:15.722 17007 17007 V pythonutil: Checking pattern libffi\.so against libSDL2_image.so
07-22 14:11:15.722 17007 17007 V pythonutil: Checking pattern libffi\.so against libSDL2_mixer.so
07-22 14:11:15.722 17007 17007 V pythonutil: Checking pattern libffi\.so against libpybundle.so
07-22 14:11:15.722 17007 17007 V pythonutil: Checking pattern libffi\.so against libsqlite3.so
07-22 14:11:15.722 17007 17007 V pythonutil: Checking pattern libpng16\.so against libSDL2.so
07-22 14:11:15.722 17007 17007 V pythonutil: Checking pattern libpng16\.so against libSDL2_ttf.so
07-22 14:11:15.722 17007 17007 V pythonutil: Checking pattern libpng16\.so against libssl1.1.so
07-22 14:11:15.722 17007 17007 V pythonutil: Checking pattern libpng16\.so against libpng16.so
07-22 14:11:15.722 17007 17007 V pythonutil: Pattern libpng16\.so matched file libpng16.so
07-22 14:11:15.722 17007 17007 V pythonutil: Checking pattern libpng16\.so against libfreetype.so
07-22 14:11:15.722 17007 17007 V pythonutil: Checking pattern libpng16\.so against libpython3.10.so
07-22 14:11:15.722 17007 17007 V pythonutil: Checking pattern libpng16\.so against libmain.so
07-22 14:11:15.722 17007 17007 V pythonutil: Checking pattern libpng16\.so against libcrypto1.1.so
07-22 14:11:15.722 17007 17007 V pythonutil: Checking pattern libpng16\.so against libffi.so
07-22 14:11:15.722 17007 17007 V pythonutil: Checking pattern libpng16\.so against libSDL2_image.so
07-22 14:11:15.722 17007 17007 V pythonutil: Checking pattern libpng16\.so against libSDL2_mixer.so
07-22 14:11:15.722 17007 17007 V pythonutil: Checking pattern libpng16\.so against libpybundle.so
07-22 14:11:15.722 17007 17007 V pythonutil: Checking pattern libpng16\.so against libsqlite3.so
07-22 14:11:15.722 17007 17007 V pythonutil: Checking pattern libssl.*\.so against libSDL2.so
07-22 14:11:15.722 17007 17007 V pythonutil: Checking pattern libssl.*\.so against libSDL2_ttf.so
07-22 14:11:15.722 17007 17007 V pythonutil: Checking pattern libssl.*\.so against libssl1.1.so
