07-22 14:11:16.434  2431  2431 I BLASTBufferQueue: update, w= 2340 h= 2340 mName = Wallpaper mNativeObject= 0xb4000071eff14490 sc.mNativeObject= 0xb40000717ff33900 format= 2 caller= android.service.wallpaper.WallpaperService$Engine.getOrCreateBLASTSurface:2575 android.service.wallpaper.WallpaperService$Engine.updateSurface:1527 android.service.wallpaper.WallpaperService$Engine.reportVisibility:1902 android.service.wallpaper.WallpaperService$Engine.doVisibilityChanged:1872 android.service.wallpaper.WallpaperService$IWallpaperEngineWrapper.executeMessage:2842 com.android.internal.os.HandlerCaller$MyHandler.handleMessage:44
07-22 14:11:16.434  2431  2431 D WallpaperService: reportVisibility onVisibilityChanged visible: true
07-22 14:11:16.434  4763  5083 D KnoxHelper: getActivityList callingUserId: 0, target user: 0
07-22 14:11:16.434  2431  2668 I ImageWallpaper[GLEngine]:  onVisibilityChanged true , 0
07-22 14:11:16.435  1523  4047 D WALLPAPER_SVC:WallpaperManagerService: getWallpaperSafeLocked, userId = 0, which = 1, caller = com.android.server.wallpaper.WallpaperManagerService.semGetWallpaperType:6816
07-22 14:11:16.435  1523  4047 D WallpaperManagerService: which : 1, return type : 0 (called by userId= 0)
07-22 14:11:16.435  2431  2668 I ImageWallpaperRenderer: updateWallpaperOffset 0 lastCropOffset 0 , wp Type 0 , rotation 0 , allowed true Do not change Display offset 0
07-22 14:11:16.435  4763  5083 D KnoxHelper: getActivityList callingUserId: 0, target user: 0
07-22 14:11:16.435  2985  3326 I LiveIconUtil: getLiveIcon was called in ClockPackage
07-22 14:11:16.436  2431  2431 D SamsungLightBarControlHelper: onStatusBarAppearanceChanged() -  sbModeChanged:false, statusBarMode:MODE_TRANSPARENT, barState:SHADE, isKeyguardShowing:false, navbarColorManagedByIme:false, stackAppearancesChanged:true, (AppearanceRegion{ bounds=[0,0][1080,2340]}, ), packageName:com.sec.android.app.launcher
07-22 14:11:16.436  2985  3326 I LiveIconUtil: getLiveIcon res = com.sec.android.app.clockpackage
07-22 14:11:16.436  1173  1173 I Layer   : Layer [com.sec.android.app.launcher/com.sec.android.app.launcher.activities.LauncherActivity$_2985#66081] hidden!! flag(0)
07-22 14:11:16.436  1173  1173 I Layer   : Layer [com.sec.android.app.launcher/com.sec.android.app.launcher.activities.LauncherActivity$_4652#66080] hidden!! flag(0)
07-22 14:11:16.436  2985  2985 I Launcher.AppsViewCellLayout: com.android.homescreen.apptray.AppsViewCellLayout{ccad33c V.ED..... ........ 2124,81-3128,2087}[a=1.0,v=0,sId=2] setAlpha : 1.0
07-22 14:11:16.436  2985  3326 I LiveIconUtil: stdIconSize : 153 , targetIconSize : 184
07-22 14:11:16.436  2985  3326 I LiveIconUtil: mIconDpi : 640 , mTargetIconDpi : 510
07-22 14:11:16.439  4763  5083 D KnoxHelper: getActivityList callingUserId: 0, target user: 0
07-22 14:11:16.444  4763  5083 D KnoxHelper: getActivityList callingUserId: 0, target user: 0
07-22 14:11:16.444  4763  5083 D KnoxHelper: getActivityList callingUserId: 0, target user: 0
07-22 14:11:16.445  2985  2985 I Launcher.AppsViewCellLayout: com.android.homescreen.apptray.AppsViewCellLayout{ccad33c V.ED..... ........ 2124,81-3128,2087}[a=1.0,v=0,sId=2] setAlpha : 1.0
07-22 14:11:16.447  4763  5083 D KnoxHelper: getActivityList callingUserId: 0, target user: 0
07-22 14:11:16.448  4763  5083 D KnoxHelper: getActivityList callingUserId: 0, target user: 0
07-22 14:11:16.449  4763  5083 D KnoxHelper: getActivityList callingUserId: 0, target user: 0
07-22 14:11:16.449  4763  5083 D KnoxHelper: getActivityList callingUserId: 0, target user: 0
07-22 14:11:16.450  4763  5083 D KnoxHelper: getActivityList callingUserId: 0, target user: 0
07-22 14:11:16.450  4763  5083 D KnoxHelper: getActivityList callingUserId: 0, target user: 0
07-22 14:11:16.453  2985  2985 I Launcher.AppsViewCellLayout: com.android.homescreen.apptray.AppsViewCellLayout{ccad33c V.ED..... ........ 2124,81-3128,2087}[a=1.0,v=0,sId=2] setAlpha : 1.0
07-22 14:11:16.457  2985  3326 I AppIconSolution: load= live icon for com.sec.android.app.clockpackage, from overlay = false
07-22 14:11:16.458  4763  5083 D KnoxHelper: getActivityList callingUserId: 0, target user: 0
07-22 14:11:16.459  2985  3326 I LauncherActivityInfo: packageName: com.sec.android.app.clockpackage, useThemeIcon: false, height: 288, width: 288, density: 640
07-22 14:11:16.459  4763  5083 D KnoxHelper: getActivityList callingUserId: 0, target user: 0
07-22 14:11:16.460  4763  5083 D KnoxHelper: getActivityList callingUserId: 0, target user: 0
07-22 14:11:16.460  4763  5083 D KnoxHelper: getActivityList callingUserId: 0, target user: 0
07-22 14:11:16.461  4763  5083 D KnoxHelper: getActivityList callingUserId: 0, target user: 0
07-22 14:11:16.462  2985  2985 I Launcher.AppsViewCellLayout: com.android.homescreen.apptray.AppsViewCellLayout{ccad33c V.ED..... ........ 2124,81-3128,2087}[a=1.0,v=0,sId=2] setAlpha : 1.0
07-22 14:11:16.462  4763  5083 D KnoxHelper: getActivityList callingUserId: 0, target user: 0
07-22 14:11:16.463  4763  5083 D KnoxHelper: getActivityList callingUserId: 0, target user: 0
07-22 14:11:16.463  2985  3326 I LauncherActivityInfo: Trying to load live icon for com.samsung.android.calendar
07-22 14:11:16.463  4763  5083 D KnoxHelper: getActivityList callingUserId: 0, target user: 0
07-22 14:11:16.464  4763  5083 D KnoxHelper: getActivityList callingUserId: 0, target user: 0
07-22 14:11:16.464  4763  5083 D KnoxHelper: getActivityList callingUserId: 0, target user: 0
07-22 14:11:16.465  2985  3326 I LiveIconLoader: [Calendar] LiveIcon - stdIconSize : 153 , targetIconSize : 184
07-22 14:11:16.465  2985  3326 I LiveIconLoader: [Calendar] LiveIcon - sIconDpi : 640 , targetIconDpi : 510
07-22 14:11:16.465  2985  3326 W LiveIconLoader: System font not found, reverting to Roboto.
07-22 14:11:16.470  2985  2985 I Launcher.AppsViewCellLayout: com.android.homescreen.apptray.AppsViewCellLayout{ccad33c V.ED..... ........ 2124,81-3128,2087}[a=1.0,v=0,sId=2] setAlpha : 1.0
07-22 14:11:16.470  2985  3326 I LiveIconLoader: [Calendar] getLiveIcon - Date: 22
07-22 14:11:16.471  2985  3326 I AppIconSolution: load= live icon for com.samsung.android.calendar, from overlay = false
07-22 14:11:16.471  2985  3326 I LauncherActivityInfo: packageName: com.samsung.android.calendar, useThemeIcon: false, height: 385, width: 385, density: 640
07-22 14:11:16.478  2985  2985 I Launcher.AppsViewCellLayout: com.android.homescreen.apptray.AppsViewCellLayout{ccad33c V.ED..... ........ 2124,81-3128,2087}[a=1.0,v=0,sId=2] setAlpha : 1.0
07-22 14:11:16.486  2985  2985 I Launcher.AppsViewCellLayout: com.android.homescreen.apptray.AppsViewCellLayout{ccad33c V.ED..... ........ 2124,81-3128,2087}[a=1.0,v=0,sId=2] setAlpha : 1.0
07-22 14:11:16.495  2985  2985 I Launcher.AppsViewCellLayout: com.android.homescreen.apptray.AppsViewCellLayout{ccad33c V.ED..... ........ 2124,81-3128,2087}[a=1.0,v=0,sId=2] setAlpha : 1.0
07-22 14:11:16.495  1523  2918 D InputDispatcher: Focus entered window (0): cf7c043 com.sec.android.app.launcher/com.sec.android.app.launcher.activities.LauncherActivity
07-22 14:11:16.495  2985  2985 I ViewRootImpl@88d560[LauncherActivity]: MSG_WINDOW_FOCUS_CHANGED 1 0
07-22 14:11:16.495  2985  2985 I ViewRootImpl@88d560[LauncherActivity]: mThreadedRenderer.initializeIfNeeded()#2 mSurface={isValid=true 0xb40000728056e4b0}
07-22 14:11:16.495  2985  2985 I BaseActivity: addActivityFlags, flags : 8
07-22 14:11:16.496  2985  2985 I InputMethodManager: startInputInner - mService.startInputOrWindowGainedFocus
07-22 14:11:16.496  1523  2918 V InputMethodManagerService: Unspecified window will hide input
07-22 14:11:16.496  1523  2918 V InputMethodManagerService: hideCurrentInputLocked : canceled, shouldHideSoftInput=false, mInputShown=false, mImeWindowVis=0
07-22 14:11:16.496  1523  2918 I InputMethodBindingController: setCurrentMethodNotVisible: mVisibleBound=false, mHasConnection=true, caller = com.android.server.inputmethod.InputMethodManagerService.hideCurrentInputLocked:4339 com.android.server.inputmethod.InputMethodManagerService.startInputOrWindowGainedFocusInternalLocked:4645 com.android.server.inputmethod.InputMethodManagerService.startInputOrWindowGainedFocusInternal:4423 com.android.server.inputmethod.InputMethodManagerService.startInputOrWindowGainedFocus:4362 com.android.internal.view.IInputMethodManager$Stub.onTransact:518 com.android.server.inputmethod.InputMethodManagerService.onTransact:2285 android.os.Binder.execTransactInternal:1316 android.os.Binder.execTransact:1280 <bottom of call stack> <bottom of call stack>
07-22 14:11:16.496  1523  2918 D InputMethodManagerService: DESKTOP MODE! : 2
07-22 14:11:16.496  1523  2918 D InputMethodManagerService: NOT IN KNOX DESKTOP MODE!
07-22 14:11:16.496  1523  2918 V InputMethodManagerService: getDisplayIdOfInputMethodWindowToBeAdded: displayId=0
07-22 14:11:16.497  1523  2918 D InputMethodManagerService: isImeSwitcherDisabledPackage : false
07-22 14:11:16.497  1523  2918 D InputMethodManagerService: shouldShowImeSwitcherLocked : checking vis : 3
07-22 14:11:16.497  1523  2918 D InputMethodManagerService: checkDisplayOfStartInputAndUpdateKeyboard: displayId=0, mFocusedDisplayId=0
07-22 14:11:16.497  1523  2918 D InputTransport: Input channel constructed: 'ClientS', fd=574
07-22 14:11:16.497  1523  2918 D InputTransport: Input channel destroyed: 'ClientS', fd=574
07-22 14:11:16.498  1523  2918 D RestrictionPolicy: isScreenCaptureEnabled : ret=true userId=0
07-22 14:11:16.498  5807  5807 I HBD     : HoneyBoardService onFinishInput
07-22 14:11:16.498  5807  5807 I HBD     : a IC have been unbinding,  RemoteInputConnection{idHash=#526d7df}
07-22 14:11:16.498  1523  2918 I WindowManager: Cancelling animation restarting=true, leash=Surface(name=Surface(name=8982113 InputMethod)/@0x12ad07c - animation-leash of insets_animation)/@0x3c45373
07-22 14:11:16.498  5807  5807 I HBD     : HoneyBoardService [PF_CL][onFinishInput]  0 ms
07-22 14:11:16.498  1523  2918 I WindowManager: Reparenting to original parent: Surface(name=WindowToken{39867e5 type=2011 android.os.Binder@974dadc})/@0xa6bd43b, destroy=false, surface=Surface(name=8982113 InputMethod)/@0x12ad07c
07-22 14:11:16.498  1523  2918 I WindowManager: Reparenting to leash, surface=Surface(name=8982113 InputMethod)/@0x12ad07c, leashParent=Surface(name=WindowToken{39867e5 type=2011 android.os.Binder@974dadc})/@0xa6bd43b
07-22 14:11:16.498  5807  5807 I HBD     : HoneyBoardService [IMI] onStartInput - caller pid : 2985 , caller uid : 10142
07-22 14:11:16.498  5807  5807 I HBD     : j updateConfigs
07-22 14:11:16.499  5807  5807 I HBD     : j isEnabledNightMode : false
07-22 14:11:16.499  5807  5807 I HBD     : a IC have been binding, RemoteInputConnection{idHash=#cca0c2c}
07-22 14:11:16.499  1173  1889 I SurfaceFlinger: id=66085 createSurf flag=24004, Surface(name=8982113 InputMethod)/@0x12ad07c - animation-leash of insets_animation#66085
07-22 14:11:16.499  5807  5807 I HBD     : h [EditorInputType]setPrivateImeOptionsToTable privateImeOptions ( null )
07-22 14:11:16.499  5807  5807 I HBD     : b incognitoMode : false
07-22 14:11:16.499  5807  5807 I HBD     : a needOff = true , isForceOff = false, isNullInputClass : true
07-22 14:11:16.499  5807  5807 I HBD     : h getDefaultInputRange : UNKNOWN
07-22 14:11:16.499  5807  5807 I HBD     : h getDefaultInputRange : UNKNOWN
07-22 14:11:16.499  1523  2918 D WindowManager: makeSurface duration=1 leash=Surface(name=Surface(name=8982113 InputMethod)/@0x12ad07c - animation-leash of insets_animation)/@0x9171760
07-22 14:11:16.499  5807  5807 I HBD     : h getDefaultInputRange : UNKNOWN
07-22 14:11:16.500  1173  1173 D SurfaceFlinger: Display 4633128672291735999 HWC layers:
07-22 14:11:16.500  1173  1173 D SurfaceFlinger:      CLIENT | 0xb40000769698eed0 | 0100 | RGBA_8888    |    0.0  630.0 2340.0 1710.0 |    0    0 1080 2340 | Wallpaper BBQ wrapper#91
07-22 14:11:16.500  1173  1173 D SurfaceFlinger:      CLIENT | 0xb40000769696d3d0 | 0100 | RGBA_8888    |  270.0  584.0  810.0 1756.0 |    0    0 1080 2340 | com.sec.android.app.launcher/com.sec[...]erActivity$_2985#66081 (blurRegions)
07-22 14:11:16.500  1173  1173 D SurfaceFlinger:      DEVICE | 0xb400007696986650 | 0100 | RGBA_8888    |    0.0    0.0 1080.0   81.0 |    0    0 1080   81 | StatusBar$_2431#99
07-22 14:11:16.500  1173  1173 D SurfaceFlinger:      DEVICE | 0xb400007696981250 | 0100 | RGBA_8888    |    0.0    0.0   67.0  341.0 | 1013  336 1080  677 | com.samsung.android.app.cocktailbars[...]rvice.CocktailBarService$_4985#65510
07-22 14:11:16.500  1173  1173 D SurfaceFlinger:      DEVICE | 0xb400007696964990 | 0100 | RGBA_8888    |    0.0    0.0 1080.0  153.0 |    0 2187 1080 2340 | NavigationBar0$_2431#94
07-22 14:11:16.500  1173  1173 D SurfaceFlinger:
07-22 14:11:16.500  5807  5807 I HBD     : a needOff = true , isForceOff = false, isNullInputClass : true
07-22 14:11:16.500  5807  5807 I HBD     : a update cached prediction status : false
07-22 14:11:16.500  5807  5807 I HBD     : h getDefaultInputRange : UNKNOWN
07-22 14:11:16.500  5807  5807 I HBD     : a currentState : 0
07-22 14:11:16.501  5807  5807 I HBD     : a [UpdatePolicy] [post] a: 0 cl: 1441799 kit: [0/2] vt: 0 ir: 1
07-22 14:11:16.501  5807  5807 I HBD     : a [NRIC] resetNoResponseState
07-22 14:11:16.501  5807  5807 I HBD     : a needOff = true , isForceOff = false, isNullInputClass : true
07-22 14:11:16.501  5807  5807 I HBD     : a update cached prediction status : false
07-22 14:11:16.501  5807  5807 I HBD     : HoneyBoardService [PF_OP][onStartInput]  3 ms
07-22 14:11:16.503  1173  1173 I Layer   : id=66078 removeFromCurrentState Surface(name=8982113 InputMethod)/@0x12ad07c - animation-leash of insets_animation#66078 (123)
07-22 14:11:16.503  2985  2985 I Launcher.AppsViewCellLayout: com.android.homescreen.apptray.AppsViewCellLayout{ccad33c V.ED..... .......D 2124,81-3128,2087}[a=1.0,v=0,sId=2] setAlpha : 1.0
07-22 14:11:16.507  1523  4047 D InputMethodManagerService: isImeSwitcherDisabledPackage : false
07-22 14:11:16.508  5807  5807 I InputMethodService: removeImeSurface
07-22 14:11:16.508  5807  5807 I MSHandlerLifeCycle: check: return. pkg=com.samsung.android.honeyboard isActivity=false callers=com.android.internal.policy.DecorView.setVisibility:4416 android.app.Dialog.hide:767 android.inputmethodservice.InputMethodService.removeImeSurface:1290 android.inputmethodservice.InputMethodService.scheduleImeSurfaceRemoval:1279 android.inputmethodservice.InputMethodService.-$$Nest$mscheduleImeSurfaceRemoval:0
07-22 14:11:16.508  5807  5807 I MSHandlerLifeCycle: removeMultiSplitHandler: no exist. decor=DecorView@bf3c4d8[InputMethod]
07-22 14:11:16.512  2985  2985 I Launcher.AppsViewCellLayout: com.android.homescreen.apptray.AppsViewCellLayout{ccad33c V.ED..... ........ 2124,81-3128,2087}[a=1.0,v=0,sId=2] setAlpha : 1.0
07-22 14:11:16.520  2985  2985 I Launcher.AppsViewCellLayout: com.android.homescreen.apptray.AppsViewCellLayout{ccad33c V.ED..... ........ 2124,81-3128,2087}[a=1.0,v=0,sId=2] setAlpha : 1.0
07-22 14:11:16.528  2985  2985 I Launcher.AppsViewCellLayout: com.android.homescreen.apptray.AppsViewCellLayout{ccad33c V.ED..... ........ 2124,81-3128,2087}[a=1.0,v=0,sId=2] setAlpha : 1.0
07-22 14:11:16.531  1523  2778 D MdnieScenarioControlService:  packageName : com.sec.android.app.launcher    className : com.android.launcher3.uioverrides.QuickstepLauncher
07-22 14:11:16.531  1523  2778 V MdnieScenarioControlService: setUIMode from UI function(3)
07-22 14:11:16.537  2985  2985 I Launcher.AppsViewCellLayout: com.android.homescreen.apptray.AppsViewCellLayout{ccad33c V.ED..... ........ 2124,81-3128,2087}[a=1.0,v=0,sId=2] setAlpha : 1.0
07-22 14:11:16.545  2985  2985 I Launcher.AppsViewCellLayout: com.android.homescreen.apptray.AppsViewCellLayout{ccad33c V.ED..... ........ 2124,81-3128,2087}[a=1.0,v=0,sId=2] setAlpha : 1.0
07-22 14:11:16.553  2985  2985 I Launcher.AppsViewCellLayout: com.android.homescreen.apptray.AppsViewCellLayout{ccad33c V.ED..... ........ 2124,81-3128,2087}[a=1.0,v=0,sId=2] setAlpha : 1.0
07-22 14:11:16.562  2985  2985 I Launcher.AppsViewCellLayout: com.android.homescreen.apptray.AppsViewCellLayout{ccad33c V.ED..... ........ 2124,81-3128,2087}[a=1.0,v=0,sId=2] setAlpha : 1.0
07-22 14:11:16.570  2985  2985 I Launcher.AppsViewCellLayout: com.android.homescreen.apptray.AppsViewCellLayout{ccad33c V.ED..... ........ 2124,81-3128,2087}[a=1.0,v=0,sId=2] setAlpha : 1.0
07-22 14:11:16.570  2985  2985 I AppsSearchBar: mCurrentCellLayouts onAnimationEnd
07-22 14:11:16.570  2985  2985 I Launcher.AppsViewCellLayout: com.android.homescreen.apptray.AppsViewCellLayout{ccad33c V.ED..... ........ 2124,81-3128,2087}[a=1.0,v=0,sId=2] setAlpha : 1.0
07-22 14:11:16.618  1104 17026 I HYPER-HAL: [ResourceManager.cpp]removeResource(): [CPULittleMinFreq] RemoveResource Request ID : 1198951
07-22 14:11:16.619  1104 17026 I HYPER-HAL: [RequestManager.cpp]releaseLocked(): Released ID : 1198951
07-22 14:11:16.632  1523  2778 V MdnieScenarioControlService: mAclOffEnabled : false mAclPreviewState : false mAclCompensationState : false
07-22 14:11:16.682  1523  2349 I WifiService: getConnectionInfo uid=1000
07-22 14:11:16.686  1523  2248 D WifiClientModeImpl[wlan0]: updateLinkLayerStatsRssiSpeedFrequencyCapabilities rssi=-57 TxLinkspeed=234 freq=5500 RxLinkSpeed=390
07-22 14:11:16.686  1523  2248 D WifiDataStall: tx tput in kbps: 209274
07-22 14:11:16.686  1523  2248 D WifiDataStall: rx tput in kbps: 489531
07-22 14:11:16.686  1523  2248 V WifiConfigManager: Updating scan detail cache freq=5500 BSSID=ac:cf:7b:45:ff:05 RSSI=-57 for "Livebox-FF00"WPA_PSK
07-22 14:11:16.686  1523  2248 D WifiDataStall:  ccaLevel = 15
07-22 14:11:16.686  1523  2248 D WifiDataStall: L2 txTputKbps: 209274, rxTputKbps: 367148, L3 txTputKbps: 0, rxTputKbps: 13, TxTrafficHigh: false, RxTrafficHigh: true, Throughput Sufficient: true
07-22 14:11:16.686  1523  3547 D SemWifiUsabilityStatsMonitor: onWifiUsabilityStats - seqNum 30567, isSameBssidAndFreq true
07-22 14:11:16.686  1523  2248 D WifiScoreCard: BSSID update SIGNAL_POLL ID: 1802184154 SSID: "Livebox-FF00", BSSID: ac:cf:7b:45:ff:05, MAC: be:ba:26:41:c0:c1, IP: /192.168.1.10, Security type: 2, Supplicant state: COMPLETED, Wi-Fi standard: 5, RSSI: -57, Link speed: 234Mbps, Tx Link speed: 234Mbps, Max Supported Tx Link speed: 866Mbps, Rx Link speed: 390Mbps, Max Supported Rx Link speed: 866Mbps, Frequency: 5500MHz, Net ID: 3, Metered hint: false, score: 60, isUsable: true, CarrierMerged: false, SubscriptionId: -1, IsPrimary: 1, Trusted: true, Restricted: false, Ephemeral: false, OEM paid: false, OEM private: false, OSU AP: false, FQDN: <none>, Provider friendly name: <none>, Requesting package name: <none>"Livebox-FF00"wpa2-pskMLO Information: , AP MLD Address: <none>, AP MLO Link Id: <none>, AP MLO Affiliated links: <none>
07-22 14:11:16.686  1523  2248 D WifiScoreCard: txRate: 2 txSpeed: 234
07-22 14:11:16.686  1523  2248 D WifiScoreCard: network update SIGNAL_POLL "Livebox-FF00" ID: 1990385669 RSSI -57 txSpeed -1
07-22 14:11:16.686  1523  2327 I WifiService: getConnectionInfo uid=1000
07-22 14:11:16.687  1523  2248 D WifiClientModeImpl[wlan0]:  L2ConnectedState screen=on 5 0 "Livebox-FF00" ac:cf:7b:**:**:05 rssi=-57 f=5500 sc=60 link=234 tx=0.6, 0.5, 0.0 rx=3.9 bcn=45807 [on:577 tx:3 rx:3 period:3011] from screen [on:4440207 period:1474557] score=60
07-22 14:11:16.687  2431  2662 V WifiManager: TrafficStateCallbackProxy: onStateChanged state=3
07-22 14:11:16.687  1523  2349 V WifiService: Clearing REDACT_FOR_LOCAL_MAC_ADDRESS for android(uid=1000)
07-22 14:11:16.687  1523  2327 V WifiService: Clearing REDACT_FOR_LOCAL_MAC_ADDRESS for android(uid=1000)
07-22 14:11:16.687  1523  2327 V WifiService: Clearing REDACT_FOR_NETWORK_SETTINGS for android(uid=1000)
07-22 14:11:16.687  1523  2327 V WifiService: Clearing REDACT_FOR_ACCESS_FINE_LOCATION for android(uid=1000)
07-22 14:11:16.687  1523  2327 I SemWifiLinkQualityMonitor: Link Qos Query: 0,069 ms / 115,305 Mbps (234 / 0,001 / 2,000)
07-22 14:11:16.687  2431  2431 D NetworkController.WifiSignalController: notifyListener: visible=true, connected=true, inetCondition=1, isDefault=true, wifiTestReported=true, receivedInetCondition=-1, hideDuringMobileSwitching=false
07-22 14:11:16.687  1523  2349 V WifiService: Clearing REDACT_FOR_NETWORK_SETTINGS for android(uid=1000)
07-22 14:11:16.687  1523  2349 V WifiService: Clearing REDACT_FOR_ACCESS_FINE_LOCATION for android(uid=1000)
07-22 14:11:16.688  2431  2591 D Tile.WifiTile: handleUpdateState isTransient=false transientEnabling =false cb.isTransient=false state.state = 2 mStateBeforeClick.value =false enabled =true
07-22 14:11:16.689  1523  2351 I WifiService: getConnectionInfo uid=1000
07-22 14:11:16.689  1523  2351 V WifiService: Clearing REDACT_FOR_LOCAL_MAC_ADDRESS for android(uid=1000)
07-22 14:11:16.689  1523  2351 V WifiService: Clearing REDACT_FOR_NETWORK_SETTINGS for android(uid=1000)
07-22 14:11:16.689  1523  2351 V WifiService: Clearing REDACT_FOR_ACCESS_FINE_LOCATION for android(uid=1000)
07-22 14:11:16.803  1523  2433 I Pageboost: Launcher Page Up
07-22 14:11:16.930  1173  1173 D SurfaceFlinger: GPIS:: requestGPIS
07-22 14:11:16.931  1523  1607 I WindowManager: Reparenting to original parent: Surface(name=DefaultTaskDisplayArea)/@0x79dda26, destroy=true, surface=Surface(name=Task=1)/@0xe759981
07-22 14:11:16.931  2985  2985 W Launcher: onEnterAnimationComplete
07-22 14:11:16.939  1173  1173 I Layer   : id=66084 removeFromCurrentState Surface(name=Task=1)/@0xe759981 - animation-leash of app_transition#66084 (123)
07-22 14:11:16.939  1173  1173 I SurfaceFlinger: id=66084 Removed Surface(name=Task=1)/@0xe759981 - animation-leash of app_transition#66084 (123)
07-22 14:11:16.939  1173  1173 I Layer   : id=66084 Destroyed Surface(name=Task=1)/@0xe759981 - animation-leash of app_transition#66084
07-22 14:11:16.985  1523  2316 I ChimeraAggressivePolicyHandler: executePolicy() - triggerSource: TRIGGER_SOURCE_LMKD
07-22 14:11:16.985  1523  2316 I ChimeraAggressivePolicyHandler: available memory: 3211364, free memory target: 1992704, quit chimera
07-22 14:11:17.000  1523 17059 D TspStateManager: wrote command: cmd=1,45,7,24,702,24,2340, type=1
07-22 14:11:17.002  1119  1119 I sysinput:Touch: writeInformation:249, OK
07-22 14:11:17.002  1523  1868 D SysinputHAL_V1_3(V1_2): runTspCmdNoRead(1): set_grip_data,1,45,7,24,702,24,2340(0)
07-22 14:11:17.036  1104 16999 I HYPER-HAL: [RequestManager.cpp]releaseLocked(): Released ID : 11943853
07-22 14:11:17.119  1104 17016 I HYPER-HAL: [RequestManager.cpp]releaseLocked(): Released ID : 11909658
07-22 14:11:17.133  5768  5802 I BSD_SERVICE: BatteryData{userSoc=71.0, voltage=4.045000076293945, current=-0.02812499925494194, chargingStatus='2', timeStamp='1690027877133'}
07-22 14:11:17.190  1173  1173 I DisplayDevice: [Display 4633128672291735999 (internal, primary, "samsung lcd  ")] ActiveConfigToHWC, ID : 5
07-22 14:11:17.191  1173  1173 I LayerHistory: StatusBar$_2431#99 voted 1, 0.00 fps
07-22 14:11:17.191  1173  1173 I LayerHistory: com.sec.android.app.launcher/com.sec.android.app.launcher.activities.LauncherActivity$_2985#66081 Max (can't resolve refresh rate)
07-22 14:11:17.191  1173  1173 I LayerHistory: NavigationBar0$_2431#94 Max (can't resolve refresh rate)
07-22 14:11:17.191  1173  1173 I SurfaceFlinger: Idle - choose 24.00 Hz
07-22 14:11:17.191  1173  1272 I VSyncReactor: Current= 120, Period= 24, hwcPeriod= 120
07-22 14:11:17.194  1091  1216 D display : setActiveConfigWithConstraints:: PrimaryDisplay config(12)
07-22 14:11:17.194  1091  1216 I display : Current VRR MODE is 3
07-22 14:11:17.194  1091  1216 I display : setActiveConfigWithConstraints:: HFR match - config: 13, base: 12, try: 0
07-22 14:11:17.194  1091  1216 I display : setActiveConfigWithConstraints::update 1080x2340@24phs
07-22 14:11:17.194  1091  1216 I display : commit modeset : 1080x2340@24phs
07-22 14:11:17.197  1104 17054 I HYPER-HAL: [RequestManager.cpp]releaseLocked(): Released ID : 1206711
07-22 14:11:17.206  1091  1216 W display : deliverWinConfigData:: commit modeset time (11 ms)
07-22 14:11:17.207  1091  1166 I display : [compareVsyncPeriod] set the lowest(mode:0) vsync 416 of display(0)
07-22 14:11:17.207  1091  1166 I display : getFpsForPerformance, performance table found using table(key:30, cpu:255)
07-22 14:11:17.208  1091  1166 I display : Set m2mMPP capacity(24) for fps(30)
07-22 14:11:17.208  1091  1166 I display : getFpsForPerformance, performance table found using table(key:30, cpu:255)
07-22 14:11:17.208  1091  1166 I display : Set Affinity config for fps(30) : cpuIDs : 255
07-22 14:11:17.208  1091  1166 I display : Set Affinity CPU ID : 0
07-22 14:11:17.208  1091  1166 I display : Set Affinity CPU ID : 1
07-22 14:11:17.208  1091  1166 I display : Set Affinity CPU ID : 2
07-22 14:11:17.208  1091  1166 I display : Set Affinity CPU ID : 3
07-22 14:11:17.208  1091  1166 I display : Set Affinity CPU ID : 4
07-22 14:11:17.208  1091  1166 I display : Set Affinity CPU ID : 5
07-22 14:11:17.208  1091  1166 I display : Set Affinity CPU ID : 6
07-22 14:11:17.208  1091  1166 I display : Set Affinity CPU ID : 7
07-22 14:11:17.208  1091  1166 I display : Set affinity HWC : 1091
07-22 14:11:17.208  1091  1166 I display : CPU set : Cluster(0), min_clock(0)
07-22 14:11:17.208  1091  1166 I display : CPU set : Cluster(1), min_clock(0)
07-22 14:11:17.208  1091  1166 I display : CPU set : Cluster(2), min_clock(0)
07-22 14:11:17.208  1173  1898 D NativeSemDvfsManager: acquire:: timeout = 2000 mIsAcquired = 1  mTagName : SurfaceFlinger
07-22 14:11:17.209  1173  1272 I VSyncReactor: Current= 120, Period= 24, hwcPeriod= 24
07-22 14:11:17.210  1173  1898 E NativeCustomFrequencyManager: [NativeCFMS] BpCustomFrequencyManager::acquire()
07-22 14:11:17.210  1104  1231 I HYPER-HAL: [RequestManager.cpp]acquire(): Acquired ID : 2363051  [1173 / 1000]    HINT : SF_GPU_MINLOCK    list : [TIMEOUT / 2000]
07-22 14:11:17.422  1523 13291 D SGM:GameManager: identifyGamePackage. com.sec.android.app.launcher, mCurrentUserId: 0, callerUserId: 0, callingMethodInfo: com.android.server.ssrm.SortingMachine.isGame(SortingMachine.java:162)
07-22 14:11:17.423  1523 13291 D SGM:PkgDataHelper: getGamePkgData(). com.sec.android.app.launcher
07-22 14:11:17.476  2985  3327 I QuickstepModelDelegate: Widget predictions updated
07-22 14:11:17.711  1523  2351 I WifiService: getConnectionInfo uid=1000
07-22 14:11:17.713  1523  2351 V WifiService: Clearing REDACT_FOR_LOCAL_MAC_ADDRESS for android(uid=1000)
07-22 14:11:17.713  1523  2351 V WifiService: Clearing REDACT_FOR_NETWORK_SETTINGS for android(uid=1000)
07-22 14:11:17.713  1523  2351 V WifiService: Clearing REDACT_FOR_ACCESS_FINE_LOCATION for android(uid=1000)
07-22 14:11:17.782   668   668 D io_stats: !@   8,0 r 27898941 546489520 w 11747003 150452580 d 3128592 178827100 f 0 1105975 iot 17766188 0 th 0 0 0 pt 0 inp 0 0 197066.638
07-22 14:11:17.783   668   668 D io_stats: !@ Read_top(KB): SDLActivity(17007) 52 ogle.android.as(4763) 16 loop43(3234) 8
07-22 14:11:17.783   668   668 D io_stats: !@ Write_top(KB): kworker/u16:4(16424) 1264 .gms.persistent(12152) 188 f2fs_ckpt-254:4(3069) 28
07-22 14:11:17.898  1104 17055 I HYPER-HAL: [RequestManager.cpp]releaseLocked(): Released ID : 11914540