07-22 14:11:16.395  1523  2514 D WindowManagerServiceExt: notifyOccludeChangeNotice: reset caller=com.android.server.wm.WindowManagerServiceExt.updateOccludeTargetIfNeeded:1402 com.android.server.wm.DisplayContent.ensureActivitiesVisible:7532 com.android.server.wm.RootWindowContainer.ensureActivitiesVisible:2248 com.android.server.wm.RootWindowContainer.ensureVisibilityAndConfig:2126 com.android.server.wm.TaskFragment.resumeTopActivity:1652
07-22 14:11:16.395  1523  2514 V WindowManager: rotationForOrientation(orient=SCREEN_ORIENTATION_NOSENSOR (5), last=ROTATION_0 (0)); user=ROTATION_0 (0) USER_ROTATION_LOCKED
07-22 14:11:16.395  1523  2514 D WindowManager: rotationForOrientation, orientationSource=ActivityRecord{2d972d7 u0 com.sec.android.app.launcher/.activities.LauncherActivity} t11905}
07-22 14:11:16.396  1173  1173 E BpTransactionCompletedListener: Failed to transact (-32)
07-22 14:11:16.396  1523  2514 V WindowManager: Computed rotation=ROTATION_0 (0) for display id=0 based on lastOrientation=SCREEN_ORIENTATION_NOSENSOR (5) and oldRotation=ROTATION_0 (0), caller=com.android.server.wm.DisplayRotation.updateOrientation:414 com.android.server.wm.DisplayContent.updateOrientation:1990 com.android.server.wm.DisplayContent.updateOrientation:1891 com.android.server.wm.RootWindowContainer.ensureVisibilityAndConfig:2139 com.android.server.wm.TaskFragment.resumeTopActivity:1652 com.android.server.wm.TaskFragment.resumeTopActivity:1307
07-22 14:11:16.396  1173  1173 I Layer   : id=66069 Destroyed org.mark.easyweatherapp/org.kivy.android.PythonActivity$_17007#66069
07-22 14:11:16.396  1173  1173 I Layer   : id=66072 Destroyed Bounds for - org.mark.easyweatherapp/org.kivy.android.PythonActivity@0#66072
07-22 14:11:16.396  1173  1173 I Layer   : id=66073 Destroyed SurfaceView[org.mark.easyweatherapp/org.kivy.android.PythonActivity]@0#66073
07-22 14:11:16.396  1173  1173 I Layer   : id=66074 Destroyed SurfaceView[org.mark.easyweatherapp/org.kivy.android.PythonActivity]@0(BLAST)#66074
07-22 14:11:16.396  1173  1173 I Layer   : id=66075 Destroyed Background for SurfaceView[org.mark.easyweatherapp/org.kivy.android.PythonActivity]@0#66075
07-22 14:11:16.396  1523  2514 D TspStateManager: updateCustomValue customSetting=
07-22 14:11:16.396  1523  2514 D TspStateManager: updateCustomValue customSetting=
07-22 14:11:16.397  2985  2985 I ViewRootImpl@88d560[LauncherActivity]: stopped(false) old = true
07-22 14:11:16.397  2985  2985 I ViewRootImpl@88d560[LauncherActivity]: WindowStopped on com.sec.android.app.launcher/com.sec.android.app.launcher.activities.LauncherActivity set to false
07-22 14:11:16.397  1523  2514 W WindowManager: Execute app transition: mNextAppTransitionRequests=[TRANSIT_OPEN], mNextAppTransitionFlags=, displayId: 0 Callers=com.android.server.wm.RootWindowContainer.executeAppTransitionForAllDisplay:2580 com.android.server.wm.ActivityTaskSupervisor.reportResumedActivityLocked:2285 com.android.server.wm.ActivityRecord.completeResumeLocked:6987 com.android.server.wm.TaskFragment.resumeTopActivity:1743 com.android.server.wm.TaskFragment.resumeTopActivity:1307
07-22 14:11:16.397  1173  1173 D SurfaceFlinger: Display 4633128672291735999 HWC layers:
07-22 14:11:16.397  1173  1173 D SurfaceFlinger:      DEVICE | 0xb400007696986650 | 0100 | RGBA_8888    |    0.0    0.0 1080.0   81.0 |    0    0 1080   81 | StatusBar$_2431#99
07-22 14:11:16.397  1173  1173 D SurfaceFlinger:      DEVICE | 0xb400007696981250 | 0100 | RGBA_8888    |    0.0    0.0   67.0  341.0 | 1013  336 1080  677 | com.samsung.android.app.cocktailbars[...]rvice.CocktailBarService$_4985#65510
07-22 14:11:16.397  1173  1173 D SurfaceFlinger:      DEVICE | 0xb40000769698e0d0 | 0100 | RGBA_8888    |    0.0    0.0 1080.0  153.0 |    0 2187 1080 2340 | NavigationBar0$_2431#94
07-22 14:11:16.397  1173  1173 D SurfaceFlinger:
07-22 14:11:16.397  2985  2985 I Launcher: !@Boot_DEBUG: Launcher.onStart()
07-22 14:11:16.397  2985  2985 I Launcher: !@Boot_EBS_D: Launcher.onStart()
07-22 14:11:16.397  2985  2985 I BaseActivity: addActivityFlags, flags : 1
07-22 14:11:16.397  2985  2985 I WallpaperBlurController: dispatchTransactionSurface: mCurrentBlur = 150
07-22 14:11:16.398  2985  2985 W LauncherAppWidgetHost: setShouldListenFlag, mFlags:2 flag:start on:true isFront:false
07-22 14:11:16.398  2985  2985 W Launcher: onStart isListening : false isLoading false
07-22 14:11:16.398  2985  2985 I MSHandlerLifeCycle: removeMultiSplitHandler: no exist. decor=DecorView@268406f[LauncherActivity]
07-22 14:11:16.398  2985  2985 I ViewRootImpl@88d560[LauncherActivity]: stopped(false) old = false
07-22 14:11:16.398  2985  2985 I Launcher: !@Boot_DEBUG: Launcher.onResume()
07-22 14:11:16.398  2985  2985 I Launcher: !@Boot_EBS_D: Launcher.onResume()
07-22 14:11:16.398  2985  2985 I BaseActivity: addActivityFlags, flags : 18
07-22 14:11:16.399  2985  3327 I LiveIconUpdateEventHandler: cancelMinuteChangeAlarm
07-22 14:11:16.399  2985  2985 I BaseActivity: removeActivityFlags, flags : 32
07-22 14:11:16.399  2985  3325 I IMM_LC  : hsifw() - flag : 0
07-22 14:11:16.399  2985  3325 I IMM_LC  : hsifw() - mService.hideSoftInput
07-22 14:11:16.399  2985  2985 I AppsSearchBar: restoreCurrentCellLayoutAlpha: [com.android.homescreen.apptray.AppsViewCellLayout{ccad33c V.ED..... .......D 2124,81-3128,2087}[a=1.0,v=0,sId=2]]
07-22 14:11:16.399  1523  4047 D InputMethodManagerService: hideSoftInput
07-22 14:11:16.399  1523  2514 I AppOps  : updateUidProcState uid: 10239 procState: 3 capability:15
07-22 14:11:16.399  1523  2514 I ActivityManager: Changes in 10142 5 to 2, 8 to 15
07-22 14:11:16.399  1523  2514 I AppOps  : updateUidProcState uid: 10142 procState: 2 capability:15
07-22 14:11:16.399  1523  2514 I ActivityManager: updateOomAdj start time is before than pendingPid added, don't delete it
07-22 14:11:16.399  1523  4047 W InputMethodManagerService: Ignoring hideSoftInput of uid 10142: com.android.internal.view.IInputMethodClient$Stub$Proxy@73dd15c
07-22 14:11:16.399  2985  2985 I Launcher.AppsViewCellLayout: com.android.homescreen.apptray.AppsViewCellLayout{ccad33c V.ED..... .......D 2124,81-3128,2087}[a=1.0,v=0,sId=2] setAlpha : 1.0
07-22 14:11:16.399  2985  2985 I Launcher.AppsViewCellLayout: com.android.homescreen.apptray.AppsViewCellLayout{ccad33c V.ED..... .......D 2124,81-3128,2087}[a=1.0,v=0,sId=2] setAlpha : 1.0
07-22 14:11:16.399  2985  2985 W SearchLauncherServiceMover: isMoving : false
07-22 14:11:16.399  2985  3327 I LiveIconUpdateEventHandler: setMinuteChangeAlarm Sat Jul 22 14:12:00 GMT+02:00 2023
07-22 14:11:16.399  2985  2985 I DecorView: notifyKeepScreenOnChanged: keepScreenOn=false
07-22 14:11:16.399  2985  2985 I Launcher: setWallpaperOffsets
07-22 14:11:16.400  2985  2985 I DecorView: notifyKeepScreenOnChanged: keepScreenOn=false
07-22 14:11:16.400 14902 16049 I SAMSUNGWALLET: [Hint_d] isHomePackageRunning topPkgName = com.sec.android.app.launcher, topClsName = com.android.launcher3.uioverrides.QuickstepLauncher, return true , se : true
07-22 14:11:16.400  2985  2985 I MSHandlerLifeCycle: removeMultiSplitHandler: no exist. decor=DecorView@268406f[LauncherActivity]
07-22 14:11:16.400  2985  2985 I BaseActivity: addActivityFlags, flags : 4
07-22 14:11:16.400  2985  2985 I Launcher: onDeferredResumed
07-22 14:11:16.400  2985  2985 I InstallShortcutReceiver: flushInstallQueue 0
07-22 14:11:16.400  2985  2985 I Launcher.NotificationListener: registerObserver this is not notificationService!!
07-22 14:11:16.400  2985  2985 I Launcher.NotificationListener: onNotificationFullRefresh
07-22 14:11:16.400  2985  5668 I Launcher: DisplayMetrics from Resources : DisplayMetrics{density=3.1875, width=1080, height=2106, scaledDensity=4.1437497, xdpi=428.625, ydpi=424.542}
07-22 14:11:16.400  2985  5668 I Launcher: realMetrics from Wm : DisplayMetrics{density=3.1875, width=1080, height=2340, scaledDensity=3.1875, xdpi=428.625, ydpi=424.542}
07-22 14:11:16.400  2985  2985 I BadgeCountUpdaterImpl: onNotificationsChangedConnected
07-22 14:11:16.400  2985  2985 W LauncherAppWidgetHost: setShouldListenFlag, mFlags:6 flag:resume on:true isFront:false
07-22 14:11:16.400  2985  5668 I Launcher: Launcher DeviceProfile onResume availSize: 1080x2187 windowSize: 1080x2340 isLandscape: false
07-22 14:11:16.400  1523  5120 I AppWidgetServiceImpl: startListening callbacks : com.android.internal.appwidget.IAppWidgetHost$Stub$Proxy@4445c65
07-22 14:11:16.400 14902 16997 I SAMSUNGWALLET: [Hint_ProcessStatusChange] fg Change, pid : 2985 , isNotify : true , isForeground : true , fg list : [2985]
07-22 14:11:16.400  1523  1605 W ActivityManager: setHasOverlayUi called on unknown pid: 17007
07-22 14:11:16.400  2985  2985 W LauncherAppWidgetHost: startListening, mFlags:15 isFront:false
07-22 14:11:16.401  2985  3326 I InstallShortcutReceiver: flushQueueInBackground 0
07-22 14:11:16.402  1523  1523 I Pageboost: package null
07-22 14:11:16.402  3261  3261 E pageboostd: Received HALT command code 2
07-22 14:11:16.403  1173  1173 I Layer   : id=66061 removeFromCurrentState ActivityRecord{d91200a u0 org.mark.easyweatherapp/org.kivy.android.PythonActivity} t12620}#66061 (122)
07-22 14:11:16.403  1173  1173 I Layer   : id=66067 removeFromCurrentState 25c7875 ActivityRecordInputSink org.mark.easyweatherapp/org.kivy.android.PythonActivity#66067 (122)
07-22 14:11:16.403  1173  1173 I Layer   : id=66060 removeFromCurrentState Task=12620#66060 (122)
07-22 14:11:16.403  1173  1173 I Layer   : id=66079 removeFromCurrentState Task=12620#66079 (122)
07-22 14:11:16.403  1173  1173 I SurfaceFlinger: id=66061 Removed ActivityRecord{d91200a u0 org.mark.easyweatherapp/org.kivy.android.PythonActivity} t12620}#66061 (122)
07-22 14:11:16.403  1173  1173 I SurfaceFlinger: id=66079 Removed Task=12620#66079 (122)
07-22 14:11:16.403  9649  9704 I Rubin   : [1137] t9.a.c(SourceFile:1) : Notify com.samsung.android.rubin.inferenceengine.contextanalytics.engine.loggers.d's database is updated.
07-22 14:11:16.403  1173  1173 I Layer   : id=66061 Destroyed ActivityRecord{d91200a u0 org.mark.easyweatherapp/org.kivy.android.PythonActivity} t12620}#66061
07-22 14:11:16.403  1173  1173 I Layer   : id=66067 Destroyed 25c7875 ActivityRecordInputSink org.mark.easyweatherapp/org.kivy.android.PythonActivity#66067
07-22 14:11:16.403  1173  1173 I Layer   : id=66079 Destroyed Task=12620#66079
07-22 14:11:16.403  2985  3327 I LiveIconViewUpdater: onUpdateLiveIcon - id : 37, itemType : 0
07-22 14:11:16.403  2985  2985 I Launcher.AppsViewCellLayout: com.android.homescreen.apptray.AppsViewCellLayout{ccad33c V.ED..... .......D 2124,81-3128,2087}[a=1.0,v=0,sId=2] setAlpha : 1.0
07-22 14:11:16.403  4652  4652 I ViewRootImpl@9a77b58[LauncherActivity]: performTraversals mFirst=false windowShouldResize=false viewVisibilityChanged=true mForceNextWindowRelayout=false params=null
07-22 14:11:16.404  1523  5120 D SGM:GameManager: identifyForegroundApp. com.sec.android.app.launcher, mCurrentUserId: 0, callerUserId: 0
07-22 14:11:16.404  1523  5120 D SGM:PkgDataHelper: getGamePkgData(). com.sec.android.app.launcher
07-22 14:11:16.404  2985  2985 I ViewRootImpl@88d560[LauncherActivity]: performTraversals params={(0,0)(fillxfill) sim={adjust=nothing forwardNavigation} layoutInDisplayCutoutMode=shortEdges ty=BASE_APPLICATION fmt=TRANSPARENT wanim=0x10302f4
07-22 14:11:16.404  2985  2985 I ViewRootImpl@88d560[LauncherActivity]:   fl=81910100
07-22 14:11:16.404  2985  2985 I ViewRootImpl@88d560[LauncherActivity]:   pfl=1e020040
07-22 14:11:16.404  2985  2985 I ViewRootImpl@88d560[LauncherActivity]:   vsysui=1700
07-22 14:11:16.404  2985  2985 I ViewRootImpl@88d560[LauncherActivity]:   bhv=SHOW_TRANSIENT_BARS_BY_SWIPE
07-22 14:11:16.404  2985  2985 I ViewRootImpl@88d560[LauncherActivity]:   fitSides= screenDimDuration=200000 naviIconColor=0}
07-22 14:11:16.404  2985  2985 I ViewRootImpl@88d560[LauncherActivity]: performTraversals mFirst=false windowShouldResize=false viewVisibilityChanged=true mForceNextWindowRelayout=false params={(0,0)(fillxfill) sim={adjust=nothing forwardNavigation} layoutInDisplayCutoutMode=shortEdges ty=BASE_APPLICATION fmt=TRANSPARENT wanim=0x10302f4
07-22 14:11:16.404  2985  2985 I ViewRootImpl@88d560[LauncherActivity]:   fl=81910100
07-22 14:11:16.404  2985  2985 I ViewRootImpl@88d560[LauncherActivity]:   pfl=1e020040
07-22 14:11:16.404  2985  2985 I ViewRootImpl@88d560[LauncherActivity]:   vsysui=1700
07-22 14:11:16.404  2985  2985 I ViewRootImpl@88d560[LauncherActivity]:   bhv=SHOW_TRANSIENT_BARS_BY_SWIPE
07-22 14:11:16.404  2985  2985 I ViewRootImpl@88d560[LauncherActivity]:   fitSides= screenDimDuration=200000 naviIconColor=0}
07-22 14:11:16.404  1523  5120 V WindowManager: Relayout Window{4aa2f9f u0 com.sec.android.app.launcher/com.sec.android.app.launcher.activities.LauncherActivity}: viewVisibility=0 req=1080x2340 d0
07-22 14:11:16.404  1523  5120 D RestrictionPolicy: isScreenCaptureEnabled : ret=true userId=0
07-22 14:11:16.405  2985  3327 I LiveIconUpdateEventHandler: cancelDateChangeAlarm
07-22 14:11:16.405  1173  1435 I SurfaceFlinger: id=66080 createSurf flag=40004, com.sec.android.app.launcher/com.sec.android.app.launcher.activities.LauncherActivity$_4652#66080
07-22 14:11:16.405  2985  3327 I LiveIconUpdateEventHandler: setDateChangeAlarm Sun Jul 23 00:00:00 GMT+02:00 2023
07-22 14:11:16.405  1523  5120 D WindowManager: makeSurface duration=1 name=com.sec.android.app.launcher/com.sec.android.app.launcher.activities.LauncherActivity$_4652
07-22 14:11:16.406  2985  3327 I LiveIconViewUpdater: onUpdateLiveIcon - id : 38, itemType : 0
07-22 14:11:16.406  2985  3327 I LiveIconViewUpdater: onUpdateLiveIcon - id : 20, itemType : 0
07-22 14:11:16.406 14902 14902 I SAMSUNGWALLET: [Hint_PayHintService] Hint Status - already invisible, skip hide : [4000000] - 4000000
07-22 14:11:16.406  2985  3327 I LiveIconViewUpdater: onUpdateLiveIcon - id : 72, itemType : 0
07-22 14:11:16.406  2985  3327 I LiveIconViewUpdater: onUpdateLiveIcon - id : 75, itemType : 0
07-22 14:11:16.406  2985  3327 I LiveIconViewUpdater: onUpdateLiveIcon - id : -1, itemType : 0
07-22 14:11:16.406 14902 16049 I SAMSUNGWALLET: [ResetData] getSAResetDialogFlag : false
07-22 14:11:16.407  2985  3327 I SPayUpdater: updateSpayHandler, show = false, defaultPage = false
07-22 14:11:16.406  1523  4047 D SGM:GameManager: identifyGamePackage. com.sec.android.app.launcher, mCurrentUserId: 0, callerUserId: 0, callingMethodInfo: com.samsung.android.game.IGameManagerService$Stub.onTransact(IGameManagerService.java:233)
07-22 14:11:16.407  1523  4047 D SGM:PkgDataHelper: getGamePkgData(). com.sec.android.app.launcher
07-22 14:11:16.407  1523  1605 D SGM:GameManager: identifyGamePackage. com.sec.android.app.launcher, mCurrentUserId: 0, callerUserId: 0, callingMethodInfo: com.samsung.android.game.SemGameManager.isGamePackage(SemGameManager.java:104)
07-22 14:11:16.407  1523  5120 V WindowManager: Relayout hash=4aa2f9f, pid=4652, syncId=-1: mAttrs={(0,0)(fillxfill) gr=LEFT CENTER_HORIZONTAL sim={adjust=resize} layoutInDisplayCutoutMode=shortEdges ty=DRAWN_APPLICATION fmt=TRANSPARENT wanim=0x10302f4 alpha=0.0
07-22 14:11:16.407  1523  5120 V WindowManager:   fl=81850118
07-22 14:11:16.407  1523  5120 V WindowManager:   pfl=16020040
07-22 14:11:16.407  1523  5120 V WindowManager:   vsysui=2010
07-22 14:11:16.407  1523  5120 V WindowManager:   bhv=DEFAULT
07-22 14:11:16.407  1523  5120 V WindowManager:   fitSides=
07-22 14:11:16.407  1523  5120 V WindowManager:  dimAmount=0.0 screenDimDuration=200000 naviIconColor=0}
07-22 14:11:16.407  1523  2515 V WindowManager: Relayout Window{cf7c043 u0 com.sec.android.app.launcher/com.sec.android.app.launcher.activities.LauncherActivity}: viewVisibility=0 req=1080x2340 d0
07-22 14:11:16.407  1523  2515 D RestrictionPolicy: isScreenCaptureEnabled : ret=true userId=0
07-22 14:11:16.407  1523  1605 D SGM:PkgDataHelper: getGamePkgData(). com.sec.android.app.launcher
07-22 14:11:16.407  4763  5083 D KnoxHelper: getActivityList callingUserId: 0, target user: 0
07-22 14:11:16.407  1523  1605 D SGM:SemGameManager: isGamePackage(), pkgName=com.sec.android.app.launcher, ret=false
07-22 14:11:16.408  4652  4652 D InsetsController: onStateChanged: InsetsState: {mDisplayFrame=Rect(0, 0 - 1080, 2340), mDisplayCutout=DisplayCutout{insets=Rect(0, 81 - 0, 0) waterfall=Insets{left=0, top=0, right=0, bottom=0} boundingRect={Bounds=[Rect(0, 0 - 0, 0), Rect(512, 0 - 568, 81), Rect(0, 0 - 0, 0), Rect(0, 0 - 0, 0)]} cutoutPathParserInfo={CutoutPathParserInfo{displayWidth=1080 displayHeight=2340 physicalDisplayWidth=1080 physicalDisplayHeight=2340 density={3.0} cutoutSpec={M 0,0 H -9.333333333333333 V 27 H 9.333333333333333 V 0 H 0 Z @dp} rotation={0} scale={1.0} physicalPixelDisplaySizeRatio={1.0}}}}, mRoundedCorners=RoundedCorners{[RoundedCorner{position=TopLeft, radius=108, center=Point(108, 108)}, RoundedCorner{position=TopRight, radius=108, center=Point(972, 108)}, RoundedCorner{position=BottomRight, radius=108, center=Point(972, 2232)}, RoundedCorner{position=BottomLeft, radius=108, center=Point(108, 2232)}]}  mRoundedCornerFrame=Rect(0, 0 - 1080, 2340), mPrivacyIndicatorBounds=PrivacyIndicatorBounds {static bounds=Rect(939, 0 - 1080, 81) rotation=0}, mSources= { InsetsSource: {mType=ITYPE_STATUS_BAR, mFrame=[0,0][1080,81], mVisible=true, mInsetsRoundedCornerFrame=false}, InsetsSource: {mType=ITYPE_NAVIGATION_BAR, mFrame=[0,2187][1080,2340], mVisible=true, mInsetsRoundedCornerFrame=false}, InsetsSource: {mType=ITYPE_LEFT_GESTURES, mFrame=[0,0][0,2340], mVisible=true, mInsetsRoundedCornerFrame=false}, InsetsSource: {mType=ITYPE_RIGHT_GESTURES, mFrame=[1080,0][1080,2340], mVisible=true, mInsetsRoundedCornerFrame=false}, InsetsSource: {mType=ITYPE_TOP_MANDATORY_GESTURES, mFrame=[0,0][1080,119], mVisible=true, mInsetsRoundedCornerFrame=false}, InsetsSource: {mType=ITYPE_BOTTOM_MANDATORY_GESTURES, mFrame=[0,2187][1080,2340], mVisible=true, mInsetsRoundedCornerFrame=false}, InsetsSource: {mType=ITYPE_LEFT_DISPLAY_CUTOUT, mFrame=[0,0][-100000,2340], mVisible=true, mInsetsRoundedCornerFrame=false}, InsetsSource: {mType=ITYPE_TOP_DISPLAY_CUTOUT, mFrame=[0,0][1080,81], mVisible=true, mInsetsRoundedCornerFrame=false}, InsetsSource: {mType=ITYPE_RIGHT_DISPLAY_CUTOUT, mFrame=[100000,0][1080,2340], mVisible=true, mInsetsRoundedCornerFrame=false}, InsetsSource: {mType=ITYPE_BOTTOM_DISPLAY_CUTOUT, mFrame=[0,100000][1080,2340], mVisible=true, mInsetsRoundedCornerFrame=false}, InsetsSource: {mType=ITYPE_TOP_TAPPABLE_ELEMENT, mFrame=[0,0][1080,81], mVisible=true, mInsetsRoundedCornerFrame=false}, InsetsSource: {mType=ITYPE_BOTTOM_TAPPABLE_ELEMENT, mFrame=[0,2187][1080,2340], mVisible=true, mInsetsRoundedCornerFrame=false}, InsetsSource: {mType=ITYPE_IME, mFrame=[0,0][0,0], mVisibleFrame=[0,1297][1080,2340], mVisible=false, mInsetsRoundedCornerFrame=false} } host=com.sec.android.app.launcher/com.sec.android.app.launcher.activities.LauncherActivity from=android.view.ViewRootImpl.relayoutWindow:9802
07-22 14:11:16.408  1173  1435 I SurfaceFlinger: id=66081 createSurf flag=40004, com.sec.android.app.launcher/com.sec.android.app.launcher.activities.LauncherActivity$_2985#66081
07-22 14:11:16.408  1523  1605 I GameSDK@LifeCycle: noteResumeComponent(): package name  : com.sec.android.app.launcher
07-22 14:11:16.408 14902 14902 I SAMSUNGWALLET: [Hint_PayHintService] onReceive() action=com.sec.android.app.launcher.intent.action.UPDATE_SPAY_HANDLER
07-22 14:11:16.408  4652  4652 I ViewRootImpl@9a77b58[LauncherActivity]: updateBlastSurfaceIfNeeded mBlastBufferQueue=null isSameSurfaceControl=false
07-22 14:11:16.408  1523  2515 D WindowManager: makeSurface duration=1 name=com.sec.android.app.launcher/com.sec.android.app.launcher.activities.LauncherActivity$_2985
07-22 14:11:16.408 14902 14902 I SAMSUNGWALLET: [Hint_PayHintService] home change, s home : false , default : false , gesture : false , s result : false , prev : false
07-22 14:11:16.408  4652  4652 I BLASTBufferQueue: new BLASTBufferQueue, mName= ViewRootImpl@9a77b58[LauncherActivity] mNativeObject= 0xb4000071eff31630 sc.mNativeObject= 0xb40000717ff7aad0 caller= android.view.ViewRootImpl.updateBlastSurfaceIfNeeded:2909 android.view.ViewRootImpl.relayoutWindow:9847 android.view.ViewRootImpl.performTraversals:3884 android.view.ViewRootImpl.doTraversal:3116 android.view.ViewRootImpl$TraversalRunnable.run:10885 android.view.Choreographer$CallbackRecord.run:1301 android.view.Choreographer$CallbackRecord.run:1309 android.view.Choreographer.doCallbacks:923 android.view.Choreographer.doFrame:852 android.view.Choreographer$FrameDisplayEventReceiver.run:1283
07-22 14:11:16.408  4652  4652 I BLASTBufferQueue: update, w= 1080 h= 2340 mName = ViewRootImpl@9a77b58[LauncherActivity] mNativeObject= 0xb4000071eff31630 sc.mNativeObject= 0xb40000717ff7aad0 format= -2 caller= android.graphics.BLASTBufferQueue.<init>:84 android.view.ViewRootImpl.updateBlastSurfaceIfNeeded:2909 android.view.ViewRootImpl.relayoutWindow:9847 android.view.ViewRootImpl.performTraversals:3884 android.view.ViewRootImpl.doTraversal:3116 android.view.ViewRootImpl$TraversalRunnable.run:10885
07-22 14:11:16.408  9649  9704 I Rubin   : [1137] ha.e.m(SourceFile:6) : isSatisfiedByCmh is false
07-22 14:11:16.408  4652  4652 I ViewRootImpl@9a77b58[LauncherActivity]: Relayout returned: old=(0,0,1080,2340) new=(0,0,1080,2340) req=(1080,2340)0 dur=5 res=0x3 s={true 0xb40000727ff1e740} ch=true seqId=0
07-22 14:11:16.409  4763  5083 D KnoxHelper: getActivityList callingUserId: 0, target user: 0
07-22 14:11:16.409  4652  4652 I A       : (REDACTED) onApplyWindowInsets: systemWindowInsets=%s
07-22 14:11:16.409  4652  4652 I A       : (REDACTED) onApplyWindowInsets: systemWindowInsets=%s
07-22 14:11:16.409  4652  4652 I ViewRootImpl@9a77b58[LauncherActivity]: mThreadedRenderer.initialize() mSurface={isValid=true 0xb40000727ff1e740} hwInitialized=true
07-22 14:11:16.409  4652  4712 W vulkan  : CreateSwapchainKHR(VkSwapchainCreateInfoKHR.imageColorSpace = 1000104013) failed: Unsupported color space, but assume as Success for ANGLE.
07-22 14:11:16.409  4652  4652 I ViewRootImpl@9a77b58[LauncherActivity]: reportNextDraw android.view.ViewRootImpl.performTraversals:4438 android.view.ViewRootImpl.doTraversal:3116 android.view.ViewRootImpl$TraversalRunnable.run:10885 android.view.Choreographer$CallbackRecord.run:1301 android.view.Choreographer$CallbackRecord.run:1309
07-22 14:11:16.409  4652  4652 I ViewRootImpl@9a77b58[LauncherActivity]: Setup new sync id=19
07-22 14:11:16.409  1523  2515 V WindowManager: Changing focus from null to Window{cf7c043 u0 com.sec.android.app.launcher/com.sec.android.app.launcher.activities.LauncherActivity} displayId=0 Callers=com.android.server.wm.RootWindowContainer.updateFocusedWindowLocked:595 com.android.server.wm.WindowManagerService.updateFocusedWindowLocked:6803 com.android.server.wm.WindowManagerService.relayoutWindow:2813 com.android.server.wm.Session.relayout:274
07-22 14:11:16.409  4652  4652 I ViewRootImpl@9a77b58[LauncherActivity]: Setting syncFrameCallback
07-22 14:11:16.409  4652  4652 I ViewRootImpl@9a77b58[LauncherActivity]: registerCallbacksForSync syncBuffer=false
07-22 14:11:16.410  1523  2515 I WindowManager: Cancelling animation restarting=true, leash=Surface(name=Surface(name=6d87e47 StatusBar)/@0xd3705d - animation-leash of insets_animation)/@0x9e962ed
07-22 14:11:16.410  1523  2515 I WindowManager: Reparenting to original parent: Surface(name=WindowToken{f1ba586 type=2000 android.os.BinderProxy@e7fe5c8})/@0xb315dd2, destroy=false, surface=Surface(name=6d87e47 StatusBar)/@0xd3705d
07-22 14:11:16.410  1523  2515 I WindowManager: Reparenting to leash, surface=Surface(name=6d87e47 StatusBar)/@0xd3705d, leashParent=Surface(name=WindowToken{f1ba586 type=2000 android.os.BinderProxy@e7fe5c8})/@0xb315dd2
07-22 14:11:16.410  4652  4712 D OpenGLRenderer: eglCreateWindowSurface
07-22 14:11:16.410  2985  3326 I Launcher.NotificationListener: notificationIsValidForUI : com.facebook.orca missingTitleAndText : false isGroupHeader : false
07-22 14:11:16.410  2985  3326 I Launcher.NotificationListener: notificationIsValidForUI : com.einnovation.temu missingTitleAndText : true isGroupHeader : true
07-22 14:11:16.410  2985  3326 I Launcher.NotificationListener: notificationIsValidForUI : com.einnovation.temu missingTitleAndText : false isGroupHeader : false
07-22 14:11:16.410  2985  3326 I Launcher.NotificationListener: notificationIsValidForUI : com.einnovation.temu missingTitleAndText : false isGroupHeader : false
07-22 14:11:16.410  2985  3326 I Launcher.NotificationListener: notificationIsValidForUI : com.google.android.apps.photos missingTitleAndText : true isGroupHeader : true
07-22 14:11:16.410  2985  3326 I Launcher.NotificationListener: notificationIsValidForUI : com.google.android.apps.photos missingTitleAndText : false isGroupHeader : false
07-22 14:11:16.411  2985  3326 I Launcher.NotificationListener: notificationIsValidForUI : com.orange.mail.fr missingTitleAndText : false isGroupHeader : false
07-22 14:11:16.411  2985  3326 I Launcher.NotificationListener: notificationIsValidForUI : com.google.android.gm missingTitleAndText : false isGroupHeader : true
07-22 14:11:16.411  2985  3326 I Launcher.NotificationListener: notificationIsValidForUI : com.google.android.gm missingTitleAndText : false isGroupHeader : false
07-22 14:11:16.411  2985  3326 I Launcher.NotificationListener: notificationIsValidForUI : com.microsoft.office.officehubrow missingTitleAndText : false isGroupHeader : false
07-22 14:11:16.411  2985  3326 I Launcher.NotificationListener: notificationIsValidForUI : com.google.android.gm missingTitleAndText : false isGroupHeader : true
07-22 14:11:16.411  2985  3326 I Launcher.NotificationListener: notificationIsValidForUI : com.google.android.gm missingTitleAndText : false isGroupHeader : false
07-22 14:11:16.411  2985  3326 I Launcher.NotificationListener: notificationIsValidForUI : com.google.android.gm missingTitleAndText : false isGroupHeader : true
07-22 14:11:16.411  2985  3326 I Launcher.NotificationListener: notificationIsValidForUI : com.google.android.gm missingTitleAndText : false isGroupHeader : false
07-22 14:11:16.411  2985  3326 I Launcher.NotificationListener: notificationIsValidForUI : com.google.android.gm missingTitleAndText : false isGroupHeader : false
07-22 14:11:16.411  1173  1235 I SurfaceFlinger: id=66082 createSurf flag=24000, Surface(name=6d87e47 StatusBar)/@0xd3705d - animation-leash of insets_animation#66082
07-22 14:11:16.411  2985  3326 I Launcher.NotificationListener: notificationIsValidForUI : com.google.android.gm missingTitleAndText : false isGroupHeader : false
07-22 14:11:16.411  2985  3326 I Launcher.NotificationListener: notificationIsValidForUI : com.google.android.gm missingTitleAndText : false isGroupHeader : false
07-22 14:11:16.411  2985  3326 I Launcher.NotificationListener: notificationIsValidForUI : com.google.android.gm missingTitleAndText : false isGroupHeader : false
07-22 14:11:16.411  2985  3326 I Launcher.NotificationListener: notificationIsValidForUI : com.google.android.gm missingTitleAndText : false isGroupHeader : false
07-22 14:11:16.411  2985  3326 I Launcher.NotificationListener: notificationIsValidForUI : com.android.chrome missingTitleAndText : false isGroupHeader : false
07-22 14:11:16.411  2985  3326 I Launcher.NotificationListener: notificationIsValidForUI : com.android.vending missingTitleAndText : false isGroupHeader : false
07-22 14:11:16.411  2985  3326 I Launcher.NotificationListener: Full refresh isConnected : true active size : 16
07-22 14:11:16.411  4763  5083 D KnoxHelper: getActivityList callingUserId: 0, target user: 0
07-22 14:11:16.412  1523  2515 D WindowManager: makeSurface duration=2 leash=Surface(name=Surface(name=6d87e47 StatusBar)/@0xd3705d - animation-leash of insets_animation)/@0xc84a748
07-22 14:11:16.412  1523  2515 I WindowManager: Cancelling animation restarting=true, leash=Surface(name=Surface(name=c539fec NavigationBar0)/@0x541e0a3 - animation-leash of insets_animation)/@0xe123bb3
07-22 14:11:16.412  1523  2515 I WindowManager: Reparenting to original parent: Surface(name=WindowToken{6cf629f type=2019 android.os.BinderProxy@576bcf9})/@0x907fa0, destroy=false, surface=Surface(name=c539fec NavigationBar0)/@0x541e0a3
07-22 14:11:16.412  1523  2515 I WindowManager: Reparenting to leash, surface=Surface(name=c539fec NavigationBar0)/@0x541e0a3, leashParent=Surface(name=WindowToken{6cf629f type=2019 android.os.BinderProxy@576bcf9})/@0x907fa0
07-22 14:11:16.412  1173  1235 I SurfaceFlinger: id=66083 createSurf flag=24000, Surface(name=c539fec NavigationBar0)/@0x541e0a3 - animation-leash of insets_animation#66083
07-22 14:11:16.412  1523  2515 D WindowManager: makeSurface duration=0 leash=Surface(name=Surface(name=c539fec NavigationBar0)/@0x541e0a3 - animation-leash of insets_animation)/@0xe760306
07-22 14:11:16.413  4763  5083 D KnoxHelper: getActivityList callingUserId: 0, target user: 0
07-22 14:11:16.413  1523  2515 D WindowManager: updateSystemBarAttributes: displayId=0, win=Window{cf7c043 u0 com.sec.android.app.launcher/com.sec.android.app.launcher.activities.LauncherActivity}, navColorWin=null, focusedCanBeNavColorWin=false, behavior=2, appearance=0, statusBarAppearanceRegions=[], requestedVisibilities=ITYPE_STATUS_BAR: visible, ITYPE_CLIMATE_BAR: visible, from=com.android.server.wm.DisplayPolicy.focusChangedLw:3245 com.android.server.wm.DisplayContent.updateFocusedWindowLocked:4632 com.android.server.wm.RootWindowContainer.updateFocusedWindowLocked:595
07-22 14:11:16.413  4652  4723 I ViewRootImpl@9a77b58[LauncherActivity]: Received frameDrawingCallback syncResult=0 frameNum=1.
07-22 14:11:16.413  4652  4723 I ViewRootImpl@9a77b58[LauncherActivity]: Setting up sync and frameCommitCallback
07-22 14:11:16.413  1523  2515 D StatusBarManagerService: notifyRequestedSystemKey recent=false home=false
07-22 14:11:16.413  4652  4712 I BLASTBufferQueue: [ViewRootImpl@9a77b58[LauncherActivity]#19](f:0,a:0) onFrameAvailable the first frame is available
07-22 14:11:16.413  1523  2515 V WindowManager: Relayout hash=cf7c043, pid=2985, syncId=-1: mAttrs={(0,0)(fillxfill) sim={adjust=nothing forwardNavigation} layoutInDisplayCutoutMode=shortEdges ty=BASE_APPLICATION fmt=TRANSPARENT wanim=0x10302f4
07-22 14:11:16.413  1523  2515 V WindowManager:   fl=81910100
07-22 14:11:16.413  1523  2515 V WindowManager:   pfl=1e020040
07-22 14:11:16.413  1523  2515 V WindowManager:   vsysui=1700
07-22 14:11:16.413  1523  2515 V WindowManager:   bhv=SHOW_TRANSIENT_BARS_BY_SWIPE
07-22 14:11:16.413  1523  2515 V WindowManager:   fitSides= screenDimDuration=200000 naviIconColor=0}
07-22 14:11:16.413  1523  1605 D SGM:FgCheckThread: noteResumeComponent(), received pkgName: com.sec.android.app.launcher, userId: 0
07-22 14:11:16.414  4652  4712 I ViewRootImpl@9a77b58[LauncherActivity]: Received frameCommittedCallback lastAttemptedDrawFrameNum=1 didProduceBuffer=true
07-22 14:11:16.414  1523  3414 I MediaSessionMonitor: Media session stopped : controllerList empty
07-22 14:11:16.414  1523  1523 I CocktailBarManagerServiceContainer: handleMessage: entry what = 5
07-22 14:11:16.414  1523  1873 D SGM:FgCheckThread: onLooperPrepared(), msg: MSG_APP_RESUME, pkgName: com.sec.android.app.launcher, userid: 0
07-22 14:11:16.414  1523  1873 D SGM:FgCheckThread: handleResume().
07-22 14:11:16.415  1523  1873 D SGM:FgCheckThread: sendFocusOutConditionally() - mPrevNotiPkg: com.samsung.android.game.gamehome, userId: 0
07-22 14:11:16.415  1523  1873 D SGM:FgCheckThread:   handleResume(). pkgName: com.sec.android.app.launcher, userId: 0, isTunableApp: null
07-22 14:11:16.415  1523  1873 D SGM:FgCheckThread: notifyFocusInOut(). of pkg: com.sec.android.app.launcher, type: 4, isTunableApp: false, userId: 0
07-22 14:11:16.415  4652  4652 I ViewRootImpl@9a77b58[LauncherActivity]: onSyncComplete
07-22 14:11:16.415  1523  1873 D SGM:FgCheckThread:   notifyFocusInOut(). do nothing. mKillNotiCount: 1
07-22 14:11:16.415  1523  1873 D SGM:SystemHelper: callReleaseBlock needReleaseBlock:false
07-22 14:11:16.415  4652  4652 I ViewRootImpl@9a77b58[LauncherActivity]: setupSync seqId=0 mSyncId=19 fn=1 caller=android.view.ViewRootImpl$$ExternalSyntheticLambda11.accept:6 android.window.SurfaceSyncer.lambda$setupSync$1$android-window-SurfaceSyncer:128 android.window.SurfaceSyncer$$ExternalSyntheticLambda1.accept:8 android.window.SurfaceSyncer$SyncSet.checkIfSyncIsComplete:382 android.window.SurfaceSyncer$SyncSet.markSyncReady:359 android.window.SurfaceSyncer.markSyncReady:151 android.view.ViewRootImpl.performTraversals:4503
07-22 14:11:16.415  4652  4652 I ViewRootImpl@9a77b58[LauncherActivity]: reportDrawFinished seqId=0 mSyncId=-1 fn=1 mSurfaceChangedTransaction=0xb4000071afefabf0
07-22 14:11:16.415  4652  4652 I A       : onResume
07-22 14:11:16.415  1523  5112 D WindowManager: finishDrawingWindow: Window{4aa2f9f u0 com.sec.android.app.launcher/com.sec.android.app.launcher.activities.LauncherActivity} mDrawState=DRAW_PENDING seqId=0
07-22 14:11:16.416  1523  1605 D PowerManagerService: [api] setScreenDimDurationOverrideFromWindowManagerInternal: timeoutMillis: 200000
07-22 14:11:16.416  2985  3876 I TouchInteractionService: onSystemUiStateChanged, stateFlags : 0 |
07-22 14:11:16.416  4985  4985 I ActivityUtils: HomePackage : com.sec.android.app.launcher, resumePackageName : com.sec.android.app.launcher
07-22 14:11:16.417  2985  2985 I ViewRootImpl@88d560[LauncherActivity]: updateBlastSurfaceIfNeeded mBlastBufferQueue=null isSameSurfaceControl=false
07-22 14:11:16.417 14902 16049 I SAMSUNGWALLET: [Hint_d] isHomePackageRunning topPkgName = com.sec.android.app.launcher, topClsName = com.android.launcher3.uioverrides.QuickstepLauncher, return true , se : true
07-22 14:11:16.417  2985  2985 I BLASTBufferQueue: new BLASTBufferQueue, mName= ViewRootImpl@88d560[LauncherActivity] mNativeObject= 0xb4000071eff73350 sc.mNativeObject= 0xb40000717ff41ea0 caller= android.view.ViewRootImpl.updateBlastSurfaceIfNeeded:2909 android.view.ViewRootImpl.relayoutWindow:9847 android.view.ViewRootImpl.performTraversals:3884 android.view.ViewRootImpl.doTraversal:3116 android.view.ViewRootImpl$TraversalRunnable.run:10885 android.view.Choreographer$CallbackRecord.run:1301 android.view.Choreographer$CallbackRecord.run:1309 android.view.Choreographer.doCallbacks:923 android.view.Choreographer.doFrame:852 android.view.Choreographer$FrameDisplayEventReceiver.run:1283
07-22 14:11:16.417  2985  2985 I BLASTBufferQueue: update, w= 1080 h= 2340 mName = ViewRootImpl@88d560[LauncherActivity] mNativeObject= 0xb4000071eff73350 sc.mNativeObject= 0xb40000717ff41ea0 format= -2 caller= android.graphics.BLASTBufferQueue.<init>:84 android.view.ViewRootImpl.updateBlastSurfaceIfNeeded:2909 android.view.ViewRootImpl.relayoutWindow:9847 android.view.ViewRootImpl.performTraversals:3884 android.view.ViewRootImpl.doTraversal:3116 android.view.ViewRootImpl$TraversalRunnable.run:10885
07-22 14:11:16.417  2985  2985 I ViewRootImpl@88d560[LauncherActivity]: Relayout returned: old=(0,0,1080,2340) new=(0,0,1080,2340) req=(1080,2340)0 dur=13 res=0x3 s={true 0xb40000728056e4b0} ch=true seqId=0
07-22 14:11:16.417  2985  2985 I ViewRootImpl@88d560[LauncherActivity]: mThreadedRenderer.initialize() mSurface={isValid=true 0xb40000728056e4b0} hwInitialized=true
07-22 14:11:16.417  2985  5092 W vulkan  : CreateSwapchainKHR(VkSwapchainCreateInfoKHR.imageColorSpace = 1000104013) failed: Unsupported color space, but assume as Success for ANGLE.
07-22 14:11:16.418  2985  2985 I ViewRootImpl@88d560[LauncherActivity]: reportNextDraw android.view.ViewRootImpl.performTraversals:4438 android.view.ViewRootImpl.doTraversal:3116 android.view.ViewRootImpl$TraversalRunnable.run:10885 android.view.Choreographer$CallbackRecord.run:1301 android.view.Choreographer$CallbackRecord.run:1309
07-22 14:11:16.418  2985  2985 I ViewRootImpl@88d560[LauncherActivity]: Setup new sync id=832
07-22 14:11:16.418  2985  2985 I ViewRootImpl@88d560[LauncherActivity]: Setting syncFrameCallback
07-22 14:11:16.418  2985  2985 I ViewRootImpl@88d560[LauncherActivity]: registerCallbacksForSync syncBuffer=false
07-22 14:11:16.418  1523  1620 I ActivityManager: updateOomAdj start time is before than pendingPid added, don't delete it
07-22 14:11:16.418  4807  4807 I GsaVoiceInteractionSrv: Handling ACTION_START_HOTWORD
07-22 14:11:16.419 14902 14902 I SAMSUNGWALLET: [Hint_PayHintService] Hint Status - already invisible, skip hide : [4000000] - 4000000
07-22 14:11:16.419  1173  1173 I Layer   : id=66070 removeFromCurrentState Surface(name=6d87e47 StatusBar)/@0xd3705d - animation-leash of insets_animation#66070 (123)
07-22 14:11:16.419  1173  1173 I Layer   : id=66071 removeFromCurrentState Surface(name=c539fec NavigationBar0)/@0x541e0a3 - animation-leash of insets_animation#66071 (123)
07-22 14:11:16.419  1173  1173 I SurfaceFlinger: [cf7c043 com.sec.android.app.launcher/com.sec.android.app.launcher.activities.LauncherActivity#20508] FrameRatePriority: 1
07-22 14:11:16.419  1173  1173 D SurfaceFlinger: [input] inputWindowCommands.focusRequests size is 1
07-22 14:11:16.419  1173  1173 I SurfaceFlinger: id=66070 Removed Surface(name=6d87e47 StatusBar)/@0xd3705d - animation-leash of insets_animation#66070 (123)
07-22 14:11:16.419  1173  1173 I SurfaceFlinger: id=66071 Removed Surface(name=c539fec NavigationBar0)/@0x541e0a3 - animation-leash of insets_animation#66071 (123)
07-22 14:11:16.420  1173  1173 I Layer   : id=66070 Destroyed Surface(name=6d87e47 StatusBar)/@0xd3705d - animation-leash of insets_animation#66070
07-22 14:11:16.420  1173  1173 I Layer   : id=66071 Destroyed Surface(name=c539fec NavigationBar0)/@0x541e0a3 - animation-leash of insets_animation#66071
07-22 14:11:16.420  1173  1297 D SurfaceFlinger: [input] setFocusedWindow: cf7c043 com.sec.android.app.launcher/com.sec.android.app.launcher.activities.LauncherActivity
07-22 14:11:16.420  4807  5499 I GsaVoiceInteractionSrv: (REDACTED) disregardHotwordSetting: %b
07-22 14:11:16.421  4763  5083 D KnoxHelper: getActivityList callingUserId: 0, target user: 0
07-22 14:11:16.421  4807  5499 I GsaVoiceInteractionSrv: Cannot start hotword, hotword has been explicitly disabled.
07-22 14:11:16.421  1523  2515 I ActivityManager: updateOomAdj start time is before than pendingPid added, don't delete it
07-22 14:11:16.422  2985  5886 I ViewRootImpl@88d560[LauncherActivity]: Received frameDrawingCallback syncResult=0 frameNum=1.
07-22 14:11:16.422  2985  5886 I ViewRootImpl@88d560[LauncherActivity]: Setting up sync and frameCommitCallback
07-22 14:11:16.422  1523  5120 D InputDispatcher: Focus request (0): cf7c043 com.sec.android.app.launcher/com.sec.android.app.launcher.activities.LauncherActivity but waiting because NO_WINDOW
07-22 14:11:16.422  4763  5083 D KnoxHelper: getActivityList callingUserId: 0, target user: 0
07-22 14:11:16.423  4763  5083 D KnoxHelper: getActivityList callingUserId: 0, target user: 0
07-22 14:11:16.423  4763  5083 D KnoxHelper: getActivityList callingUserId: 0, target user: 0
07-22 14:11:16.423  4763  5083 D KnoxHelper: getActivityList callingUserId: 0, target user: 0
07-22 14:11:16.424  4763  5083 D KnoxHelper: getActivityList callingUserId: 0, target user: 0
07-22 14:11:16.424  2985  5092 I BLASTBufferQueue: [ViewRootImpl@88d560[LauncherActivity]#1070](f:0,a:0) onFrameAvailable the first frame is available
07-22 14:11:16.425  4763  5083 D KnoxHelper: getActivityList callingUserId: 0, target user: 0
07-22 14:11:16.425  2985  5092 I ViewRootImpl@88d560[LauncherActivity]: Received frameCommittedCallback lastAttemptedDrawFrameNum=1 didProduceBuffer=true
07-22 14:11:16.425  2985  2985 I ViewRootImpl@88d560[LauncherActivity]: onSyncComplete
07-22 14:11:16.425  2985  2985 I ViewRootImpl@88d560[LauncherActivity]: setupSync seqId=0 mSyncId=832 fn=1 caller=android.view.ViewRootImpl$$ExternalSyntheticLambda11.accept:6 android.window.SurfaceSyncer.lambda$setupSync$1$android-window-SurfaceSyncer:128 android.window.SurfaceSyncer$$ExternalSyntheticLambda1.accept:8 android.window.SurfaceSyncer$SyncSet.checkIfSyncIsComplete:382 android.window.SurfaceSyncer$SyncSet.markSyncReady:359 android.window.SurfaceSyncer.markSyncReady:151 android.view.ViewRootImpl.performTraversals:4503
07-22 14:11:16.425  2985  2985 I ViewRootImpl@88d560[LauncherActivity]: reportDrawFinished seqId=0 mSyncId=-1 fn=1 mSurfaceChangedTransaction=0xb4000071b00175f0
07-22 14:11:16.425  4763  5083 D KnoxHelper: getActivityList callingUserId: 0, target user: 0
07-22 14:11:16.425  2985  2985 I RecentsView: onTaskRemoved() taskId : 12620
07-22 14:11:16.425  2985  2985 I TopTaskTracker: onTaskRemoved : taskId = 12620
07-22 14:11:16.425  2985  2985 I RecentsView: onTaskRemoved() taskId : 12620
07-22 14:11:16.425  2985  2985 I TopTaskTracker: onTaskRemoved : taskId = 12620
07-22 14:11:16.425  1523  4047 D WindowManager: finishDrawingWindow: Window{cf7c043 u0 com.sec.android.app.launcher/com.sec.android.app.launcher.activities.LauncherActivity} mDrawState=DRAW_PENDING seqId=0
07-22 14:11:16.425  2985  2985 I Launcher.AppsViewCellLayout: com.android.homescreen.apptray.AppsViewCellLayout{ccad33c V.ED..... ........ 2124,81-3128,2087}[a=1.0,v=0,sId=2] setAlpha : 1.0
07-22 14:11:16.425  2985  2985 I PopupDataProvider: onNotificationFullRefresh prev dotInfoSize : 8
07-22 14:11:16.425  1523  1607 V WindowManager: Setting visibility of Window{d79ca5a u0 com.android.systemui.ImageWallpaper}: true, caller=com.android.server.wm.WindowContainer.sendAppVisibilityToClients:1246 com.android.server.wm.WindowToken.setClientVisible:431 com.android.server.wm.WallpaperWindowToken.setVisible:160 com.android.server.wm.WallpaperWindowToken.commitVisibility:202 com.android.server.wm.WallpaperWindowToken.setVisibility:187
07-22 14:11:16.426  2985  2985 I PopupDataProvider: refresh badge  package : com.microsoft.office.officehubrow count : 1
07-22 14:11:16.426  2985  2985 I PopupDataProvider: refresh badge  package : com.android.chrome count : 1
07-22 14:11:16.426  2985  2985 I PopupDataProvider: refresh badge  package : com.google.android.apps.photos count : 1
07-22 14:11:16.426  2985  2985 I PopupDataProvider: refresh badge  package : com.orange.mail.fr count : 5
07-22 14:11:16.426  2985  2985 I PopupDataProvider: refresh badge  package : com.google.android.gm count : 8
07-22 14:11:16.426  2985  2985 I PopupDataProvider: refresh badge  package : com.einnovation.temu count : 2
07-22 14:11:16.426  2985  2985 I PopupDataProvider: refresh badge  package : com.android.vending count : 1
07-22 14:11:16.426  2985  2985 I PopupDataProvider: refresh badge  package : com.facebook.orca count : 1
07-22 14:11:16.426  2431  4385 D WallpaperService: dispatchAppVisibility onVisibilityChanged(): true
07-22 14:11:16.426  2985  2985 I IconView: applyDotState itemInfo : Chrome display : 0 count : 1
07-22 14:11:16.426  2431  2431 D WallpaperService: updateSurface forceRelayout=true forceReport=false redrawNeeded=false myWidth=2340 myHeight=2340 fixedSize=true x = 0 y = 0 mWidth=2340 mHeight=2340 mIsSleepMode=false
07-22 14:11:16.426  2985  2985 I IconView: applyDotState itemInfo : PlayStore display : 0 count : 1
07-22 14:11:16.426  2985  2985 I IconView: applyDotState itemInfo : Messenger display : 0 count : 1
07-22 14:11:16.426  2431  2431 D WallpaperService: mDeviceHeight : 2340, mDeviceWidth : 1080,mDeviceRotation  : 0
07-22 14:11:16.426  2985  2985 I IconView: applyDotState itemInfo : Mail Orange display : 0 count : 5
07-22 14:11:16.426  2985  2985 I IconView: applyDotState itemInfo : Chrome display : 2 count : 1
07-22 14:11:16.426  2985  2985 I IconView: applyDotState itemInfo : Gmail display : 2 count : 8
07-22 14:11:16.426  2985  2985 I IconView: applyDotState itemInfo : Photos display : 2 count : 1
07-22 14:11:16.426  2985  2985 I IconView: applyDotState itemInfo : Microsoft 365 (Office) display : 2 count : 1
07-22 14:11:16.426  2985  2985 I IconView: applyDotState itemInfo : Chrome display : 101 count : 1
07-22 14:11:16.427  2985  2985 I IconView: applyDotState itemInfo : Gmail display : 101 count : 8
07-22 14:11:16.427  2985  2985 I IconView: applyDotState itemInfo : Photos display : 1 count : 1
07-22 14:11:16.427  2985  2985 I IconView: applyDotState itemInfo : Microsoft 365 (Office) display : 101 count : 1
07-22 14:11:16.427  2985  2985 I IconView: applyDotState itemInfo : PlayStore display : 1 count : 1
07-22 14:11:16.427  4763  5083 D KnoxHelper: getActivityList callingUserId: 0, target user: 0
07-22 14:11:16.427  2985  2985 I IconView: applyDotState itemInfo : Messenger display : 1 count : 1
07-22 14:11:16.427  2985  3326 I LauncherActivityInfo: Trying to load live icon for com.sec.android.app.clockpackage
07-22 14:11:16.427  1523  1607 D WindowManager: Loading animation for app transition. transit=TRANSIT_OLD_WALLPAPER_OPEN enter=true frame=Rect(0, 0 - 1080, 2340) insets=Rect(0, 81 - 0, 153) surfaceInsets=Rect(0, 0 - 0, 0)
07-22 14:11:16.427  2985  2985 I IconView: applyDotState itemInfo : Mail Orange display : 1 count : 5
07-22 14:11:16.427  2985  2985 I IconView: applyDotState itemInfo : Temu display : 1 count : 2
07-22 14:11:16.427  2985  2985 I RecentsAnimationDeviceState: setSystemUiFlags, stateFlags : 0
07-22 14:11:16.427  2985  2985 I TouchInteractionService: onSystemUiFlagsChanged, lastSysUIFlags : 131072
07-22 14:11:16.427  1523  1607 I WindowManager: Reparenting to leash, surface=Surface(name=Task=1)/@0xe759981, leashParent=Surface(name=DefaultTaskDisplayArea)/@0x79dda26
07-22 14:11:16.427  1173  1234 I SurfaceFlinger: id=66084 createSurf flag=24004, Surface(name=Task=1)/@0xe759981 - animation-leash of app_transition#66084
07-22 14:11:16.428  1173  1173 D Layer   : [SEC_SF_EFFECTS] setBlurRegions ## com.sec.android.app.launcher/com.sec.android.app.launcher.activities.LauncherActivity$_2985#66081 radius=150
07-22 14:11:16.428  1173  1173 D Layer   : GPIS:: requestGPIS
07-22 14:11:16.428  2985  2985 I Launcher.AppsViewCellLayout: com.android.homescreen.apptray.AppsViewCellLayout{ccad33c V.ED..... .......D 2124,81-3128,2087}[a=1.0,v=0,sId=2] setAlpha : 1.0
07-22 14:11:16.428  1523  1607 D WindowManager: makeSurface duration=1 leash=Surface(name=Surface(name=Task=1)/@0xe759981 - animation-leash of app_transition)/@0x5e0eff4
07-22 14:11:16.429  1523  1607 D ActivityTaskManager: mStartingWindow and mStartingData is null for token=ActivityRecord{2d972d7 u0 com.sec.android.app.launcher/.activities.LauncherActivity} t11905}
07-22 14:11:16.429  1523  1607 V WindowManager: performShowLocked: mDrawState=HAS_DRAWN in Window{cf7c043 u0 com.sec.android.app.launcher/com.sec.android.app.launcher.activities.LauncherActivity}
07-22 14:11:16.429  1523  1607 V WindowManager: performShowLocked: mDrawState=HAS_DRAWN in Window{4aa2f9f u0 com.sec.android.app.launcher/com.sec.android.app.launcher.activities.LauncherActivity}
07-22 14:11:16.430  1523  1607 D WindowManager: updateSystemBarAttributes: displayId=0, win=Window{cf7c043 u0 com.sec.android.app.launcher/com.sec.android.app.launcher.activities.LauncherActivity}, navColorWin=Window{cf7c043 u0 com.sec.android.app.launcher/com.sec.android.app.launcher.activities.LauncherActivity}, focusedCanBeNavColorWin=false, behavior=2, appearance=0, statusBarAppearanceRegions=[AppearanceRegion{ bounds=[0,0][1080,2340]}], requestedVisibilities=ITYPE_STATUS_BAR: visible, ITYPE_CLIMATE_BAR: visible, from=com.android.server.wm.DisplayPolicy.finishPostLayoutPolicyLw:2527 com.android.server.wm.DisplayContent.applySurfaceChangesTransaction:5713 com.android.server.wm.RootWindowContainer.applySurfaceChangesTransaction:1234
07-22 14:11:16.431  1173  1173 D SurfaceFlinger: Display 4633128672291735999 HWC layers:
07-22 14:11:16.431  1173  1173 D SurfaceFlinger:      CLIENT | 0xb40000769698eed0 | 0100 | RGBA_8888    |    0.0  630.0 2340.0 1710.0 |    0    0 1080 2340 | Wallpaper BBQ wrapper#91
07-22 14:11:16.431  1173  1173 D SurfaceFlinger:      DEVICE | 0xb400007696986650 | 0100 | RGBA_8888    |    0.0    0.0 1080.0   81.0 |    0    0 1080   81 | StatusBar$_2431#99
07-22 14:11:16.431  1173  1173 D SurfaceFlinger:      DEVICE | 0xb400007696981250 | 0100 | RGBA_8888    |    0.0    0.0   67.0  341.0 | 1013  336 1080  677 | com.samsung.android.app.cocktailbars[...]rvice.CocktailBarService$_4985#65510
07-22 14:11:16.431  1173  1173 D SurfaceFlinger:      DEVICE | 0xb40000769698e0d0 | 0100 | RGBA_8888    |    0.0    0.0 1080.0  153.0 |    0 2187 1080 2340 | NavigationBar0$_2431#94
07-22 14:11:16.431  1173  1173 D SurfaceFlinger:
07-22 14:11:16.431  1523  1607 D ActivityTaskManager: mStartingWindow and mStartingData is null for token=ActivityRecord{2d972d7 u0 com.sec.android.app.launcher/.activities.LauncherActivity} t11905}
07-22 14:11:16.431  2431  2517 D Bubbles : onLocusVisibilityChanged: LocusId[17_chars] visible=true
07-22 14:11:16.432  4763  5083 D KnoxHelper: getActivityList callingUserId: 0, target user: 0
07-22 14:11:16.432  1523  2918 V WindowManager: Relayout Window{d79ca5a u0 com.android.systemui.ImageWallpaper}: viewVisibility=0 req=2340x2340 d0
07-22 14:11:16.433  4763  5083 D KnoxHelper: getActivityList callingUserId: 0, target user: 0
07-22 14:11:16.433  1523  1605 I ActivityManager: updateOomAdj start time is before than pendingPid added, don't delete it
07-22 14:11:16.433  1523  2918 V WindowManager: Relayout hash=d79ca5a, pid=2431, syncId=-1: mAttrs={(0,0)(2340x2340) gr=TOP START CENTER layoutInDisplayCutoutMode=always ty=WALLPAPER fmt=RGBX_8888 wanim=0x103031a
07-22 14:11:16.433  1523  2918 V WindowManager:   fl=14318
07-22 14:11:16.433  1523  2918 V WindowManager:   pfl=2000014
07-22 14:11:16.433  1523  2918 V WindowManager:   bhv=DEFAULT naviIconColor=0
07-22 14:11:16.433  1523  2918 V WindowManager:   sfl=8}
07-22 14:11:16.434  4763  5083 D KnoxHelper: getActivityList callingUserId: 0, target user: 0
